Archive member included to satisfy reference by file (symbol)

C:/Users/ashfa/.pico-sdk/toolchain/13_2_Rel1/bin/../lib/gcc/arm-none-eabi/13.2.1/thumb/v6-m/nofp\libgcc.a(_dvmd_tls.o)
                              CMakeFiles/PicOV.dir/C_/Users/ashfa/.pico-sdk/sdk/2.0.0/src/rp2_common/pico_divider/divider_hardware.S.obj (__aeabi_idiv0)
C:/Users/ashfa/.pico-sdk/toolchain/13_2_Rel1/bin/../lib/gcc/arm-none-eabi/13.2.1/thumb/v6-m/nofp\libg.a(libc_a-atoi.o)
                              CMakeFiles/PicOV.dir/src/main.c.obj (atoi)
C:/Users/ashfa/.pico-sdk/toolchain/13_2_Rel1/bin/../lib/gcc/arm-none-eabi/13.2.1/thumb/v6-m/nofp\libg.a(libc_a-calloc.o)
                              CMakeFiles/PicOV.dir/C_/Users/ashfa/.pico-sdk/sdk/2.0.0/src/rp2_common/pico_malloc/malloc.c.obj (calloc)
C:/Users/ashfa/.pico-sdk/toolchain/13_2_Rel1/bin/../lib/gcc/arm-none-eabi/13.2.1/thumb/v6-m/nofp\libg.a(libc_a-callocr.o)
                              C:/Users/ashfa/.pico-sdk/toolchain/13_2_Rel1/bin/../lib/gcc/arm-none-eabi/13.2.1/thumb/v6-m/nofp\libg.a(libc_a-calloc.o) (_calloc_r)
C:/Users/ashfa/.pico-sdk/toolchain/13_2_Rel1/bin/../lib/gcc/arm-none-eabi/13.2.1/thumb/v6-m/nofp\libg.a(libc_a-malloc.o)
                              CMakeFiles/PicOV.dir/C_/Users/ashfa/.pico-sdk/sdk/2.0.0/src/rp2_common/pico_malloc/malloc.c.obj (malloc)
C:/Users/ashfa/.pico-sdk/toolchain/13_2_Rel1/bin/../lib/gcc/arm-none-eabi/13.2.1/thumb/v6-m/nofp\libg.a(libc_a-mallocr.o)
                              C:/Users/ashfa/.pico-sdk/toolchain/13_2_Rel1/bin/../lib/gcc/arm-none-eabi/13.2.1/thumb/v6-m/nofp\libg.a(libc_a-callocr.o) (_malloc_r)
C:/Users/ashfa/.pico-sdk/toolchain/13_2_Rel1/bin/../lib/gcc/arm-none-eabi/13.2.1/thumb/v6-m/nofp\libg.a(libc_a-mlock.o)
                              C:/Users/ashfa/.pico-sdk/toolchain/13_2_Rel1/bin/../lib/gcc/arm-none-eabi/13.2.1/thumb/v6-m/nofp\libg.a(libc_a-mallocr.o) (__malloc_lock)
C:/Users/ashfa/.pico-sdk/toolchain/13_2_Rel1/bin/../lib/gcc/arm-none-eabi/13.2.1/thumb/v6-m/nofp\libg.a(libc_a-realloc.o)
                              CMakeFiles/PicOV.dir/C_/Users/ashfa/.pico-sdk/sdk/2.0.0/src/rp2_common/pico_malloc/malloc.c.obj (realloc)
C:/Users/ashfa/.pico-sdk/toolchain/13_2_Rel1/bin/../lib/gcc/arm-none-eabi/13.2.1/thumb/v6-m/nofp\libg.a(libc_a-reallocr.o)
                              C:/Users/ashfa/.pico-sdk/toolchain/13_2_Rel1/bin/../lib/gcc/arm-none-eabi/13.2.1/thumb/v6-m/nofp\libg.a(libc_a-realloc.o) (_realloc_r)
C:/Users/ashfa/.pico-sdk/toolchain/13_2_Rel1/bin/../lib/gcc/arm-none-eabi/13.2.1/thumb/v6-m/nofp\libg.a(libc_a-strtol.o)
                              C:/Users/ashfa/.pico-sdk/toolchain/13_2_Rel1/bin/../lib/gcc/arm-none-eabi/13.2.1/thumb/v6-m/nofp\libg.a(libc_a-atoi.o) (_strtol_r)
C:/Users/ashfa/.pico-sdk/toolchain/13_2_Rel1/bin/../lib/gcc/arm-none-eabi/13.2.1/thumb/v6-m/nofp\libg.a(libc_a-ctype_.o)
                              CMakeFiles/PicOV.dir/C_/Users/ashfa/.pico-sdk/sdk/2.0.0/lib/tinyusb/src/tusb.c.obj (_ctype_)
C:/Users/ashfa/.pico-sdk/toolchain/13_2_Rel1/bin/../lib/gcc/arm-none-eabi/13.2.1/thumb/v6-m/nofp\libg.a(libc_a-memcmp.o)
                              CMakeFiles/PicOV.dir/C_/Users/ashfa/.pico-sdk/sdk/2.0.0/src/rp2_common/pico_atomic/atomic.c.obj (memcmp)
C:/Users/ashfa/.pico-sdk/toolchain/13_2_Rel1/bin/../lib/gcc/arm-none-eabi/13.2.1/thumb/v6-m/nofp\libg.a(libc_a-memmove.o)
                              C:/Users/ashfa/.pico-sdk/toolchain/13_2_Rel1/bin/../lib/gcc/arm-none-eabi/13.2.1/thumb/v6-m/nofp\libg.a(libc_a-reallocr.o) (memmove)
C:/Users/ashfa/.pico-sdk/toolchain/13_2_Rel1/bin/../lib/gcc/arm-none-eabi/13.2.1/thumb/v6-m/nofp\libg.a(libc_a-strncpy.o)
                              CMakeFiles/PicOV.dir/src/main.c.obj (strncpy)
C:/Users/ashfa/.pico-sdk/toolchain/13_2_Rel1/bin/../lib/gcc/arm-none-eabi/13.2.1/thumb/v6-m/nofp\libg.a(libc_a-strtok.o)
                              CMakeFiles/PicOV.dir/src/main.c.obj (strtok)
C:/Users/ashfa/.pico-sdk/toolchain/13_2_Rel1/bin/../lib/gcc/arm-none-eabi/13.2.1/thumb/v6-m/nofp\libg.a(libc_a-strtok_r.o)
                              C:/Users/ashfa/.pico-sdk/toolchain/13_2_Rel1/bin/../lib/gcc/arm-none-eabi/13.2.1/thumb/v6-m/nofp\libg.a(libc_a-strtok.o) (__strtok_r)
C:/Users/ashfa/.pico-sdk/toolchain/13_2_Rel1/bin/../lib/gcc/arm-none-eabi/13.2.1/thumb/v6-m/nofp\libg.a(libc_a-lcltime_r.o)
                              CMakeFiles/PicOV.dir/C_/Users/ashfa/.pico-sdk/sdk/2.0.0/src/common/pico_util/datetime.c.obj (localtime_r)
C:/Users/ashfa/.pico-sdk/toolchain/13_2_Rel1/bin/../lib/gcc/arm-none-eabi/13.2.1/thumb/v6-m/nofp\libg.a(libc_a-mktime.o)
                              CMakeFiles/PicOV.dir/C_/Users/ashfa/.pico-sdk/sdk/2.0.0/src/common/pico_util/datetime.c.obj (mktime)
C:/Users/ashfa/.pico-sdk/toolchain/13_2_Rel1/bin/../lib/gcc/arm-none-eabi/13.2.1/thumb/v6-m/nofp\libg.a(libc_a-month_lengths.o)
[...]
Memory Configuration

Name             Origin             Length             Attributes
FLASH            0x10000000         0x00200000         xr
RAM              0x20000000         0x00040000         xrw
SCRATCH_X        0x20040000         0x00001000         xrw
SCRATCH_Y        0x20041000         0x00001000         xrw
*default*        0x00000000         0xffffffff

Linker script and memory map

LOAD C:/Users/ashfa/.pico-sdk/toolchain/13_2_Rel1/bin/../lib/gcc/arm-none-eabi/13.2.1/thumb/v6-m/nofp/crti.o
LOAD C:/Users/ashfa/.pico-sdk/toolchain/13_2_Rel1/bin/../lib/gcc/arm-none-eabi/13.2.1/thumb/v6-m/nofp/crtbegin.o
LOAD C:/Users/ashfa/.pico-sdk/toolchain/13_2_Rel1/bin/../lib/gcc/arm-none-eabi/13.2.1/thumb/v6-m/nofp/crt0.o

.flash_begin    0x10000000        0x0
                0x10000000                        __flash_binary_start = .

.boot2          0x10000000      0x100
                0x10000000                        __boot2_start__ = .
 *(.boot2)
 .boot2         0x10000000      0x100 C:\Users\ashfa\AppData\Local\Temp\ccQrEoru.o
                0x10000100                        __boot2_end__ = .
                0x00000001                        ASSERT (((__boot2_end__ - __boot2_start__) == 0x100), ERROR: Pico second stage bootloader must be 256 bytes in size)

.text           0x10000100     0x7fd8
                0x10000100                        __logical_binary_start = .
 *(.vectors)
 .vectors       0x10000100       0xd4 CMakeFiles/PicOV.dir/C_/Users/ashfa/.pico-sdk/sdk/2.0.0/src/rp2_common/pico_crt0/crt0.S.obj
                0x10000100                __VECTOR_TABLE
                0x10000100                __vectors
                0x100001c0                isr_invalid
                0x100001c0                __default_isrs_start
                0x100001c2                isr_nmi
                0x100001c4                isr_hardfault
                0x100001c6                isr_svcall
                0x100001c8                isr_pendsv
                0x100001ca                isr_systick
                0x100001cc                isr_irq23
                0x100001cc                isr_irq18
                0x100001cc                isr_irq11
                0x100001cc                isr_irq28
                0x100001cc                isr_irq19
                0x100001cc                isr_irq0
                0x100001cc                isr_irq6
                0x100001cc                isr_irq5
                0x100001cc                isr_irq12
                0x100001cc                isr_irq22
                0x100001cc                isr_irq31
                0x100001cc                isr_irq17
                0x100001cc                isr_irq27
                0x100001cc                isr_irq30
                0x100001cc                isr_irq2
                0x100001cc                isr_irq10
                0x100001cc                isr_irq8
                0x100001cc                isr_irq24
                0x100001cc                isr_irq1
                0x100001cc                isr_irq7
                0x100001cc                isr_irq21
                0x100001cc                isr_irq20
                0x100001cc                isr_irq15
                0x100001cc                isr_irq25
                0x100001cc                isr_irq13
                0x100001cc                __unhandled_user_irq
                0x100001cc                isr_irq4
                0x100001cc                isr_irq16
                0x100001cc                isr_irq29
                0x100001cc                isr_irq26
                0x100001cc                __default_isrs_end
                0x100001cc                isr_irq3
                0x100001cc                isr_irq14
                0x100001cc                isr_irq9
                0x100001d2                unhandled_user_irq_num_in_r0
 *(.binary_info_header)
 .binary_info_header
                0x100001d4       0x14 CMakeFiles/PicOV.dir/C_/Users/ashfa/.pico-sdk/sdk/2.0.0/src/rp2_common/pico_crt0/crt0.S.obj
                0x100001e8                        __binary_info_header_end = .
 *(.embedded_block)
                0x100001e8                        __embedded_block_end = .
 *(.reset)
 .reset         0x100001e8       0x9c CMakeFiles/PicOV.dir/C_/Users/ashfa/.pico-sdk/sdk/2.0.0/src/rp2_common/pico_crt0/crt0.S.obj
                0x100001e8                _entry_point
 *(.init)
 .init          0x10000284        0x4 C:/Users/ashfa/.pico-sdk/toolchain/13_2_Rel1/bin/../lib/gcc/arm-none-eabi/13.2.1/thumb/v6-m/nofp/crti.o
                0x10000284                _init
 *(EXCLUDE_FILE(*libm.a: *libc.a:*lib_a-mem*.o *libgcc.a:) .text*)
 .text.register_tm_clones
                0x10000288       0x28 C:/Users/ashfa/.pico-sdk/toolchain/13_2_Rel1/bin/../lib/gcc/arm-none-eabi/13.2.1/thumb/v6-m/nofp/crtbegin.o
 .text.frame_dummy
                0x100002b0       0x24 C:/Users/ashfa/.pico-sdk/toolchain/13_2_Rel1/bin/../lib/gcc/arm-none-eabi/13.2.1/thumb/v6-m/nofp/crtbegin.o
 .text.queue_init
                0x100002d4       0x1a CMakeFiles/PicOV.dir/src/main.c.obj
 *fill*         0x100002ee        0x2 
 .text.core1_entry
                0x100002f0       0x58 CMakeFiles/PicOV.dir/src/main.c.obj
 .text.ov_msg_parse
                0x10000348      0x198 CMakeFiles/PicOV.dir/src/main.c.obj
 .text.event_worker
                0x100004e0       0xb0 CMakeFiles/PicOV.dir/src/main.c.obj
 .text.main     0x10000590       0x78 CMakeFiles/PicOV.dir/src/main.c.obj
                0x10000590                main
 .text.pwm_set_chan_level
                0x10000608       0x40 CMakeFiles/PicOV.dir/src/ov2640.c.obj
 .text.pwm_set_gpio_level
                0x10000648       0x24 CMakeFiles/PicOV.dir/src/ov2640.c.obj
 .text.pio_get_default_sm_config
                0x1000066c       0x28 CMakeFiles/PicOV.dir/src/ov2640.c.obj
 .text.image_program_get_default_config
                0x10000694       0x24 CMakeFiles/PicOV.dir/src/ov2640.c.obj
 .text.channel_config_set_chain_to
                0x100006b8       0x30 CMakeFiles/PicOV.dir/src/ov2640.c.obj
 .text.dma_channel_get_default_config
                0x100006e8       0x74 CMakeFiles/PicOV.dir/src/ov2640.c.obj
 .text.channel_config_set_dreq
                0x1000075c       0x30 CMakeFiles/PicOV.dir/src/ov2640.c.obj
 .text.image_program_init
                0x1000078c       0x74 CMakeFiles/PicOV.dir/src/ov2640.c.obj
                0x1000078c                image_program_init
 .text.ov2640_capture_frame
                0x10000800       0xa4 CMakeFiles/PicOV.dir/src/ov2640.c.obj
                0x10000800                ov2640_capture_frame
 .text.ov2640_raw_write
                0x100008a4       0x28 CMakeFiles/PicOV.dir/src/ov2640.c.obj
                0x100008a4                ov2640_raw_write
 .text.ov2640_regs_write
                0x100008cc       0x2e CMakeFiles/PicOV.dir/src/ov2640.c.obj
 .text.ov2640_raw_read
                0x100008fa       0x32 CMakeFiles/PicOV.dir/src/ov2640.c.obj
                0x100008fa                ov2640_raw_read
 .text.ov2640_init
                0x1000092c      0x114 CMakeFiles/PicOV.dir/src/ov2640.c.obj
                0x1000092c                ov2640_init
 .text.tud_descriptor_device_cb
                0x10000a40        0x8 CMakeFiles/PicOV.dir/src/usb_descriptors.c.obj
                0x10000a40                tud_descriptor_device_cb
 .text.tud_descriptor_configuration_cb
                0x10000a48        0x8 CMakeFiles/PicOV.dir/src/usb_descriptors.c.obj
                0x10000a48                tud_descriptor_configuration_cb
 .text.tud_descriptor_string_cb
                0x10000a50       0x60 CMakeFiles/PicOV.dir/src/usb_descriptors.c.obj
                0x10000a50                tud_descriptor_string_cb
 .text.usb_cdc_write_msg
                0x10000ab0       0x34 CMakeFiles/PicOV.dir/src/usb_itf.c.obj
 .text.usb_cdc_read_msg
                0x10000ae4       0x3c CMakeFiles/PicOV.dir/src/usb_itf.c.obj
 .text.usb_itf_init
                0x10000b20       0x14 CMakeFiles/PicOV.dir/src/usb_itf.c.obj
                0x10000b20                usb_itf_init
 .text.usb_sendto_host
                0x10000b34       0x2a CMakeFiles/PicOV.dir/src/usb_itf.c.obj
                0x10000b34                usb_sendto_host
 .text.usb_recvfrom_host
                0x10000b5e        0xe CMakeFiles/PicOV.dir/src/usb_itf.c.obj
                0x10000b5e                usb_recvfrom_host
 .text.core1_trampoline
                0x10000b6c        0x2 CMakeFiles/PicOV.dir/C_/Users/ashfa/.pico-sdk/sdk/2.0.0/src/rp2_common/pico_multicore/multicore.c.obj
 .text.core1_wrapper
                0x10000b6e        0xc CMakeFiles/PicOV.dir/C_/Users/ashfa/.pico-sdk/sdk/2.0.0/src/rp2_common/pico_multicore/multicore.c.obj
                0x10000b6e                core1_wrapper
 .text.multicore_fifo_push_blocking
                0x10000b7a       0x14 CMakeFiles/PicOV.dir/C_/Users/ashfa/.pico-sdk/sdk/2.0.0/src/rp2_common/pico_multicore/multicore.c.obj
                0x10000b7a                multicore_fifo_push_blocking
 .text.multicore_fifo_pop_blocking
                0x10000b8e       0x16 CMakeFiles/PicOV.dir/C_/Users/ashfa/.pico-sdk/sdk/2.0.0/src/rp2_common/pico_multicore/multicore.c.obj
                0x10000b8e                multicore_fifo_pop_blocking
 .text.multicore_launch_core1_raw
                0x10000ba4       0x70 CMakeFiles/PicOV.dir/C_/Users/ashfa/.pico-sdk/sdk/2.0.0/src/rp2_common/pico_multicore/multicore.c.obj
                0x10000ba4                multicore_launch_core1_raw
 .text.multicore_launch_core1_with_stack
                0x10000c14       0x50 CMakeFiles/PicOV.dir/C_/Users/ashfa/.pico-sdk/sdk/2.0.0/src/rp2_common/pico_multicore/multicore.c.obj
                0x10000c14                multicore_launch_core1_with_stack
 .text.multicore_launch_core1
                0x10000c64       0x24 CMakeFiles/PicOV.dir/C_/Users/ashfa/.pico-sdk/sdk/2.0.0/src/rp2_common/pico_multicore/multicore.c.obj
                0x10000c64                multicore_launch_core1
 .text.lock_init
                0x10000c88       0x10 CMakeFiles/PicOV.dir/C_/Users/ashfa/.pico-sdk/sdk/2.0.0/src/common/pico_sync/lock_core.c.obj
                0x10000c88                lock_init
 .text.mutex_init
                0x10000c98       0x1a CMakeFiles/PicOV.dir/C_/Users/ashfa/.pico-sdk/sdk/2.0.0/src/common/pico_sync/mutex.c.obj
                0x10000c98                mutex_init
 .text.recursive_mutex_init
                0x10000cb2       0x1e CMakeFiles/PicOV.dir/C_/Users/ashfa/.pico-sdk/sdk/2.0.0/src/common/pico_sync/mutex.c.obj
                0x10000cb2                recursive_mutex_init
 .text.runtime_init_mutex
                0x10000cd0       0x4c CMakeFiles/PicOV.dir/C_/Users/ashfa/.pico-sdk/sdk/2.0.0/src/common/pico_sync/mutex.c.obj
                0x10000cd0                runtime_init_mutex
 .text.critical_section_init_with_lock_num
                0x10000d1c       0x14 CMakeFiles/PicOV.dir/C_/Users/ashfa/.pico-sdk/sdk/2.0.0/src/common/pico_sync/critical_section.c.obj
                0x10000d1c                critical_section_init_with_lock_num
 .text.critical_section_init
                0x10000d30       0x14 CMakeFiles/PicOV.dir/C_/Users/ashfa/.pico-sdk/sdk/2.0.0/src/common/pico_sync/critical_section.c.obj
                0x10000d30                critical_section_init
 .text.make_alarm_id
                0x10000d44        0x6 CMakeFiles/PicOV.dir/C_/Users/ashfa/.pico-sdk/sdk/2.0.0/src/common/pico_time/time.c.obj
 *fill*         0x10000d4a        0x2 
 .text.sleep_until_callback
                0x10000d4c       0x30 CMakeFiles/PicOV.dir/C_/Users/ashfa/.pico-sdk/sdk/2.0.0/src/common/pico_time/time.c.obj
 .text.alarm_pool_irq_handler
                0x10000d7c      0x2e0 CMakeFiles/PicOV.dir/C_/Users/ashfa/.pico-sdk/sdk/2.0.0/src/common/pico_time/time.c.obj
 .text.ta_enable_irq_handler
                0x1000105c       0x2c CMakeFiles/PicOV.dir/C_/Users/ashfa/.pico-sdk/sdk/2.0.0/src/common/pico_time/time.c.obj
 .text.alarm_pool_post_alloc_init
                0x10001088       0x78 CMakeFiles/PicOV.dir/C_/Users/ashfa/.pico-sdk/sdk/2.0.0/src/common/pico_time/time.c.obj
 .text.alarm_pool_get_default
                0x10001100       0x2c CMakeFiles/PicOV.dir/C_/Users/ashfa/.pico-sdk/sdk/2.0.0/src/common/pico_time/time.c.obj
                0x10001100                alarm_pool_get_default
 .text.alarm_pool_add_alarm_at_force_in_context
                0x1000112c       0xa4 CMakeFiles/PicOV.dir/C_/Users/ashfa/.pico-sdk/sdk/2.0.0/src/common/pico_time/time.c.obj
                0x1000112c                alarm_pool_add_alarm_at_force_in_context
 .text.alarm_pool_add_alarm_at
                0x100011d0       0x3c CMakeFiles/PicOV.dir/C_/Users/ashfa/.pico-sdk/sdk/2.0.0/src/common/pico_time/time.c.obj
                0x100011d0                alarm_pool_add_alarm_at
 .text.add_alarm_at
                0x1000120c       0x2e CMakeFiles/PicOV.dir/C_/Users/ashfa/.pico-sdk/sdk/2.0.0/src/common/pico_time/time.c.obj
 *fill*         0x1000123a        0x2 
 .text.alarm_pool_cancel_alarm
                0x1000123c       0x78 CMakeFiles/PicOV.dir/C_/Users/ashfa/.pico-sdk/sdk/2.0.0/src/common/pico_time/time.c.obj
                0x1000123c                alarm_pool_cancel_alarm
 .text.cancel_alarm
                0x100012b4       0x10 CMakeFiles/PicOV.dir/C_/Users/ashfa/.pico-sdk/sdk/2.0.0/src/common/pico_time/time.c.obj
 .text.sleep_until
                0x100012c4       0xc0 CMakeFiles/PicOV.dir/C_/Users/ashfa/.pico-sdk/sdk/2.0.0/src/common/pico_time/time.c.obj
                0x100012c4                sleep_until
 .text.sleep_us
                0x10001384       0x24 CMakeFiles/PicOV.dir/C_/Users/ashfa/.pico-sdk/sdk/2.0.0/src/common/pico_time/time.c.obj
                0x10001384                sleep_us
 .text.sleep_ms
                0x100013a8       0x14 CMakeFiles/PicOV.dir/C_/Users/ashfa/.pico-sdk/sdk/2.0.0/src/common/pico_time/time.c.obj
                0x100013a8                sleep_ms
 .text.best_effort_wfe_or_timeout
                0x100013bc       0xc4 CMakeFiles/PicOV.dir/C_/Users/ashfa/.pico-sdk/sdk/2.0.0/src/common/pico_time/time.c.obj
                0x100013bc                best_effort_wfe_or_timeout
 .text.alarm_pool_get_default_timer
                0x10001480        0x8 CMakeFiles/PicOV.dir/C_/Users/ashfa/.pico-sdk/sdk/2.0.0/src/common/pico_time/time.c.obj
                0x10001480                alarm_pool_get_default_timer
 .text.runtime_init_default_alarm_pool
                0x10001488       0x38 CMakeFiles/PicOV.dir/C_/Users/ashfa/.pico-sdk/sdk/2.0.0/src/common/pico_time/time.c.obj
                0x10001488                runtime_init_default_alarm_pool
 .text.timer_hardware_alarm_claim
                0x100014c0       0x14 CMakeFiles/PicOV.dir/C_/Users/ashfa/.pico-sdk/sdk/2.0.0/src/rp2_common/hardware_timer/timer.c.obj
                0x100014c0                timer_hardware_alarm_claim
 .text.timer_time_us_64
                0x100014d4       0x10 CMakeFiles/PicOV.dir/C_/Users/ashfa/.pico-sdk/sdk/2.0.0/src/rp2_common/hardware_timer/timer.c.obj
                0x100014d4                timer_time_us_64
 .text.timer_busy_wait_until
                0x100014e4       0x1a CMakeFiles/PicOV.dir/C_/Users/ashfa/.pico-sdk/sdk/2.0.0/src/rp2_common/hardware_timer/timer.c.obj
                0x100014e4                timer_busy_wait_until
 .text.timer_busy_wait_us
                0x100014fe       0x38 CMakeFiles/PicOV.dir/C_/Users/ashfa/.pico-sdk/sdk/2.0.0/src/rp2_common/hardware_timer/timer.c.obj
                0x100014fe                timer_busy_wait_us
 *fill*         0x10001536        0x2 
 .text.time_us_64
                0x10001538       0x10 CMakeFiles/PicOV.dir/C_/Users/ashfa/.pico-sdk/sdk/2.0.0/src/rp2_common/hardware_timer/timer.c.obj
                0x10001538                time_us_64
 .text.busy_wait_us
                0x10001548       0x14 CMakeFiles/PicOV.dir/C_/Users/ashfa/.pico-sdk/sdk/2.0.0/src/rp2_common/hardware_timer/timer.c.obj
                0x10001548                busy_wait_us
 .text.busy_wait_until
                0x1000155c       0x14 CMakeFiles/PicOV.dir/C_/Users/ashfa/.pico-sdk/sdk/2.0.0/src/rp2_common/hardware_timer/timer.c.obj
                0x1000155c                busy_wait_until
 .text.rp2040_chip_version
                0x10001570       0x54 CMakeFiles/PicOV.dir/C_/Users/ashfa/.pico-sdk/sdk/2.0.0/src/rp2040/pico_platform/platform.c.obj
                0x10001570                rp2040_chip_version
 .text.panic    0x100015c4       0x30 CMakeFiles/PicOV.dir/C_/Users/ashfa/.pico-sdk/sdk/2.0.0/src/rp2_common/pico_platform_panic/panic.c.obj
                0x100015c4                panic
 .text.hw_claim_lock
                0x100015f4       0x18 CMakeFiles/PicOV.dir/C_/Users/ashfa/.pico-sdk/sdk/2.0.0/src/common/hardware_claim/claim.c.obj
                0x100015f4                hw_claim_lock
 .text.hw_claim_unlock
                0x1000160c       0x14 CMakeFiles/PicOV.dir/C_/Users/ashfa/.pico-sdk/sdk/2.0.0/src/common/hardware_claim/claim.c.obj
                0x1000160c                hw_claim_unlock
 .text.hw_claim_or_assert
                0x10001620       0x32 CMakeFiles/PicOV.dir/C_/Users/ashfa/.pico-sdk/sdk/2.0.0/src/common/hardware_claim/claim.c.obj
                0x10001620                hw_claim_or_assert
 .text.hw_claim_unused_from_range
                0x10001652       0x50 CMakeFiles/PicOV.dir/C_/Users/ashfa/.pico-sdk/sdk/2.0.0/src/common/hardware_claim/claim.c.obj
                0x10001652                hw_claim_unused_from_range
 *fill*         0x100016a2        0x2 
 .text.next_striped_spin_lock_num
                0x100016a4       0x1c CMakeFiles/PicOV.dir/C_/Users/ashfa/.pico-sdk/sdk/2.0.0/src/rp2_common/hardware_sync/sync.c.obj
                0x100016a4                next_striped_spin_lock_num
 .text.spin_lock_claim_unused
                0x100016c0       0x24 CMakeFiles/PicOV.dir/C_/Users/ashfa/.pico-sdk/sdk/2.0.0/src/rp2_common/hardware_sync/sync.c.obj
                0x100016c0                spin_lock_claim_unused
 .text.spin_locks_reset
                0x100016e4       0x20 CMakeFiles/PicOV.dir/C_/Users/ashfa/.pico-sdk/sdk/2.0.0/src/rp2_common/hardware_sync_spin_lock/sync_spin_lock.c.obj
                0x100016e4                spin_locks_reset
 .text.set_raw_irq_handler_and_unlock
                0x10001704       0x28 CMakeFiles/PicOV.dir/C_/Users/ashfa/.pico-sdk/sdk/2.0.0/src/rp2_common/hardware_irq/irq.c.obj
 .text.nvic_ipr0
                0x1000172c        0x8 CMakeFiles/PicOV.dir/C_/Users/ashfa/.pico-sdk/sdk/2.0.0/src/rp2_common/hardware_irq/irq.c.obj
 .text.runtime_init_per_core_irq_priorities
                0x10001734       0x1c CMakeFiles/PicOV.dir/C_/Users/ashfa/.pico-sdk/sdk/2.0.0/src/rp2_common/hardware_irq/irq.c.obj
                0x10001734                runtime_init_per_core_irq_priorities
 .text.resolve_j_16
                0x10001750       0x30 CMakeFiles/PicOV.dir/C_/Users/ashfa/.pico-sdk/sdk/2.0.0/src/rp2_common/hardware_irq/irq.c.obj
 .text.make_j_16
                0x10001780       0x48 CMakeFiles/PicOV.dir/C_/Users/ashfa/.pico-sdk/sdk/2.0.0/src/rp2_common/hardware_irq/irq.c.obj
 .text.insert_bl_32
                0x100017c8       0x40 CMakeFiles/PicOV.dir/C_/Users/ashfa/.pico-sdk/sdk/2.0.0/src/rp2_common/hardware_irq/irq.c.obj
 .text.irq_is_enabled
                0x10001808       0x18 CMakeFiles/PicOV.dir/C_/Users/ashfa/.pico-sdk/sdk/2.0.0/src/rp2_common/hardware_irq/irq.c.obj
                0x10001808                irq_is_enabled
 .text.irq_set_mask_n_enabled
                0x10001820       0x1c CMakeFiles/PicOV.dir/C_/Users/ashfa/.pico-sdk/sdk/2.0.0/src/rp2_common/hardware_irq/irq.c.obj
                0x10001820                irq_set_mask_n_enabled
 .text.irq_set_enabled
                0x1000183c       0x14 CMakeFiles/PicOV.dir/C_/Users/ashfa/.pico-sdk/sdk/2.0.0/src/rp2_common/hardware_irq/irq.c.obj
                0x1000183c                irq_set_enabled
 .text.irq_get_vtable_handler
                0x10001850       0x10 CMakeFiles/PicOV.dir/C_/Users/ashfa/.pico-sdk/sdk/2.0.0/src/rp2_common/hardware_irq/irq.c.obj
                0x10001850                irq_get_vtable_handler
 .text.irq_set_exclusive_handler
                0x10001860       0x54 CMakeFiles/PicOV.dir/C_/Users/ashfa/.pico-sdk/sdk/2.0.0/src/rp2_common/hardware_irq/irq.c.obj
                0x10001860                irq_set_exclusive_handler
 .text.irq_add_shared_handler
                0x100018b4      0x218 CMakeFiles/PicOV.dir/C_/Users/ashfa/.pico-sdk/sdk/2.0.0/src/rp2_common/hardware_irq/irq.c.obj
                0x100018b4                irq_add_shared_handler
 .text.irq_remove_handler
                0x10001acc      0x18c CMakeFiles/PicOV.dir/C_/Users/ashfa/.pico-sdk/sdk/2.0.0/src/rp2_common/hardware_irq/irq.c.obj
                0x10001acc                irq_remove_handler
 .text.irq_add_tail_to_free_list
                0x10001c58       0xf4 CMakeFiles/PicOV.dir/C_/Users/ashfa/.pico-sdk/sdk/2.0.0/src/rp2_common/hardware_irq/irq.c.obj
                0x10001c58                irq_add_tail_to_free_list
 .text.element_ptr
                0x10001d4c       0x2c CMakeFiles/PicOV.dir/C_/Users/ashfa/.pico-sdk/sdk/2.0.0/src/common/pico_util/queue.c.obj
 .text.queue_add_internal
                0x10001d78       0x88 CMakeFiles/PicOV.dir/C_/Users/ashfa/.pico-sdk/sdk/2.0.0/src/common/pico_util/queue.c.obj
 .text.queue_remove_internal
                0x10001e00       0x8c CMakeFiles/PicOV.dir/C_/Users/ashfa/.pico-sdk/sdk/2.0.0/src/common/pico_util/queue.c.obj
 .text.queue_init_with_spinlock
                0x10001e8c       0x24 CMakeFiles/PicOV.dir/C_/Users/ashfa/.pico-sdk/sdk/2.0.0/src/common/pico_util/queue.c.obj
                0x10001e8c                queue_init_with_spinlock
 .text.queue_try_add
                0x10001eb0        0xa CMakeFiles/PicOV.dir/C_/Users/ashfa/.pico-sdk/sdk/2.0.0/src/common/pico_util/queue.c.obj
                0x10001eb0                queue_try_add
 .text.queue_try_remove
                0x10001eba        0xa CMakeFiles/PicOV.dir/C_/Users/ashfa/.pico-sdk/sdk/2.0.0/src/common/pico_util/queue.c.obj
                0x10001eba                queue_try_remove
 .text.gpio_set_function
                0x10001ec4       0x34 CMakeFiles/PicOV.dir/C_/Users/ashfa/.pico-sdk/sdk/2.0.0/src/rp2_common/hardware_gpio/gpio.c.obj
                0x10001ec4                gpio_set_function
 .text.gpio_set_pulls
                0x10001ef8       0x38 CMakeFiles/PicOV.dir/C_/Users/ashfa/.pico-sdk/sdk/2.0.0/src/rp2_common/hardware_gpio/gpio.c.obj
                0x10001ef8                gpio_set_pulls
 .text.gpio_init
                0x10001f30       0x16 CMakeFiles/PicOV.dir/C_/Users/ashfa/.pico-sdk/sdk/2.0.0/src/rp2_common/hardware_gpio/gpio.c.obj
                0x10001f30                gpio_init
 *fill*         0x10001f46        0x2 
 .text.uart_unreset
                0x10001f48       0x2c CMakeFiles/PicOV.dir/C_/Users/ashfa/.pico-sdk/sdk/2.0.0/src/rp2_common/hardware_uart/uart.c.obj
 .text.uart_disable_before_lcr_write
                0x10001f74       0x48 CMakeFiles/PicOV.dir/C_/Users/ashfa/.pico-sdk/sdk/2.0.0/src/rp2_common/hardware_uart/uart.c.obj
 .text.uart_write_lcr_bits_masked
                0x10001fbc       0x20 CMakeFiles/PicOV.dir/C_/Users/ashfa/.pico-sdk/sdk/2.0.0/src/rp2_common/hardware_uart/uart.c.obj
 .text.uart_set_baudrate
                0x10001fdc       0x5c CMakeFiles/PicOV.dir/C_/Users/ashfa/.pico-sdk/sdk/2.0.0/src/rp2_common/hardware_uart/uart.c.obj
                0x10001fdc                uart_set_baudrate
 .text.uart_set_translate_crlf
                0x10002038       0x28 CMakeFiles/PicOV.dir/C_/Users/ashfa/.pico-sdk/sdk/2.0.0/src/rp2_common/hardware_uart/uart.c.obj
                0x10002038                uart_set_translate_crlf
 .text.uart_init
                0x10002060       0x64 CMakeFiles/PicOV.dir/C_/Users/ashfa/.pico-sdk/sdk/2.0.0/src/rp2_common/hardware_uart/uart.c.obj
                0x10002060                uart_init
 .text.clock_configure_internal
                0x100020c4       0xc4 CMakeFiles/PicOV.dir/C_/Users/ashfa/.pico-sdk/sdk/2.0.0/src/rp2_common/hardware_clocks/clocks.c.obj
 .text.clock_configure_int_divider
                0x10002188       0x28 CMakeFiles/PicOV.dir/C_/Users/ashfa/.pico-sdk/sdk/2.0.0/src/rp2_common/hardware_clocks/clocks.c.obj
                0x10002188                clock_configure_int_divider
 .text.clock_configure_undivided
                0x100021b0       0x12 CMakeFiles/PicOV.dir/C_/Users/ashfa/.pico-sdk/sdk/2.0.0/src/rp2_common/hardware_clocks/clocks.c.obj
                0x100021b0                clock_configure_undivided
 *fill*         0x100021c2        0x2 
 .text.clock_get_hz
                0x100021c4        0xc CMakeFiles/PicOV.dir/C_/Users/ashfa/.pico-sdk/sdk/2.0.0/src/rp2_common/hardware_clocks/clocks.c.obj
                0x100021c4                clock_get_hz
 .text.pll_init
                0x100021d0      0x124 CMakeFiles/PicOV.dir/C_/Users/ashfa/.pico-sdk/sdk/2.0.0/src/rp2_common/hardware_pll/pll.c.obj
                0x100021d0                pll_init
 .text.tick_start
                0x100022f4       0x10 CMakeFiles/PicOV.dir/C_/Users/ashfa/.pico-sdk/sdk/2.0.0/src/rp2_common/hardware_ticks/ticks.c.obj
                0x100022f4                tick_start
 .text.xosc_init
                0x10002304       0x28 CMakeFiles/PicOV.dir/C_/Users/ashfa/.pico-sdk/sdk/2.0.0/src/rp2_common/hardware_xosc/xosc.c.obj
                0x10002304                xosc_init
 .text.runtime_run_initializers_from
                0x1000232c       0x18 CMakeFiles/PicOV.dir/C_/Users/ashfa/.pico-sdk/sdk/2.0.0/src/rp2_common/pico_runtime/runtime.c.obj
 .text.first_per_core_initializer
                0x10002344        0x2 CMakeFiles/PicOV.dir/C_/Users/ashfa/.pico-sdk/sdk/2.0.0/src/rp2_common/pico_runtime/runtime.c.obj
 *fill*         0x10002346        0x2 
 .text.runtime_run_initializers
                0x10002348       0x10 CMakeFiles/PicOV.dir/C_/Users/ashfa/.pico-sdk/sdk/2.0.0/src/rp2_common/pico_runtime/runtime.c.obj
                0x10002348                runtime_run_initializers
 .text.runtime_run_per_core_initializers
                0x10002358       0x10 CMakeFiles/PicOV.dir/C_/Users/ashfa/.pico-sdk/sdk/2.0.0/src/rp2_common/pico_runtime/runtime.c.obj
                0x10002358                runtime_run_per_core_initializers
 .text.runtime_init_early_resets
                0x10002368       0x2c CMakeFiles/PicOV.dir/C_/Users/ashfa/.pico-sdk/sdk/2.0.0/src/rp2_common/pico_runtime_init/runtime_init.c.obj
                0x10002368                runtime_init_early_resets
 .text.runtime_init_usb_power_down
                0x10002394       0x1c CMakeFiles/PicOV.dir/C_/Users/ashfa/.pico-sdk/sdk/2.0.0/src/rp2_common/pico_runtime_init/runtime_init.c.obj
                0x10002394                runtime_init_usb_power_down
 .text.runtime_init_post_clock_resets
                0x100023b0       0x20 CMakeFiles/PicOV.dir/C_/Users/ashfa/.pico-sdk/sdk/2.0.0/src/rp2_common/pico_runtime_init/runtime_init.c.obj
                0x100023b0                runtime_init_post_clock_resets
 .text.runtime_init_rp2040_gpio_ie_disable
                0x100023d0       0x14 CMakeFiles/PicOV.dir/C_/Users/ashfa/.pico-sdk/sdk/2.0.0/src/rp2_common/pico_runtime_init/runtime_init.c.obj
                0x100023d0                runtime_init_rp2040_gpio_ie_disable
 .text.runtime_init_spin_locks_reset
                0x100023e4        0x8 CMakeFiles/PicOV.dir/C_/Users/ashfa/.pico-sdk/sdk/2.0.0/src/rp2_common/pico_runtime_init/runtime_init.c.obj
                0x100023e4                runtime_init_spin_locks_reset
 .text.runtime_init_install_ram_vector_table
                0x100023ec       0x1c CMakeFiles/PicOV.dir/C_/Users/ashfa/.pico-sdk/sdk/2.0.0/src/rp2_common/pico_runtime_init/runtime_init.c.obj
                0x100023ec                runtime_init_install_ram_vector_table
 .text.start_all_ticks
                0x10002408       0x28 CMakeFiles/PicOV.dir/C_/Users/ashfa/.pico-sdk/sdk/2.0.0/src/rp2_common/pico_runtime_init/runtime_init_clocks.c.obj
 .text.runtime_init_clocks
                0x10002430       0xcc CMakeFiles/PicOV.dir/C_/Users/ashfa/.pico-sdk/sdk/2.0.0/src/rp2_common/pico_runtime_init/runtime_init_clocks.c.obj
                0x10002430                runtime_init_clocks
 .text          0x100024fc       0x10 CMakeFiles/PicOV.dir/C_/Users/ashfa/.pico-sdk/sdk/2.0.0/src/rp2_common/pico_bit_ops/bit_ops_aeabi.S.obj
 .text.rom_func_lookup
                0x1000250c       0x10 CMakeFiles/PicOV.dir/C_/Users/ashfa/.pico-sdk/sdk/2.0.0/src/rp2_common/pico_bootrom/bootrom.c.obj
                0x1000250c                rom_func_lookup
 .text.rom_data_lookup
                0x1000251c       0x10 CMakeFiles/PicOV.dir/C_/Users/ashfa/.pico-sdk/sdk/2.0.0/src/rp2_common/pico_bootrom/bootrom.c.obj
                0x1000251c                rom_data_lookup
 .text.rom_funcs_lookup
                0x1000252c       0x36 CMakeFiles/PicOV.dir/C_/Users/ashfa/.pico-sdk/sdk/2.0.0/src/rp2_common/pico_bootrom/bootrom.c.obj
                0x1000252c                rom_funcs_lookup
 *fill*         0x10002562        0x2 
 .text.__wrap___aeabi_idiv
                0x10002564       0x50 CMakeFiles/PicOV.dir/C_/Users/ashfa/.pico-sdk/sdk/2.0.0/src/rp2_common/pico_divider/divider_hardware.S.obj
                0x10002564                __wrap___aeabi_idivmod
                0x10002564                divmod_s32s32
                0x10002564                div_s32s32
                0x10002564                __wrap___aeabi_idiv
                0x1000256c                divmod_s32s32_unsafe
                0x10002598                divmod_s32s32_savestate
 .text.__wrap___aeabi_uidiv
                0x100025b4       0x4c CMakeFiles/PicOV.dir/C_/Users/ashfa/.pico-sdk/sdk/2.0.0/src/rp2_common/pico_divider/divider_hardware.S.obj
                0x100025b4                __wrap___aeabi_uidiv
                0x100025b4                __wrap___aeabi_uidivmod
                0x100025b4                div_u32u32
                0x100025b4                divmod_u32u32
                0x100025bc                divmod_u32u32_unsafe
                0x100025e4                divmod_u32u32_savestate
 .text.__wrap___aeabi_ldiv
                0x10002600      0x424 CMakeFiles/PicOV.dir/C_/Users/ashfa/.pico-sdk/sdk/2.0.0/src/rp2_common/pico_divider/divider_hardware.S.obj
                0x10002600                div_s64s64
                0x10002600                divmod_s64s64
                0x10002600                __wrap___aeabi_ldivmod
                0x10002630                divmod_u64u64
                0x10002630                div_u64u64
                0x10002630                __wrap___aeabi_uldivmod
                0x10002640                divmod_u64u64_savestate
                0x10002660                divmod_s64s64_unsafe
                0x100026e8                divmod_u64u64_unsafe
 .text.__wrap___aeabi_darithmetic
                0x10002a24       0x80 CMakeFiles/PicOV.dir/C_/Users/ashfa/.pico-sdk/sdk/2.0.0/src/rp2_common/pico_double/double_aeabi_rp2040.S.obj
                0x10002a24                __wrap___aeabi_drsub
                0x10002a2a                __wrap___aeabi_dsub
                0x10002a3c                __wrap___aeabi_dadd
                0x10002a4e                __wrap___aeabi_ddiv
                0x10002a8a                __wrap___aeabi_dmul
 .text.__wrap___aeabi_cdcmple
                0x10002aa4       0x6c CMakeFiles/PicOV.dir/C_/Users/ashfa/.pico-sdk/sdk/2.0.0/src/rp2_common/pico_double/double_aeabi_rp2040.S.obj
                0x10002aa4                __wrap___aeabi_cdrcmple
                0x10002ab4                __wrap___aeabi_cdcmpeq
                0x10002ab4                __wrap___aeabi_cdcmple
 .text.__wrap___aeabi_dcmplt
                0x10002b10        0xc CMakeFiles/PicOV.dir/C_/Users/ashfa/.pico-sdk/sdk/2.0.0/src/rp2_common/pico_double/double_aeabi_rp2040.S.obj
                0x10002b10                __wrap___aeabi_dcmplt
 .text.__wrap___aeabi_dcmple
                0x10002b1c       0x10 CMakeFiles/PicOV.dir/C_/Users/ashfa/.pico-sdk/sdk/2.0.0/src/rp2_common/pico_double/double_aeabi_rp2040.S.obj
                0x10002b1c                __wrap___aeabi_dcmple
 .text.__wrap___aeabi_dcmpge
                0x10002b2c       0x10 CMakeFiles/PicOV.dir/C_/Users/ashfa/.pico-sdk/sdk/2.0.0/src/rp2_common/pico_double/double_aeabi_rp2040.S.obj
                0x10002b2c                __wrap___aeabi_dcmpge
 .text.__wrap___aeabi_dcmpgt
                0x10002b3c        0xa CMakeFiles/PicOV.dir/C_/Users/ashfa/.pico-sdk/sdk/2.0.0/src/rp2_common/pico_double/double_aeabi_rp2040.S.obj
                0x10002b3c                __wrap___aeabi_dcmpgt
 .text.__wrap___aeabi_dcmpun
                0x10002b46       0x18 CMakeFiles/PicOV.dir/C_/Users/ashfa/.pico-sdk/sdk/2.0.0/src/rp2_common/pico_double/double_aeabi_rp2040.S.obj
                0x10002b46                __wrap___aeabi_dcmpun
 *fill*         0x10002b5e        0x2 
 .text.__wrap___aeabi_i2d
                0x10002b60       0x38 CMakeFiles/PicOV.dir/C_/Users/ashfa/.pico-sdk/sdk/2.0.0/src/rp2_common/pico_double/double_aeabi_rp2040.S.obj
                0x10002b60                __wrap___aeabi_ui2d
                0x10002b68                __wrap___aeabi_i2d
 .text.__wrap___aeabi_d2iz
                0x10002b98       0x48 CMakeFiles/PicOV.dir/C_/Users/ashfa/.pico-sdk/sdk/2.0.0/src/rp2_common/pico_double/double_aeabi_rp2040.S.obj
                0x10002b98                double2int_z
                0x10002b98                __wrap___aeabi_d2iz
 .text.__wrap___aeabi_d2uiz
                0x10002be0       0x18 CMakeFiles/PicOV.dir/C_/Users/ashfa/.pico-sdk/sdk/2.0.0/src/rp2_common/pico_double/double_aeabi_rp2040.S.obj
                0x10002be0                __wrap___aeabi_d2uiz
                0x10002be0                double2uint
 .text.__aeabi_double_init
                0x10002bf8       0xcc CMakeFiles/PicOV.dir/C_/Users/ashfa/.pico-sdk/sdk/2.0.0/src/rp2_common/pico_double/double_init_rom_rp2040.c.obj
                0x10002bf8                __aeabi_double_init
 .text.double_table_shim_on_use_helper
                0x10002cc4       0x34 CMakeFiles/PicOV.dir/C_/Users/ashfa/.pico-sdk/sdk/2.0.0/src/rp2_common/pico_double/double_v1_rom_shim_rp2040.S.obj
                0x10002cc4                double_table_shim_on_use_helper
 .text.__wrap___aeabi_dsub
                0x10002cf8       0x10 CMakeFiles/PicOV.dir/C_/Users/ashfa/.pico-sdk/sdk/2.0.0/src/rp2_common/pico_double/double_v1_rom_shim_rp2040.S.obj
                0x10002cf8                drsub_shim
                0x10002cfe                dsub_shim
 .text.dadd_shim
                0x10002d08      0x15c CMakeFiles/PicOV.dir/C_/Users/ashfa/.pico-sdk/sdk/2.0.0/src/rp2_common/pico_double/double_v1_rom_shim_rp2040.S.obj
                0x10002d08                dadd_shim
 .text.dmul_shim
                0x10002e64      0x15c CMakeFiles/PicOV.dir/C_/Users/ashfa/.pico-sdk/sdk/2.0.0/src/rp2_common/pico_double/double_v1_rom_shim_rp2040.S.obj
                0x10002e64                dmul_shim
 .text.ddiv_shim
                0x10002fc0      0x1b0 CMakeFiles/PicOV.dir/C_/Users/ashfa/.pico-sdk/sdk/2.0.0/src/rp2_common/pico_double/double_v1_rom_shim_rp2040.S.obj
                0x10002fc0                ddiv_shim
 .text.double2uint_shim
                0x10003170        0xe CMakeFiles/PicOV.dir/C_/Users/ashfa/.pico-sdk/sdk/2.0.0/src/rp2_common/pico_double/double_v1_rom_shim_rp2040.S.obj
                0x10003170                double2uint_shim
                0x10003172                double2ufix_shim
 *fill*         0x1000317e        0x2 
 .text.double2uint64_shim
                0x10003180       0x70 CMakeFiles/PicOV.dir/C_/Users/ashfa/.pico-sdk/sdk/2.0.0/src/rp2_common/pico_double/double_v1_rom_shim_rp2040.S.obj
                0x10003180                double2uint64_shim
                0x10003182                double2ufix64_shim
                0x100031a2                d2fix_a
 .text.dunpacks
                0x100031f0       0x3c CMakeFiles/PicOV.dir/C_/Users/ashfa/.pico-sdk/sdk/2.0.0/src/rp2_common/pico_double/double_v1_rom_shim_rp2040.S.obj
                0x100031f0                dunpacks
 .text.__aeabi_lmul
                0x1000322c       0x32 CMakeFiles/PicOV.dir/C_/Users/ashfa/.pico-sdk/sdk/2.0.0/src/rp2_common/pico_int64_ops/pico_int64_ops_aeabi.S.obj
                0x1000322c                __wrap___aeabi_lmul
 *fill*         0x1000325e        0x2 
 .text.__aeabi_float_init
                0x10003260       0xfc CMakeFiles/PicOV.dir/C_/Users/ashfa/.pico-sdk/sdk/2.0.0/src/rp2_common/pico_float/float_init_rom_rp2040.c.obj
                0x10003260                __aeabi_float_init
 .text.float_table_shim_on_use_helper
                0x1000335c       0x34 CMakeFiles/PicOV.dir/C_/Users/ashfa/.pico-sdk/sdk/2.0.0/src/rp2_common/pico_float/float_v1_rom_shim_rp2040.S.obj
                0x1000335c                float_table_shim_on_use_helper
 .text.check_alloc
                0x10003390       0x20 CMakeFiles/PicOV.dir/C_/Users/ashfa/.pico-sdk/sdk/2.0.0/src/rp2_common/pico_malloc/malloc.c.obj
 .text.__wrap_malloc
                0x100033b0       0x2c CMakeFiles/PicOV.dir/C_/Users/ashfa/.pico-sdk/sdk/2.0.0/src/rp2_common/pico_malloc/malloc.c.obj
                0x100033b0                __wrap_malloc
 .text.__wrap_calloc
                0x100033dc       0x30 CMakeFiles/PicOV.dir/C_/Users/ashfa/.pico-sdk/sdk/2.0.0/src/rp2_common/pico_malloc/malloc.c.obj
                0x100033dc                __wrap_calloc
 .text.__wrap_free
                0x1000340c       0x20 CMakeFiles/PicOV.dir/C_/Users/ashfa/.pico-sdk/sdk/2.0.0/src/rp2_common/pico_malloc/malloc.c.obj
                0x1000340c                __wrap_free
 .text          0x1000342c       0x10 CMakeFiles/PicOV.dir/C_/Users/ashfa/.pico-sdk/sdk/2.0.0/src/rp2_common/pico_mem_ops/mem_ops_aeabi.S.obj
                0x1000342c                __aeabi_mem_init
 .text.memset   0x1000343c        0xc CMakeFiles/PicOV.dir/C_/Users/ashfa/.pico-sdk/sdk/2.0.0/src/rp2_common/pico_mem_ops/mem_ops_aeabi.S.obj
                0x1000343c                __wrap_memset
 .text.memcpy   0x10003448        0xc CMakeFiles/PicOV.dir/C_/Users/ashfa/.pico-sdk/sdk/2.0.0/src/rp2_common/pico_mem_ops/mem_ops_aeabi.S.obj
                0x10003448                __wrap_memcpy
                0x10003448                __wrap___aeabi_memcpy
 .text._out_null
                0x10003454        0x2 CMakeFiles/PicOV.dir/C_/Users/ashfa/.pico-sdk/sdk/2.0.0/src/rp2_common/pico_printf/printf.c.obj
 .text._out_fct
                0x10003456        0xe CMakeFiles/PicOV.dir/C_/Users/ashfa/.pico-sdk/sdk/2.0.0/src/rp2_common/pico_printf/printf.c.obj
 .text._atoi    0x10003464       0x24 CMakeFiles/PicOV.dir/C_/Users/ashfa/.pico-sdk/sdk/2.0.0/src/rp2_common/pico_printf/printf.c.obj
 .text._out_rev
                0x10003488       0xae CMakeFiles/PicOV.dir/C_/Users/ashfa/.pico-sdk/sdk/2.0.0/src/rp2_common/pico_printf/printf.c.obj
 .text._ntoa_format
                0x10003536      0x110 CMakeFiles/PicOV.dir/C_/Users/ashfa/.pico-sdk/sdk/2.0.0/src/rp2_common/pico_printf/printf.c.obj
 .text._ntoa_long
                0x10003646       0xbc CMakeFiles/PicOV.dir/C_/Users/ashfa/.pico-sdk/sdk/2.0.0/src/rp2_common/pico_printf/printf.c.obj
 .text._ntoa_long_long
                0x10003702      0x10e CMakeFiles/PicOV.dir/C_/Users/ashfa/.pico-sdk/sdk/2.0.0/src/rp2_common/pico_printf/printf.c.obj
 .text._etoa    0x10003810      0x420 CMakeFiles/PicOV.dir/C_/Users/ashfa/.pico-sdk/sdk/2.0.0/src/rp2_common/pico_printf/printf.c.obj
 .text._ftoa    0x10003c30      0x354 CMakeFiles/PicOV.dir/C_/Users/ashfa/.pico-sdk/sdk/2.0.0/src/rp2_common/pico_printf/printf.c.obj
 .text._vsnprintf
                0x10003f84      0x668 CMakeFiles/PicOV.dir/C_/Users/ashfa/.pico-sdk/sdk/2.0.0/src/rp2_common/pico_printf/printf.c.obj
 .text.vfctprintf
                0x100045ec       0x20 CMakeFiles/PicOV.dir/C_/Users/ashfa/.pico-sdk/sdk/2.0.0/src/rp2_common/pico_printf/printf.c.obj
                0x100045ec                vfctprintf
 .text._exit    0x1000460c        0x4 CMakeFiles/PicOV.dir/C_/Users/ashfa/.pico-sdk/sdk/2.0.0/src/rp2_common/pico_clib_interface/newlib_interface.c.obj
                0x1000460c                _exit
 .text._sbrk    0x10004610       0x38 CMakeFiles/PicOV.dir/C_/Users/ashfa/.pico-sdk/sdk/2.0.0/src/rp2_common/pico_clib_interface/newlib_interface.c.obj
                0x10004610                _sbrk
 .text.exit     0x10004648        0x6 CMakeFiles/PicOV.dir/C_/Users/ashfa/.pico-sdk/sdk/2.0.0/src/rp2_common/pico_clib_interface/newlib_interface.c.obj
                0x10004648                exit
 *fill*         0x1000464e        0x2 
 .text.__assert_func
                0x10004650       0x38 CMakeFiles/PicOV.dir/C_/Users/ashfa/.pico-sdk/sdk/2.0.0/src/rp2_common/pico_clib_interface/newlib_interface.c.obj
                0x10004650                __assert_func
 .text.runtime_init
                0x10004688       0x28 CMakeFiles/PicOV.dir/C_/Users/ashfa/.pico-sdk/sdk/2.0.0/src/rp2_common/pico_clib_interface/newlib_interface.c.obj
                0x10004688                runtime_init
 .text.stdio_out_chars_no_crlf
                0x100046b0        0xe CMakeFiles/PicOV.dir/C_/Users/ashfa/.pico-sdk/sdk/2.0.0/src/rp2_common/pico_stdio/stdio.c.obj
 *fill*         0x100046be        0x2 
 .text.stdio_out_chars_crlf
                0x100046c0       0x80 CMakeFiles/PicOV.dir/C_/Users/ashfa/.pico-sdk/sdk/2.0.0/src/rp2_common/pico_stdio/stdio.c.obj
 .text.stdio_stack_buffer_flush
                0x10004740       0x44 CMakeFiles/PicOV.dir/C_/Users/ashfa/.pico-sdk/sdk/2.0.0/src/rp2_common/pico_stdio/stdio.c.obj
 .text.stdio_buffered_printer
                0x10004784       0x20 CMakeFiles/PicOV.dir/C_/Users/ashfa/.pico-sdk/sdk/2.0.0/src/rp2_common/pico_stdio/stdio.c.obj
 .text.stdout_serialize_begin
                0x100047a4       0x30 CMakeFiles/PicOV.dir/C_/Users/ashfa/.pico-sdk/sdk/2.0.0/src/rp2_common/pico_stdio/stdio.c.obj
                0x100047a4                stdout_serialize_begin
 .text.stdout_serialize_end
                0x100047d4       0x10 CMakeFiles/PicOV.dir/C_/Users/ashfa/.pico-sdk/sdk/2.0.0/src/rp2_common/pico_stdio/stdio.c.obj
                0x100047d4                stdout_serialize_end
 .text.stdio_put_string
                0x100047e4       0x94 CMakeFiles/PicOV.dir/C_/Users/ashfa/.pico-sdk/sdk/2.0.0/src/rp2_common/pico_stdio/stdio.c.obj
                0x100047e4                stdio_put_string
 .text.stdio_set_driver_enabled
                0x10004878       0x2c CMakeFiles/PicOV.dir/C_/Users/ashfa/.pico-sdk/sdk/2.0.0/src/rp2_common/pico_stdio/stdio.c.obj
                0x10004878                stdio_set_driver_enabled
 .text.stdio_flush
                0x100048a4       0x20 CMakeFiles/PicOV.dir/C_/Users/ashfa/.pico-sdk/sdk/2.0.0/src/rp2_common/pico_stdio/stdio.c.obj
                0x100048a4                stdio_flush
 .text.stdio_init_all
                0x100048c4        0xa CMakeFiles/PicOV.dir/C_/Users/ashfa/.pico-sdk/sdk/2.0.0/src/rp2_common/pico_stdio/stdio.c.obj
                0x100048c4                stdio_init_all
 .text.__wrap_puts
                0x100048ce       0x1e CMakeFiles/PicOV.dir/C_/Users/ashfa/.pico-sdk/sdk/2.0.0/src/rp2_common/pico_stdio/stdio.c.obj
                0x100048ce                stdio_puts
                0x100048ce                __wrap_puts
 .text.__wrap_vprintf
                0x100048ec       0x40 CMakeFiles/PicOV.dir/C_/Users/ashfa/.pico-sdk/sdk/2.0.0/src/rp2_common/pico_stdio/stdio.c.obj
                0x100048ec                stdio_vprintf
                0x100048ec                __wrap_vprintf
 .text.__wrap_printf
                0x1000492c       0x18 CMakeFiles/PicOV.dir/C_/Users/ashfa/.pico-sdk/sdk/2.0.0/src/rp2_common/pico_stdio/stdio.c.obj
                0x1000492c                __wrap_printf
                0x1000492c                stdio_printf
 .text.uart_putc
                0x10004944       0x60 CMakeFiles/PicOV.dir/C_/Users/ashfa/.pico-sdk/sdk/2.0.0/src/rp2_common/pico_stdio_uart/stdio_uart.c.obj
 .text.uart_getc
                0x100049a4       0x24 CMakeFiles/PicOV.dir/C_/Users/ashfa/.pico-sdk/sdk/2.0.0/src/rp2_common/pico_stdio_uart/stdio_uart.c.obj
 .text.stdio_uart_out_chars
                0x100049c8       0x20 CMakeFiles/PicOV.dir/C_/Users/ashfa/.pico-sdk/sdk/2.0.0/src/rp2_common/pico_stdio_uart/stdio_uart.c.obj
 .text.stdio_uart_in_chars
                0x100049e8       0x5c CMakeFiles/PicOV.dir/C_/Users/ashfa/.pico-sdk/sdk/2.0.0/src/rp2_common/pico_stdio_uart/stdio_uart.c.obj
                0x100049e8                stdio_uart_in_chars
 .text.on_uart_rx
                0x10004a44       0x28 CMakeFiles/PicOV.dir/C_/Users/ashfa/.pico-sdk/sdk/2.0.0/src/rp2_common/pico_stdio_uart/stdio_uart.c.obj
 .text.stdio_uart_out_flush
                0x10004a6c       0x10 CMakeFiles/PicOV.dir/C_/Users/ashfa/.pico-sdk/sdk/2.0.0/src/rp2_common/pico_stdio_uart/stdio_uart.c.obj
 .text.stdio_uart_set_chars_available_callback
                0x10004a7c       0x8c CMakeFiles/PicOV.dir/C_/Users/ashfa/.pico-sdk/sdk/2.0.0/src/rp2_common/pico_stdio_uart/stdio_uart.c.obj
 .text.stdio_uart_init_full
                0x10004b08       0x44 CMakeFiles/PicOV.dir/C_/Users/ashfa/.pico-sdk/sdk/2.0.0/src/rp2_common/pico_stdio_uart/stdio_uart.c.obj
                0x10004b08                stdio_uart_init_full
 .text.stdio_uart_init
                0x10004b4c       0x30 CMakeFiles/PicOV.dir/C_/Users/ashfa/.pico-sdk/sdk/2.0.0/src/rp2_common/pico_stdio_uart/stdio_uart.c.obj
                0x10004b4c                stdio_uart_init
 .text.i2c_unreset
                0x10004b7c       0x2c CMakeFiles/PicOV.dir/C_/Users/ashfa/.pico-sdk/sdk/2.0.0/src/rp2_common/hardware_i2c/i2c.c.obj
 .text.i2c_write_blocking_internal
                0x10004ba8      0x158 CMakeFiles/PicOV.dir/C_/Users/ashfa/.pico-sdk/sdk/2.0.0/src/rp2_common/hardware_i2c/i2c.c.obj
 .text.i2c_read_blocking_internal
                0x10004d00       0xee CMakeFiles/PicOV.dir/C_/Users/ashfa/.pico-sdk/sdk/2.0.0/src/rp2_common/hardware_i2c/i2c.c.obj
 *fill*         0x10004dee        0x2 
 .text.i2c_set_baudrate
                0x10004df0       0xf0 CMakeFiles/PicOV.dir/C_/Users/ashfa/.pico-sdk/sdk/2.0.0/src/rp2_common/hardware_i2c/i2c.c.obj
                0x10004df0                i2c_set_baudrate
 .text.i2c_init
                0x10004ee0       0x54 CMakeFiles/PicOV.dir/C_/Users/ashfa/.pico-sdk/sdk/2.0.0/src/rp2_common/hardware_i2c/i2c.c.obj
                0x10004ee0                i2c_init
 .text.i2c_write_blocking
                0x10004f34       0x18 CMakeFiles/PicOV.dir/C_/Users/ashfa/.pico-sdk/sdk/2.0.0/src/rp2_common/hardware_i2c/i2c.c.obj
                0x10004f34                i2c_write_blocking
 .text.i2c_read_blocking
                0x10004f4c       0x18 CMakeFiles/PicOV.dir/C_/Users/ashfa/.pico-sdk/sdk/2.0.0/src/rp2_common/hardware_i2c/i2c.c.obj
                0x10004f4c                i2c_read_blocking
 .text._hw_endpoint_alloc
                0x10004f64       0x70 CMakeFiles/PicOV.dir/C_/Users/ashfa/.pico-sdk/sdk/2.0.0/lib/tinyusb/src/portable/raspberrypi/rp2040/dcd_rp2040.c.obj
 .text.hw_endpoint_init
                0x10004fd4       0xbc CMakeFiles/PicOV.dir/C_/Users/ashfa/.pico-sdk/sdk/2.0.0/lib/tinyusb/src/portable/raspberrypi/rp2040/dcd_rp2040.c.obj
 .text.hw_endpoint_xfer
                0x10005090       0x20 CMakeFiles/PicOV.dir/C_/Users/ashfa/.pico-sdk/sdk/2.0.0/lib/tinyusb/src/portable/raspberrypi/rp2040/dcd_rp2040.c.obj
 .text.dcd_int_enable
                0x100050b0       0x2c CMakeFiles/PicOV.dir/C_/Users/ashfa/.pico-sdk/sdk/2.0.0/lib/tinyusb/src/portable/raspberrypi/rp2040/dcd_rp2040.c.obj
                0x100050b0                dcd_int_enable
 .text.dcd_set_address
                0x100050dc       0x2c CMakeFiles/PicOV.dir/C_/Users/ashfa/.pico-sdk/sdk/2.0.0/lib/tinyusb/src/portable/raspberrypi/rp2040/dcd_rp2040.c.obj
                0x100050dc                dcd_set_address
 .text.dcd_connect
                0x10005108       0x10 CMakeFiles/PicOV.dir/C_/Users/ashfa/.pico-sdk/sdk/2.0.0/lib/tinyusb/src/portable/raspberrypi/rp2040/dcd_rp2040.c.obj
                0x10005108                dcd_connect
 .text.dcd_init
                0x10005118       0x80 CMakeFiles/PicOV.dir/C_/Users/ashfa/.pico-sdk/sdk/2.0.0/lib/tinyusb/src/portable/raspberrypi/rp2040/dcd_rp2040.c.obj
                0x10005118                dcd_init
 .text.dcd_sof_enable
                0x10005198       0x1c CMakeFiles/PicOV.dir/C_/Users/ashfa/.pico-sdk/sdk/2.0.0/lib/tinyusb/src/portable/raspberrypi/rp2040/dcd_rp2040.c.obj
                0x10005198                dcd_sof_enable
 .text.dcd_edpt0_status_complete
                0x100051b4       0x1c CMakeFiles/PicOV.dir/C_/Users/ashfa/.pico-sdk/sdk/2.0.0/lib/tinyusb/src/portable/raspberrypi/rp2040/dcd_rp2040.c.obj
                0x100051b4                dcd_edpt0_status_complete
 .text.dcd_edpt_open
                0x100051d0       0x40 CMakeFiles/PicOV.dir/C_/Users/ashfa/.pico-sdk/sdk/2.0.0/lib/tinyusb/src/portable/raspberrypi/rp2040/dcd_rp2040.c.obj
                0x100051d0                dcd_edpt_open
 .text.dcd_edpt_close_all
                0x10005210        0x8 CMakeFiles/PicOV.dir/C_/Users/ashfa/.pico-sdk/sdk/2.0.0/lib/tinyusb/src/portable/raspberrypi/rp2040/dcd_rp2040.c.obj
                0x10005210                dcd_edpt_close_all
 .text.dcd_edpt_xfer
                0x10005218       0x30 CMakeFiles/PicOV.dir/C_/Users/ashfa/.pico-sdk/sdk/2.0.0/lib/tinyusb/src/portable/raspberrypi/rp2040/dcd_rp2040.c.obj
                0x10005218                dcd_edpt_xfer
 .text.dcd_edpt_stall
                0x10005248       0x3c CMakeFiles/PicOV.dir/C_/Users/ashfa/.pico-sdk/sdk/2.0.0/lib/tinyusb/src/portable/raspberrypi/rp2040/dcd_rp2040.c.obj
                0x10005248                dcd_edpt_stall
 .text.dcd_edpt_clear_stall
                0x10005284       0x30 CMakeFiles/PicOV.dir/C_/Users/ashfa/.pico-sdk/sdk/2.0.0/lib/tinyusb/src/portable/raspberrypi/rp2040/dcd_rp2040.c.obj
                0x10005284                dcd_edpt_clear_stall
 .text.unaligned_memcpy
                0x100052b4       0x14 CMakeFiles/PicOV.dir/C_/Users/ashfa/.pico-sdk/sdk/2.0.0/lib/tinyusb/src/portable/raspberrypi/rp2040/rp2040_usb.c.obj
 .text.rp2040_usb_init
                0x100052c8       0x44 CMakeFiles/PicOV.dir/C_/Users/ashfa/.pico-sdk/sdk/2.0.0/lib/tinyusb/src/portable/raspberrypi/rp2040/rp2040_usb.c.obj
                0x100052c8                rp2040_usb_init
 .text.hw_endpoint_xfer_start
                0x1000530c       0x60 CMakeFiles/PicOV.dir/C_/Users/ashfa/.pico-sdk/sdk/2.0.0/lib/tinyusb/src/portable/raspberrypi/rp2040/rp2040_usb.c.obj
                0x1000530c                hw_endpoint_xfer_start
 .text.tud_vendor_control_xfer_cb
                0x1000536c        0x4 CMakeFiles/PicOV.dir/C_/Users/ashfa/.pico-sdk/sdk/2.0.0/lib/tinyusb/src/device/usbd.c.obj
                0x1000536c                tud_vendor_control_xfer_cb
 .text.configuration_reset
                0x10005370       0x7c CMakeFiles/PicOV.dir/C_/Users/ashfa/.pico-sdk/sdk/2.0.0/lib/tinyusb/src/device/usbd.c.obj
 .text.critical_section_enter_blocking
                0x100053ec       0x16 CMakeFiles/PicOV.dir/C_/Users/ashfa/.pico-sdk/sdk/2.0.0/lib/tinyusb/src/device/usbd.c.obj
 .text.usbd_reset
                0x10005402        0xc CMakeFiles/PicOV.dir/C_/Users/ashfa/.pico-sdk/sdk/2.0.0/lib/tinyusb/src/device/usbd.c.obj
 .text.invoke_class_control
                0x1000540e       0x1a CMakeFiles/PicOV.dir/C_/Users/ashfa/.pico-sdk/sdk/2.0.0/lib/tinyusb/src/device/usbd.c.obj
 .text.process_set_config
                0x10005428      0x194 CMakeFiles/PicOV.dir/C_/Users/ashfa/.pico-sdk/sdk/2.0.0/lib/tinyusb/src/device/usbd.c.obj
 .text.tud_event_hook_cb
                0x100055bc        0x2 CMakeFiles/PicOV.dir/C_/Users/ashfa/.pico-sdk/sdk/2.0.0/lib/tinyusb/src/device/usbd.c.obj
                0x100055bc                tud_event_hook_cb
 .text.tud_sof_cb
                0x100055be        0x2 CMakeFiles/PicOV.dir/C_/Users/ashfa/.pico-sdk/sdk/2.0.0/lib/tinyusb/src/device/usbd.c.obj
                0x100055be                tud_sof_cb
 .text.tud_descriptor_bos_cb
                0x100055c0        0x4 CMakeFiles/PicOV.dir/C_/Users/ashfa/.pico-sdk/sdk/2.0.0/lib/tinyusb/src/device/usbd.c.obj
                0x100055c0                tud_descriptor_bos_cb
 .text.tud_descriptor_device_qualifier_cb
                0x100055c4        0x4 CMakeFiles/PicOV.dir/C_/Users/ashfa/.pico-sdk/sdk/2.0.0/lib/tinyusb/src/device/usbd.c.obj
                0x100055c4                tud_descriptor_device_qualifier_cb
 .text.tud_descriptor_other_speed_configuration_cb
                0x100055c8        0x4 CMakeFiles/PicOV.dir/C_/Users/ashfa/.pico-sdk/sdk/2.0.0/lib/tinyusb/src/device/usbd.c.obj
                0x100055c8                tud_descriptor_other_speed_configuration_cb
 .text.process_get_descriptor
                0x100055cc       0xe0 CMakeFiles/PicOV.dir/C_/Users/ashfa/.pico-sdk/sdk/2.0.0/lib/tinyusb/src/device/usbd.c.obj
 .text.tud_mount_cb
                0x100056ac        0x2 CMakeFiles/PicOV.dir/C_/Users/ashfa/.pico-sdk/sdk/2.0.0/lib/tinyusb/src/device/usbd.c.obj
                0x100056ac                tud_mount_cb
 .text.tud_umount_cb
                0x100056ae        0x2 CMakeFiles/PicOV.dir/C_/Users/ashfa/.pico-sdk/sdk/2.0.0/lib/tinyusb/src/device/usbd.c.obj
                0x100056ae                tud_umount_cb
 .text.tud_suspend_cb
                0x100056b0        0x2 CMakeFiles/PicOV.dir/C_/Users/ashfa/.pico-sdk/sdk/2.0.0/lib/tinyusb/src/device/usbd.c.obj
                0x100056b0                tud_suspend_cb
 .text.tud_resume_cb
                0x100056b2        0x2 CMakeFiles/PicOV.dir/C_/Users/ashfa/.pico-sdk/sdk/2.0.0/lib/tinyusb/src/device/usbd.c.obj
                0x100056b2                tud_resume_cb
 .text.tud_mounted
                0x100056b4       0x10 CMakeFiles/PicOV.dir/C_/Users/ashfa/.pico-sdk/sdk/2.0.0/lib/tinyusb/src/device/usbd.c.obj
                0x100056b4                tud_mounted
 .text.tud_suspended
                0x100056c4       0x10 CMakeFiles/PicOV.dir/C_/Users/ashfa/.pico-sdk/sdk/2.0.0/lib/tinyusb/src/device/usbd.c.obj
                0x100056c4                tud_suspended
 .text.tud_inited
                0x100056d4       0x14 CMakeFiles/PicOV.dir/C_/Users/ashfa/.pico-sdk/sdk/2.0.0/lib/tinyusb/src/device/usbd.c.obj
                0x100056d4                tud_inited
 .text.tud_init
                0x100056e8       0xd4 CMakeFiles/PicOV.dir/C_/Users/ashfa/.pico-sdk/sdk/2.0.0/lib/tinyusb/src/device/usbd.c.obj
                0x100056e8                tud_init
 .text.usbd_edpt_open
                0x100057bc       0x60 CMakeFiles/PicOV.dir/C_/Users/ashfa/.pico-sdk/sdk/2.0.0/lib/tinyusb/src/device/usbd.c.obj
                0x100057bc                usbd_edpt_open
 .text.usbd_open_edpt_pair
                0x1000581c       0x8c CMakeFiles/PicOV.dir/C_/Users/ashfa/.pico-sdk/sdk/2.0.0/lib/tinyusb/src/device/usbd.c.obj
                0x1000581c                usbd_open_edpt_pair
 .text.usbd_edpt_claim
                0x100058a8       0x28 CMakeFiles/PicOV.dir/C_/Users/ashfa/.pico-sdk/sdk/2.0.0/lib/tinyusb/src/device/usbd.c.obj
                0x100058a8                usbd_edpt_claim
 .text.usbd_edpt_release
                0x100058d0       0x28 CMakeFiles/PicOV.dir/C_/Users/ashfa/.pico-sdk/sdk/2.0.0/lib/tinyusb/src/device/usbd.c.obj
                0x100058d0                usbd_edpt_release
 .text.usbd_edpt_xfer
                0x100058f8       0x88 CMakeFiles/PicOV.dir/C_/Users/ashfa/.pico-sdk/sdk/2.0.0/lib/tinyusb/src/device/usbd.c.obj
                0x100058f8                usbd_edpt_xfer
 .text.usbd_edpt_stall
                0x10005980       0x34 CMakeFiles/PicOV.dir/C_/Users/ashfa/.pico-sdk/sdk/2.0.0/lib/tinyusb/src/device/usbd.c.obj
                0x10005980                usbd_edpt_stall
 .text.usbd_edpt_clear_stall
                0x100059b4       0x34 CMakeFiles/PicOV.dir/C_/Users/ashfa/.pico-sdk/sdk/2.0.0/lib/tinyusb/src/device/usbd.c.obj
                0x100059b4                usbd_edpt_clear_stall
 .text.usbd_edpt_stalled
                0x100059e8       0x1c CMakeFiles/PicOV.dir/C_/Users/ashfa/.pico-sdk/sdk/2.0.0/lib/tinyusb/src/device/usbd.c.obj
                0x100059e8                usbd_edpt_stalled
 .text.process_control_request
                0x10005a04      0x38c CMakeFiles/PicOV.dir/C_/Users/ashfa/.pico-sdk/sdk/2.0.0/lib/tinyusb/src/device/usbd.c.obj
 .text.tud_task_ext
                0x10005d90      0x1c4 CMakeFiles/PicOV.dir/C_/Users/ashfa/.pico-sdk/sdk/2.0.0/lib/tinyusb/src/device/usbd.c.obj
                0x10005d90                tud_task_ext
 .text._status_stage_xact
                0x10005f54       0x1a CMakeFiles/PicOV.dir/C_/Users/ashfa/.pico-sdk/sdk/2.0.0/lib/tinyusb/src/device/usbd_control.c.obj
 *fill*         0x10005f6e        0x2 
 .text._data_stage_xact
                0x10005f70       0x60 CMakeFiles/PicOV.dir/C_/Users/ashfa/.pico-sdk/sdk/2.0.0/lib/tinyusb/src/device/usbd_control.c.obj
 .text.tud_control_status
                0x10005fd0       0x28 CMakeFiles/PicOV.dir/C_/Users/ashfa/.pico-sdk/sdk/2.0.0/lib/tinyusb/src/device/usbd_control.c.obj
                0x10005fd0                tud_control_status
 .text.tud_control_xfer
                0x10005ff8       0x98 CMakeFiles/PicOV.dir/C_/Users/ashfa/.pico-sdk/sdk/2.0.0/lib/tinyusb/src/device/usbd_control.c.obj
                0x10005ff8                tud_control_xfer
 .text.usbd_control_reset
                0x10006090       0x14 CMakeFiles/PicOV.dir/C_/Users/ashfa/.pico-sdk/sdk/2.0.0/lib/tinyusb/src/device/usbd_control.c.obj
                0x10006090                usbd_control_reset
 .text.usbd_control_set_complete_callback
                0x100060a4        0xc CMakeFiles/PicOV.dir/C_/Users/ashfa/.pico-sdk/sdk/2.0.0/lib/tinyusb/src/device/usbd_control.c.obj
                0x100060a4                usbd_control_set_complete_callback
 .text.usbd_control_set_request
                0x100060b0       0x1c CMakeFiles/PicOV.dir/C_/Users/ashfa/.pico-sdk/sdk/2.0.0/lib/tinyusb/src/device/usbd_control.c.obj
                0x100060b0                usbd_control_set_request
 .text.usbd_control_xfer_cb
                0x100060cc       0xe0 CMakeFiles/PicOV.dir/C_/Users/ashfa/.pico-sdk/sdk/2.0.0/lib/tinyusb/src/device/usbd_control.c.obj
                0x100060cc                usbd_control_xfer_cb
 .text._prep_out_transaction
                0x100061ac       0x76 CMakeFiles/PicOV.dir/C_/Users/ashfa/.pico-sdk/sdk/2.0.0/lib/tinyusb/src/class/cdc/cdc_device.c.obj
 *fill*         0x10006222        0x2 
 .text.tud_cdc_n_connected
                0x10006224       0x3c CMakeFiles/PicOV.dir/C_/Users/ashfa/.pico-sdk/sdk/2.0.0/lib/tinyusb/src/class/cdc/cdc_device.c.obj
                0x10006224                tud_cdc_n_connected
 .text.tud_cdc_n_available
                0x10006260       0x1c CMakeFiles/PicOV.dir/C_/Users/ashfa/.pico-sdk/sdk/2.0.0/lib/tinyusb/src/class/cdc/cdc_device.c.obj
                0x10006260                tud_cdc_n_available
 .text.tud_cdc_n_read
                0x1000627c       0x40 CMakeFiles/PicOV.dir/C_/Users/ashfa/.pico-sdk/sdk/2.0.0/lib/tinyusb/src/class/cdc/cdc_device.c.obj
                0x1000627c                tud_cdc_n_read
 .text.tud_cdc_n_read_flush
                0x100062bc       0x28 CMakeFiles/PicOV.dir/C_/Users/ashfa/.pico-sdk/sdk/2.0.0/lib/tinyusb/src/class/cdc/cdc_device.c.obj
                0x100062bc                tud_cdc_n_read_flush
 .text.tud_cdc_n_write_flush
                0x100062e4       0xe0 CMakeFiles/PicOV.dir/C_/Users/ashfa/.pico-sdk/sdk/2.0.0/lib/tinyusb/src/class/cdc/cdc_device.c.obj
                0x100062e4                tud_cdc_n_write_flush
 .text.tud_cdc_n_write
                0x100063c4       0x4c CMakeFiles/PicOV.dir/C_/Users/ashfa/.pico-sdk/sdk/2.0.0/lib/tinyusb/src/class/cdc/cdc_device.c.obj
                0x100063c4                tud_cdc_n_write
 .text.cdcd_init
                0x10006410       0xdc CMakeFiles/PicOV.dir/C_/Users/ashfa/.pico-sdk/sdk/2.0.0/lib/tinyusb/src/class/cdc/cdc_device.c.obj
                0x10006410                cdcd_init
 .text.cdcd_deinit
                0x100064ec       0x5c CMakeFiles/PicOV.dir/C_/Users/ashfa/.pico-sdk/sdk/2.0.0/lib/tinyusb/src/class/cdc/cdc_device.c.obj
                0x100064ec                cdcd_deinit
 .text.cdcd_reset
                0x10006548       0x88 CMakeFiles/PicOV.dir/C_/Users/ashfa/.pico-sdk/sdk/2.0.0/lib/tinyusb/src/class/cdc/cdc_device.c.obj
                0x10006548                cdcd_reset
 .text.cdcd_open
                0x100065d0       0xf0 CMakeFiles/PicOV.dir/C_/Users/ashfa/.pico-sdk/sdk/2.0.0/lib/tinyusb/src/class/cdc/cdc_device.c.obj
                0x100065d0                cdcd_open
 .text.cdcd_control_xfer_cb
                0x100066c0      0x138 CMakeFiles/PicOV.dir/C_/Users/ashfa/.pico-sdk/sdk/2.0.0/lib/tinyusb/src/class/cdc/cdc_device.c.obj
                0x100066c0                cdcd_control_xfer_cb
 .text.cdcd_xfer_cb
                0x100067f8      0x148 CMakeFiles/PicOV.dir/C_/Users/ashfa/.pico-sdk/sdk/2.0.0/lib/tinyusb/src/class/cdc/cdc_device.c.obj
                0x100067f8                cdcd_xfer_cb
 .text.tusb_init
                0x10006940       0x24 CMakeFiles/PicOV.dir/C_/Users/ashfa/.pico-sdk/sdk/2.0.0/lib/tinyusb/src/tusb.c.obj
                0x10006940                tusb_init
 .text.tu_edpt_claim
                0x10006964       0x50 CMakeFiles/PicOV.dir/C_/Users/ashfa/.pico-sdk/sdk/2.0.0/lib/tinyusb/src/tusb.c.obj
                0x10006964                tu_edpt_claim
 .text.tu_edpt_release
                0x100069b4       0x38 CMakeFiles/PicOV.dir/C_/Users/ashfa/.pico-sdk/sdk/2.0.0/lib/tinyusb/src/tusb.c.obj
                0x100069b4                tu_edpt_release
 .text.tu_edpt_validate
                0x100069ec       0xac CMakeFiles/PicOV.dir/C_/Users/ashfa/.pico-sdk/sdk/2.0.0/lib/tinyusb/src/tusb.c.obj
                0x100069ec                tu_edpt_validate
 .text.tu_edpt_bind_driver
                0x10006a98       0x26 CMakeFiles/PicOV.dir/C_/Users/ashfa/.pico-sdk/sdk/2.0.0/lib/tinyusb/src/tusb.c.obj
                0x10006a98                tu_edpt_bind_driver
 .text.advance_index
                0x10006abe       0x1a CMakeFiles/PicOV.dir/C_/Users/ashfa/.pico-sdk/sdk/2.0.0/lib/tinyusb/src/common/tusb_fifo.c.obj
 .text._tu_fifo_peek
                0x10006ad8       0x56 CMakeFiles/PicOV.dir/C_/Users/ashfa/.pico-sdk/sdk/2.0.0/lib/tinyusb/src/common/tusb_fifo.c.obj
 .text._ff_pull_n
                0x10006b2e       0x68 CMakeFiles/PicOV.dir/C_/Users/ashfa/.pico-sdk/sdk/2.0.0/lib/tinyusb/src/common/tusb_fifo.c.obj
 .text._tu_fifo_peek_n
                0x10006b96       0x6a CMakeFiles/PicOV.dir/C_/Users/ashfa/.pico-sdk/sdk/2.0.0/lib/tinyusb/src/common/tusb_fifo.c.obj
 .text._tu_fifo_read_n
                0x10006c00       0x4e CMakeFiles/PicOV.dir/C_/Users/ashfa/.pico-sdk/sdk/2.0.0/lib/tinyusb/src/common/tusb_fifo.c.obj
 .text._ff_push_n
                0x10006c4e       0x68 CMakeFiles/PicOV.dir/C_/Users/ashfa/.pico-sdk/sdk/2.0.0/lib/tinyusb/src/common/tusb_fifo.c.obj
 .text._tu_fifo_write_n
                0x10006cb6       0xf0 CMakeFiles/PicOV.dir/C_/Users/ashfa/.pico-sdk/sdk/2.0.0/lib/tinyusb/src/common/tusb_fifo.c.obj
 .text.tu_fifo_config
                0x10006da6       0x7c CMakeFiles/PicOV.dir/C_/Users/ashfa/.pico-sdk/sdk/2.0.0/lib/tinyusb/src/common/tusb_fifo.c.obj
                0x10006da6                tu_fifo_config
 .text.tu_fifo_count
                0x10006e22       0x2a CMakeFiles/PicOV.dir/C_/Users/ashfa/.pico-sdk/sdk/2.0.0/lib/tinyusb/src/common/tusb_fifo.c.obj
                0x10006e22                tu_fifo_count
 .text.tu_fifo_empty
                0x10006e4c        0xe CMakeFiles/PicOV.dir/C_/Users/ashfa/.pico-sdk/sdk/2.0.0/lib/tinyusb/src/common/tusb_fifo.c.obj
                0x10006e4c                tu_fifo_empty
 .text.tu_fifo_full
                0x10006e5a       0x28 CMakeFiles/PicOV.dir/C_/Users/ashfa/.pico-sdk/sdk/2.0.0/lib/tinyusb/src/common/tusb_fifo.c.obj
                0x10006e5a                tu_fifo_full
 .text.tu_fifo_remaining
                0x10006e82       0x2c CMakeFiles/PicOV.dir/C_/Users/ashfa/.pico-sdk/sdk/2.0.0/lib/tinyusb/src/common/tusb_fifo.c.obj
                0x10006e82                tu_fifo_remaining
 .text.tu_fifo_read
                0x10006eae       0x42 CMakeFiles/PicOV.dir/C_/Users/ashfa/.pico-sdk/sdk/2.0.0/lib/tinyusb/src/common/tusb_fifo.c.obj
                0x10006eae                tu_fifo_read
 .text.tu_fifo_read_n
                0x10006ef0        0xa CMakeFiles/PicOV.dir/C_/Users/ashfa/.pico-sdk/sdk/2.0.0/lib/tinyusb/src/common/tusb_fifo.c.obj
                0x10006ef0                tu_fifo_read_n
 .text.tu_fifo_write
                0x10006efa       0x64 CMakeFiles/PicOV.dir/C_/Users/ashfa/.pico-sdk/sdk/2.0.0/lib/tinyusb/src/common/tusb_fifo.c.obj
                0x10006efa                tu_fifo_write
 .text.tu_fifo_write_n
                0x10006f5e        0xa CMakeFiles/PicOV.dir/C_/Users/ashfa/.pico-sdk/sdk/2.0.0/lib/tinyusb/src/common/tusb_fifo.c.obj
                0x10006f5e                tu_fifo_write_n
 .text.tu_fifo_clear
                0x10006f68       0x3e CMakeFiles/PicOV.dir/C_/Users/ashfa/.pico-sdk/sdk/2.0.0/lib/tinyusb/src/common/tusb_fifo.c.obj
                0x10006f68                tu_fifo_clear
 .text.tu_fifo_set_overwritable
                0x10006fa6       0x46 CMakeFiles/PicOV.dir/C_/Users/ashfa/.pico-sdk/sdk/2.0.0/lib/tinyusb/src/common/tusb_fifo.c.obj
                0x10006fa6                tu_fifo_set_overwritable
 .text.pio_get_default_sm_config
                0x10006fec       0x28 CMakeFiles/PicOV.dir/C_/Users/ashfa/.pico-sdk/sdk/2.0.0/src/rp2_common/hardware_pio/pio.c.obj
 .text.is_program_gpio_compatible
                0x10007014        0x4 CMakeFiles/PicOV.dir/C_/Users/ashfa/.pico-sdk/sdk/2.0.0/src/rp2_common/hardware_pio/pio.c.obj
 .text.add_program_at_offset_check
                0x10007018       0x64 CMakeFiles/PicOV.dir/C_/Users/ashfa/.pico-sdk/sdk/2.0.0/src/rp2_common/hardware_pio/pio.c.obj
 .text.add_program_at_offset
                0x1000707c       0x60 CMakeFiles/PicOV.dir/C_/Users/ashfa/.pico-sdk/sdk/2.0.0/src/rp2_common/hardware_pio/pio.c.obj
 .text.find_offset_for_program
                0x100070dc       0x7c CMakeFiles/PicOV.dir/C_/Users/ashfa/.pico-sdk/sdk/2.0.0/src/rp2_common/hardware_pio/pio.c.obj
 .text.pio_add_program
                0x10007158       0x30 CMakeFiles/PicOV.dir/C_/Users/ashfa/.pico-sdk/sdk/2.0.0/src/rp2_common/hardware_pio/pio.c.obj
                0x10007158                pio_add_program
 .text.pio_sm_set_consecutive_pindirs
                0x10007188       0xb4 CMakeFiles/PicOV.dir/C_/Users/ashfa/.pico-sdk/sdk/2.0.0/src/rp2_common/hardware_pio/pio.c.obj
                0x10007188                pio_sm_set_consecutive_pindirs
 .text.pio_sm_init
                0x1000723c       0xb4 CMakeFiles/PicOV.dir/C_/Users/ashfa/.pico-sdk/sdk/2.0.0/src/rp2_common/hardware_pio/pio.c.obj
                0x1000723c                pio_sm_init
 .text.atoi     0x100072f0        0xc C:/Users/ashfa/.pico-sdk/toolchain/13_2_Rel1/bin/../lib/gcc/arm-none-eabi/13.2.1/thumb/v6-m/nofp\libg.a(libc_a-atoi.o)
                0x100072f0                atoi
 .text.calloc   0x100072fc       0x18 C:/Users/ashfa/.pico-sdk/toolchain/13_2_Rel1/bin/../lib/gcc/arm-none-eabi/13.2.1/thumb/v6-m/nofp\libg.a(libc_a-calloc.o)
                0x100072fc                calloc
 .text._calloc_r
                0x10007314       0xa8 C:/Users/ashfa/.pico-sdk/toolchain/13_2_Rel1/bin/../lib/gcc/arm-none-eabi/13.2.1/thumb/v6-m/nofp\libg.a(libc_a-callocr.o)
                0x10007314                _calloc_r
 .text.malloc   0x100073bc       0x14 C:/Users/ashfa/.pico-sdk/toolchain/13_2_Rel1/bin/../lib/gcc/arm-none-eabi/13.2.1/thumb/v6-m/nofp\libg.a(libc_a-malloc.o)
                0x100073bc                malloc
 .text.free     0x100073d0       0x14 C:/Users/ashfa/.pico-sdk/toolchain/13_2_Rel1/bin/../lib/gcc/arm-none-eabi/13.2.1/thumb/v6-m/nofp\libg.a(libc_a-malloc.o)
                0x100073d0                free
 .text._malloc_r
                0x100073e4      0x5c4 C:/Users/ashfa/.pico-sdk/toolchain/13_2_Rel1/bin/../lib/gcc/arm-none-eabi/13.2.1/thumb/v6-m/nofp\libg.a(libc_a-mallocr.o)
                0x100073e4                _malloc_r
 .text.__malloc_lock
                0x100079a8       0x10 C:/Users/ashfa/.pico-sdk/toolchain/13_2_Rel1/bin/../lib/gcc/arm-none-eabi/13.2.1/thumb/v6-m/nofp\libg.a(libc_a-mlock.o)
                0x100079a8                __malloc_lock
 .text.__malloc_unlock
                0x100079b8       0x10 C:/Users/ashfa/.pico-sdk/toolchain/13_2_Rel1/bin/../lib/gcc/arm-none-eabi/13.2.1/thumb/v6-m/nofp\libg.a(libc_a-mlock.o)
                0x100079b8                __malloc_unlock
 .text._strtol_l.isra.0
                0x100079c8      0x158 C:/Users/ashfa/.pico-sdk/toolchain/13_2_Rel1/bin/../lib/gcc/arm-none-eabi/13.2.1/thumb/v6-m/nofp\libg.a(libc_a-strtol.o)
 .text.strtol   0x10007b20       0x18 C:/Users/ashfa/.pico-sdk/toolchain/13_2_Rel1/bin/../lib/gcc/arm-none-eabi/13.2.1/thumb/v6-m/nofp\libg.a(libc_a-strtol.o)
                0x10007b20                strtol
 .text.strncpy  0x10007b38       0x60 C:/Users/ashfa/.pico-sdk/toolchain/13_2_Rel1/bin/../lib/gcc/arm-none-eabi/13.2.1/thumb/v6-m/nofp\libg.a(libc_a-strncpy.o)
                0x10007b38                strncpy
 .text.strtok   0x10007b98       0x14 C:/Users/ashfa/.pico-sdk/toolchain/13_2_Rel1/bin/../lib/gcc/arm-none-eabi/13.2.1/thumb/v6-m/nofp\libg.a(libc_a-strtok.o)
                0x10007b98                strtok
 .text.__strtok_r
                0x10007bac       0x64 C:/Users/ashfa/.pico-sdk/toolchain/13_2_Rel1/bin/../lib/gcc/arm-none-eabi/13.2.1/thumb/v6-m/nofp\libg.a(libc_a-strtok_r.o)
                0x10007bac                __strtok_r
 .text._sbrk_r  0x10007c10       0x24 C:/Users/ashfa/.pico-sdk/toolchain/13_2_Rel1/bin/../lib/gcc/arm-none-eabi/13.2.1/thumb/v6-m/nofp\libg.a(libc_a-sbrkr.o)
                0x10007c10                _sbrk_r
 .text.__errno  0x10007c34        0xc C:/Users/ashfa/.pico-sdk/toolchain/13_2_Rel1/bin/../lib/gcc/arm-none-eabi/13.2.1/thumb/v6-m/nofp\libg.a(libc_a-errno.o)
                0x10007c34                __errno
 .text.__retarget_lock_acquire_recursive
                0x10007c40        0x4 C:/Users/ashfa/.pico-sdk/toolchain/13_2_Rel1/bin/../lib/gcc/arm-none-eabi/13.2.1/thumb/v6-m/nofp\libg.a(libc_a-lock.o)
                0x10007c40                __retarget_lock_acquire_recursive
 .text.__retarget_lock_release_recursive
                0x10007c44        0x4 C:/Users/ashfa/.pico-sdk/toolchain/13_2_Rel1/bin/../lib/gcc/arm-none-eabi/13.2.1/thumb/v6-m/nofp\libg.a(libc_a-lock.o)
                0x10007c44                __retarget_lock_release_recursive
 .text.sysconf  0x10007c48       0x1c C:/Users/ashfa/.pico-sdk/toolchain/13_2_Rel1/bin/../lib/gcc/arm-none-eabi/13.2.1/thumb/v6-m/nofp\libg.a(libc_a-sysconf.o)
                0x10007c48                sysconf
 .text          0x10007c64       0x88 C:/Users/ashfa/.pico-sdk/toolchain/13_2_Rel1/bin/../lib/gcc/arm-none-eabi/13.2.1/thumb/v6-m/nofp\libg.a(libc_a-strcmp.o)
                0x10007c64                strcmp
 .text.strlen   0x10007cec       0x5c C:/Users/ashfa/.pico-sdk/toolchain/13_2_Rel1/bin/../lib/gcc/arm-none-eabi/13.2.1/thumb/v6-m/nofp\libg.a(libc_a-strlen-stub.o)
                0x10007cec                strlen
 .text._malloc_trim_r
                0x10007d48       0xb4 C:/Users/ashfa/.pico-sdk/toolchain/13_2_Rel1/bin/../lib/gcc/arm-none-eabi/13.2.1/thumb/v6-m/nofp\libg.a(libc_a-freer.o)
                0x10007d48                _malloc_trim_r
 .text._free_r  0x10007dfc      0x1d4 C:/Users/ashfa/.pico-sdk/toolchain/13_2_Rel1/bin/../lib/gcc/arm-none-eabi/13.2.1/thumb/v6-m/nofp\libg.a(libc_a-freer.o)
                0x10007dfc                _free_r
 *(.fini)
 .fini          0x10007fd0        0x4 C:/Users/ashfa/.pico-sdk/toolchain/13_2_Rel1/bin/../lib/gcc/arm-none-eabi/13.2.1/thumb/v6-m/nofp/crti.o
                0x10007fd0                _fini
 *fill*         0x10007fd4        0x4 
 .fini.__stub   0x10007fd8       0xc0 linker stubs
 *crtbegin.o(.ctors)
 *crtbegin?.o(.ctors)
 *(EXCLUDE_FILE(*crtend.o *crtend?.o) .ctors)
 *(SORT_BY_NAME(.ctors.*))
 *(.ctors)
 *crtbegin.o(.dtors)
 *crtbegin?.o(.dtors)
 *(EXCLUDE_FILE(*crtend.o *crtend?.o) .dtors)
 *(SORT_BY_NAME(.dtors.*))
 *(.dtors)
                0x10008098                        . = ALIGN (0x4)
                0x10008098                        PROVIDE (__preinit_array_start = .)
 *(SORT_BY_NAME(.preinit_array.*))
 .preinit_array.00100
                0x10008098        0x4 CMakeFiles/PicOV.dir/C_/Users/ashfa/.pico-sdk/sdk/2.0.0/src/rp2_common/pico_runtime_init/runtime_init.c.obj
                0x10008098                __pre_init_runtime_init_early_resets
 .preinit_array.00101
                0x1000809c        0x4 CMakeFiles/PicOV.dir/C_/Users/ashfa/.pico-sdk/sdk/2.0.0/src/rp2_common/pico_runtime_init/runtime_init.c.obj
                0x1000809c                __pre_init_runtime_init_usb_power_down
 .preinit_array.00275
                0x100080a0        0x4 CMakeFiles/PicOV.dir/C_/Users/ashfa/.pico-sdk/sdk/2.0.0/src/rp2_common/pico_bit_ops/bit_ops_aeabi.S.obj
 .preinit_array.00300
                0x100080a4        0x4 CMakeFiles/PicOV.dir/C_/Users/ashfa/.pico-sdk/sdk/2.0.0/src/rp2_common/pico_mem_ops/mem_ops_aeabi.S.obj
 .preinit_array.00350
                0x100080a8        0x4 CMakeFiles/PicOV.dir/C_/Users/ashfa/.pico-sdk/sdk/2.0.0/src/rp2_common/pico_double/double_aeabi_rp2040.S.obj
 .preinit_array.00350
                0x100080ac        0x4 CMakeFiles/PicOV.dir/C_/Users/ashfa/.pico-sdk/sdk/2.0.0/src/rp2_common/pico_float/float_aeabi_rp2040.S.obj
 .preinit_array.00500
                0x100080b0        0x4 CMakeFiles/PicOV.dir/C_/Users/ashfa/.pico-sdk/sdk/2.0.0/src/rp2_common/pico_runtime_init/runtime_init.c.obj
                0x100080b0                __pre_init_runtime_init_clocks
 .preinit_array.00600
                0x100080b4        0x4 CMakeFiles/PicOV.dir/C_/Users/ashfa/.pico-sdk/sdk/2.0.0/src/rp2_common/pico_runtime_init/runtime_init.c.obj
                0x100080b4                __pre_init_runtime_init_post_clock_resets
 .preinit_array.00700
                0x100080b8        0x4 CMakeFiles/PicOV.dir/C_/Users/ashfa/.pico-sdk/sdk/2.0.0/src/rp2_common/pico_runtime_init/runtime_init.c.obj
                0x100080b8                __pre_init_runtime_init_rp2040_gpio_ie_disable
 .preinit_array.01000
                0x100080bc        0x4 CMakeFiles/PicOV.dir/C_/Users/ashfa/.pico-sdk/sdk/2.0.0/src/rp2_common/pico_runtime_init/runtime_init.c.obj
                0x100080bc                __pre_init_runtime_init_spin_locks_reset
 .preinit_array.01100
                0x100080c0        0x4 CMakeFiles/PicOV.dir/C_/Users/ashfa/.pico-sdk/sdk/2.0.0/src/common/pico_sync/mutex.c.obj
                0x100080c0                __pre_init_runtime_init_mutex
 .preinit_array.10080
                0x100080c4        0x4 CMakeFiles/PicOV.dir/C_/Users/ashfa/.pico-sdk/sdk/2.0.0/src/rp2_common/pico_runtime_init/runtime_init.c.obj
                0x100080c4                __pre_init_runtime_init_install_ram_vector_table
 .preinit_array.11000
                0x100080c8        0x4 CMakeFiles/PicOV.dir/C_/Users/ashfa/.pico-sdk/sdk/2.0.0/src/common/pico_time/time.c.obj
                0x100080c8                __pre_init_runtime_init_default_alarm_pool
 .preinit_array.YYYYY
                0x100080cc        0x4 CMakeFiles/PicOV.dir/C_/Users/ashfa/.pico-sdk/sdk/2.0.0/src/rp2_common/pico_runtime/runtime.c.obj
                0x100080cc                __pre_init_first_per_core_initializer
 .preinit_array.ZZZZZ.01200
                0x100080d0        0x4 CMakeFiles/PicOV.dir/C_/Users/ashfa/.pico-sdk/sdk/2.0.0/src/rp2_common/hardware_irq/irq.c.obj
                0x100080d0                __pre_init_runtime_init_per_core_irq_priorities
 *(.preinit_array)
                0x100080d4                        PROVIDE (__preinit_array_end = .)
                0x100080d4                        . = ALIGN (0x4)
                0x100080d4                        PROVIDE (__init_array_start = .)
 *(SORT_BY_NAME(.init_array.*))
 *(.init_array)
 .init_array    0x100080d4        0x4 C:/Users/ashfa/.pico-sdk/toolchain/13_2_Rel1/bin/../lib/gcc/arm-none-eabi/13.2.1/thumb/v6-m/nofp/crtbegin.o
                0x100080d8                        PROVIDE (__init_array_end = .)
                0x100080d8                        . = ALIGN (0x4)
                [!provide]                        PROVIDE (__fini_array_start = .)
 *(SORT_BY_NAME(.fini_array.*))
 *(.fini_array)
                [!provide]                        PROVIDE (__fini_array_end = .)
 *(.eh_frame*)
 .eh_frame      0x100080d8        0x0 C:/Users/ashfa/.pico-sdk/toolchain/13_2_Rel1/bin/../lib/gcc/arm-none-eabi/13.2.1/thumb/v6-m/nofp/crtbegin.o
                0x100080d8                        . = ALIGN (0x4)

.glue_7         0x100080d8        0x0
 .glue_7        0x100080d8        0x0 linker stubs

.glue_7t        0x100080d8        0x0
 .glue_7t       0x100080d8        0x0 linker stubs

.vfp11_veneer   0x100080d8        0x0
 .vfp11_veneer  0x100080d8        0x0 linker stubs

.v4_bx          0x100080d8        0x0
 .v4_bx         0x100080d8        0x0 linker stubs

.iplt           0x100080d8        0x0
 .iplt          0x100080d8        0x0 C:/Users/ashfa/.pico-sdk/toolchain/13_2_Rel1/bin/../lib/gcc/arm-none-eabi/13.2.1/thumb/v6-m/nofp/crtbegin.o

.rodata         0x100080d8     0x1684
 *(EXCLUDE_FILE(*libm.a: *libc.a:*lib_a-mem*.o *libgcc.a:) .rodata*)
 .rodata.ov_msg_parse.str1.4
                0x100080d8      0xc35 CMakeFiles/PicOV.dir/src/main.c.obj
                                 0x21 (size before relaxing)
 *fill*         0x10008d0d        0x3 
 .rodata.camera_cfg
                0x10008d10       0x30 CMakeFiles/PicOV.dir/src/main.c.obj
 .rodata.channel_config_set_chain_to.str1.4
                0x10008d40       0x76 CMakeFiles/PicOV.dir/src/ov2640.c.obj
 .rodata.channel_config_set_dreq.str1.4
                0x10008d40       0x13 CMakeFiles/PicOV.dir/src/ov2640.c.obj
 .rodata.__func__.1
                0x10008d40       0x18 CMakeFiles/PicOV.dir/src/ov2640.c.obj
 .rodata.__func__.3
                0x10008d58       0x1c CMakeFiles/PicOV.dir/src/ov2640.c.obj
 .rodata.ov2640_vga
                0x10008d74      0x1da CMakeFiles/PicOV.dir/src/ov2640.c.obj
 *fill*         0x10008f4e        0x2 
 .rodata.ov2640_uxga_cif
                0x10008f50       0x22 CMakeFiles/PicOV.dir/src/ov2640.c.obj
 *fill*         0x10008f72        0x2 
 .rodata.image_program
                0x10008f74        0x8 CMakeFiles/PicOV.dir/src/ov2640.c.obj
 .rodata.image_program_instructions
                0x10008f7c        0x8 CMakeFiles/PicOV.dir/src/ov2640.c.obj
 .rodata.str1.4
                0x10008f84       0x26 CMakeFiles/PicOV.dir/src/usb_descriptors.c.obj
 .rodata.string_desc_arr
                0x10008f84       0x14 CMakeFiles/PicOV.dir/src/usb_descriptors.c.obj
 .rodata.__compound_literal.0
                0x10008f98        0x2 CMakeFiles/PicOV.dir/src/usb_descriptors.c.obj
 *fill*         0x10008f9a        0x2 
 .rodata.desc_fs_cfg
                0x10008f9c       0x4b CMakeFiles/PicOV.dir/src/usb_descriptors.c.obj
 *fill*         0x10008fe7        0x1 
 .rodata.usb_desc_device
                0x10008fe8       0x12 CMakeFiles/PicOV.dir/src/usb_descriptors.c.obj
 .rodata.multicore_lockout_start_block_until.str1.4
                0x10008ffa       0x65 CMakeFiles/PicOV.dir/C_/Users/ashfa/.pico-sdk/sdk/2.0.0/src/rp2_common/pico_multicore/multicore.c.obj
 .rodata.multicore_launch_core1_with_stack.str1.4
                0x10008ffa       0x19 CMakeFiles/PicOV.dir/C_/Users/ashfa/.pico-sdk/sdk/2.0.0/src/rp2_common/pico_multicore/multicore.c.obj
 *fill*         0x10008ffa        0x2 
 .rodata.__func__.2
                0x10008ffc       0x22 CMakeFiles/PicOV.dir/C_/Users/ashfa/.pico-sdk/sdk/2.0.0/src/rp2_common/pico_multicore/multicore.c.obj
 .rodata.runtime_init_mutex.str1.4
                0x1000901e       0x60 CMakeFiles/PicOV.dir/C_/Users/ashfa/.pico-sdk/sdk/2.0.0/src/common/pico_sync/mutex.c.obj
 .rodata.str1.4
                0x1000901e       0x51 CMakeFiles/PicOV.dir/C_/Users/ashfa/.pico-sdk/sdk/2.0.0/src/common/pico_sync/mutex.c.obj
 *fill*         0x1000901e        0x2 
 .rodata.__func__.1
                0x10009020        0xb CMakeFiles/PicOV.dir/C_/Users/ashfa/.pico-sdk/sdk/2.0.0/src/common/pico_sync/mutex.c.obj
 *fill*         0x1000902b        0x1 
 .rodata.__func__.3
                0x1000902c       0x18 CMakeFiles/PicOV.dir/C_/Users/ashfa/.pico-sdk/sdk/2.0.0/src/common/pico_sync/mutex.c.obj
 .rodata.__func__.6
                0x10009044       0x13 CMakeFiles/PicOV.dir/C_/Users/ashfa/.pico-sdk/sdk/2.0.0/src/common/pico_sync/mutex.c.obj
 .rodata.alarm_pool_irq_handler.str1.4
                0x10009057       0x6b CMakeFiles/PicOV.dir/C_/Users/ashfa/.pico-sdk/sdk/2.0.0/src/common/pico_time/time.c.obj
 .rodata.alarm_pool_get_default.str1.4
                0x10009057       0x21 CMakeFiles/PicOV.dir/C_/Users/ashfa/.pico-sdk/sdk/2.0.0/src/common/pico_time/time.c.obj
 .rodata.sleep_until.str1.4
                0x10009057       0x4d CMakeFiles/PicOV.dir/C_/Users/ashfa/.pico-sdk/sdk/2.0.0/src/common/pico_time/time.c.obj
 *fill*         0x10009057        0x1 
 .rodata.__func__.1
                0x10009058       0x17 CMakeFiles/PicOV.dir/C_/Users/ashfa/.pico-sdk/sdk/2.0.0/src/common/pico_time/time.c.obj
 *fill*         0x1000906f        0x1 
 .rodata.__func__.2
                0x10009070       0x17 CMakeFiles/PicOV.dir/C_/Users/ashfa/.pico-sdk/sdk/2.0.0/src/common/pico_time/time.c.obj
 .rodata.timer_hardware_alarm_claim.str1.4
                0x10009087       0x22 CMakeFiles/PicOV.dir/C_/Users/ashfa/.pico-sdk/sdk/2.0.0/src/rp2_common/hardware_timer/timer.c.obj
 .rodata.rp2040_chip_version.str1.4
                0x10009087       0x7d CMakeFiles/PicOV.dir/C_/Users/ashfa/.pico-sdk/sdk/2.0.0/src/rp2040/pico_platform/platform.c.obj
 *fill*         0x10009087        0x1 
 .rodata.__func__.0
                0x10009088       0x14 CMakeFiles/PicOV.dir/C_/Users/ashfa/.pico-sdk/sdk/2.0.0/src/rp2040/pico_platform/platform.c.obj
 .rodata.panic.str1.4
                0x1000909c       0x12 CMakeFiles/PicOV.dir/C_/Users/ashfa/.pico-sdk/sdk/2.0.0/src/rp2_common/pico_platform_panic/panic.c.obj
 .rodata.spin_lock_claim_unused.str1.4
                0x1000909c       0x1b CMakeFiles/PicOV.dir/C_/Users/ashfa/.pico-sdk/sdk/2.0.0/src/rp2_common/hardware_sync/sync.c.obj
 .rodata.resolve_j_16.str1.4
                0x1000909c       0x5d CMakeFiles/PicOV.dir/C_/Users/ashfa/.pico-sdk/sdk/2.0.0/src/rp2_common/hardware_irq/irq.c.obj
 .rodata.make_j_16.str1.4
                0x1000909c       0x30 CMakeFiles/PicOV.dir/C_/Users/ashfa/.pico-sdk/sdk/2.0.0/src/rp2_common/hardware_irq/irq.c.obj
 .rodata.insert_bl_32.str1.4
                0x1000909c       0x10 CMakeFiles/PicOV.dir/C_/Users/ashfa/.pico-sdk/sdk/2.0.0/src/rp2_common/hardware_irq/irq.c.obj
 .rodata.irq_set_exclusive_handler.str1.4
                0x1000909c       0x36 CMakeFiles/PicOV.dir/C_/Users/ashfa/.pico-sdk/sdk/2.0.0/src/rp2_common/hardware_irq/irq.c.obj
 .rodata.irq_add_shared_handler.str1.4
                0x1000909c       0xd2 CMakeFiles/PicOV.dir/C_/Users/ashfa/.pico-sdk/sdk/2.0.0/src/rp2_common/hardware_irq/irq.c.obj
 .rodata.irq_remove_handler.str1.4
                0x1000909c       0x3a CMakeFiles/PicOV.dir/C_/Users/ashfa/.pico-sdk/sdk/2.0.0/src/rp2_common/hardware_irq/irq.c.obj
 .rodata.irq_add_tail_to_free_list.str1.4
                0x1000909c       0x3a CMakeFiles/PicOV.dir/C_/Users/ashfa/.pico-sdk/sdk/2.0.0/src/rp2_common/hardware_irq/irq.c.obj
 .rodata.__func__.0
                0x1000909c       0x1a CMakeFiles/PicOV.dir/C_/Users/ashfa/.pico-sdk/sdk/2.0.0/src/rp2_common/hardware_irq/irq.c.obj
 *fill*         0x100090b6        0x2 
 .rodata.__func__.1
                0x100090b8        0xd CMakeFiles/PicOV.dir/C_/Users/ashfa/.pico-sdk/sdk/2.0.0/src/rp2_common/hardware_irq/irq.c.obj
 *fill*         0x100090c5        0x3 
 .rodata.__func__.2
                0x100090c8       0x13 CMakeFiles/PicOV.dir/C_/Users/ashfa/.pico-sdk/sdk/2.0.0/src/rp2_common/hardware_irq/irq.c.obj
 *fill*         0x100090db        0x1 
 .rodata.__func__.3
                0x100090dc        0xa CMakeFiles/PicOV.dir/C_/Users/ashfa/.pico-sdk/sdk/2.0.0/src/rp2_common/hardware_irq/irq.c.obj
 *fill*         0x100090e6        0x2 
 .rodata.__func__.4
                0x100090e8        0xd CMakeFiles/PicOV.dir/C_/Users/ashfa/.pico-sdk/sdk/2.0.0/src/rp2_common/hardware_irq/irq.c.obj
 *fill*         0x100090f5        0x3 
 .rodata.__func__.5
                0x100090f8       0x17 CMakeFiles/PicOV.dir/C_/Users/ashfa/.pico-sdk/sdk/2.0.0/src/rp2_common/hardware_irq/irq.c.obj
 *fill*         0x1000910f        0x1 
 .rodata.__func__.6
                0x10009110       0x1a CMakeFiles/PicOV.dir/C_/Users/ashfa/.pico-sdk/sdk/2.0.0/src/rp2_common/hardware_irq/irq.c.obj
 .rodata.element_ptr.str1.4
                0x1000912a       0x5c CMakeFiles/PicOV.dir/C_/Users/ashfa/.pico-sdk/sdk/2.0.0/src/common/pico_util/queue.c.obj
 *fill*         0x1000912a        0x2 
 .rodata.__func__.0
                0x1000912c        0xc CMakeFiles/PicOV.dir/C_/Users/ashfa/.pico-sdk/sdk/2.0.0/src/common/pico_util/queue.c.obj
 .rodata.pll_init.str1.4
                0x10009138      0x11c CMakeFiles/PicOV.dir/C_/Users/ashfa/.pico-sdk/sdk/2.0.0/src/rp2_common/hardware_pll/pll.c.obj
 .rodata.__func__.0
                0x10009138        0x9 CMakeFiles/PicOV.dir/C_/Users/ashfa/.pico-sdk/sdk/2.0.0/src/rp2_common/hardware_pll/pll.c.obj
 .rodata.__aeabi_double_init.str1.4
                0x10009141       0x9b CMakeFiles/PicOV.dir/C_/Users/ashfa/.pico-sdk/sdk/2.0.0/src/rp2_common/pico_double/double_init_rom_rp2040.c.obj
 *fill*         0x10009141        0x3 
 .rodata.__func__.0
                0x10009144       0x14 CMakeFiles/PicOV.dir/C_/Users/ashfa/.pico-sdk/sdk/2.0.0/src/rp2_common/pico_double/double_init_rom_rp2040.c.obj
 .rodata.__aeabi_float_init.str1.4
                0x10009158       0x8d CMakeFiles/PicOV.dir/C_/Users/ashfa/.pico-sdk/sdk/2.0.0/src/rp2_common/pico_float/float_init_rom_rp2040.c.obj
 .rodata.__func__.0
                0x10009158       0x13 CMakeFiles/PicOV.dir/C_/Users/ashfa/.pico-sdk/sdk/2.0.0/src/rp2_common/pico_float/float_init_rom_rp2040.c.obj
 .rodata.check_alloc.str1.4
                0x1000916b        0xe CMakeFiles/PicOV.dir/C_/Users/ashfa/.pico-sdk/sdk/2.0.0/src/rp2_common/pico_malloc/malloc.c.obj
 .rodata.str1.4
                0x1000916b       0x2c CMakeFiles/PicOV.dir/C_/Users/ashfa/.pico-sdk/sdk/2.0.0/src/rp2_common/pico_standard_binary_info/standard_binary_info.c.obj
 *fill*         0x1000916b        0x1 
 .rodata.__bi_84
                0x1000916c        0xc CMakeFiles/PicOV.dir/C_/Users/ashfa/.pico-sdk/sdk/2.0.0/src/rp2_common/pico_standard_binary_info/standard_binary_info.c.obj
 .rodata.__bi_54
                0x10009178        0xc CMakeFiles/PicOV.dir/C_/Users/ashfa/.pico-sdk/sdk/2.0.0/src/rp2_common/pico_standard_binary_info/standard_binary_info.c.obj
 .rodata.__bi_48
                0x10009184        0xc CMakeFiles/PicOV.dir/C_/Users/ashfa/.pico-sdk/sdk/2.0.0/src/rp2_common/pico_standard_binary_info/standard_binary_info.c.obj
 .rodata.__bi_42
                0x10009190        0xc CMakeFiles/PicOV.dir/C_/Users/ashfa/.pico-sdk/sdk/2.0.0/src/rp2_common/pico_standard_binary_info/standard_binary_info.c.obj
 .rodata.__bi_34
                0x1000919c        0xc CMakeFiles/PicOV.dir/C_/Users/ashfa/.pico-sdk/sdk/2.0.0/src/rp2_common/pico_standard_binary_info/standard_binary_info.c.obj
 .rodata.__bi_26
                0x100091a8        0xc CMakeFiles/PicOV.dir/C_/Users/ashfa/.pico-sdk/sdk/2.0.0/src/rp2_common/pico_standard_binary_info/standard_binary_info.c.obj
 .rodata._ftoa.str1.4
                0x100091b4       0x15 CMakeFiles/PicOV.dir/C_/Users/ashfa/.pico-sdk/sdk/2.0.0/src/rp2_common/pico_printf/printf.c.obj
 .rodata._vsnprintf
                0x100091b4      0x19c CMakeFiles/PicOV.dir/C_/Users/ashfa/.pico-sdk/sdk/2.0.0/src/rp2_common/pico_printf/printf.c.obj
 .rodata.pow10.0
                0x10009350       0x50 CMakeFiles/PicOV.dir/C_/Users/ashfa/.pico-sdk/sdk/2.0.0/src/rp2_common/pico_printf/printf.c.obj
 .rodata.__assert_func.str1.4
                0x100093a0       0x43 CMakeFiles/PicOV.dir/C_/Users/ashfa/.pico-sdk/sdk/2.0.0/src/rp2_common/pico_clib_interface/newlib_interface.c.obj
 .rodata.crlf_str.0
                0x100093a0        0x2 CMakeFiles/PicOV.dir/C_/Users/ashfa/.pico-sdk/sdk/2.0.0/src/rp2_common/pico_stdio/stdio.c.obj
 .rodata.str1.4
                0x100093a2       0x2c CMakeFiles/PicOV.dir/C_/Users/ashfa/.pico-sdk/sdk/2.0.0/src/rp2_common/pico_stdio_uart/stdio_uart.c.obj
 *fill*         0x100093a2        0x2 
 .rodata.__bi_45.4
                0x100093a4        0xc CMakeFiles/PicOV.dir/C_/Users/ashfa/.pico-sdk/sdk/2.0.0/src/rp2_common/pico_stdio_uart/stdio_uart.c.obj
 .rodata.__bi_49.5
                0x100093b0        0x8 CMakeFiles/PicOV.dir/C_/Users/ashfa/.pico-sdk/sdk/2.0.0/src/rp2_common/pico_stdio_uart/stdio_uart.c.obj
 .rodata.__bi_50.6
                0x100093b8        0x8 CMakeFiles/PicOV.dir/C_/Users/ashfa/.pico-sdk/sdk/2.0.0/src/rp2_common/pico_stdio_uart/stdio_uart.c.obj
 .rodata.i2c_set_baudrate.str1.4
                0x100093c0       0x65 CMakeFiles/PicOV.dir/C_/Users/ashfa/.pico-sdk/sdk/2.0.0/src/rp2_common/hardware_i2c/i2c.c.obj
 .rodata.__func__.0
                0x100093c0       0x11 CMakeFiles/PicOV.dir/C_/Users/ashfa/.pico-sdk/sdk/2.0.0/src/rp2_common/hardware_i2c/i2c.c.obj
 .rodata._hw_endpoint_alloc.str1.4
                0x100093d1       0xbd CMakeFiles/PicOV.dir/C_/Users/ashfa/.pico-sdk/sdk/2.0.0/lib/tinyusb/src/portable/raspberrypi/rp2040/dcd_rp2040.c.obj
 .rodata.str1.4
                0x100093d1       0x14 CMakeFiles/PicOV.dir/C_/Users/ashfa/.pico-sdk/sdk/2.0.0/lib/tinyusb/src/portable/raspberrypi/rp2040/dcd_rp2040.c.obj
 .rodata.dcd_int_enable.str1.4
                0x100093d1        0xc CMakeFiles/PicOV.dir/C_/Users/ashfa/.pico-sdk/sdk/2.0.0/lib/tinyusb/src/portable/raspberrypi/rp2040/dcd_rp2040.c.obj
 *fill*         0x100093d1        0x3 
 .rodata.__func__.0
                0x100093d4        0xe CMakeFiles/PicOV.dir/C_/Users/ashfa/.pico-sdk/sdk/2.0.0/lib/tinyusb/src/portable/raspberrypi/rp2040/dcd_rp2040.c.obj
 *fill*         0x100093e2        0x2 
 .rodata.__func__.1
                0x100093e4        0xe CMakeFiles/PicOV.dir/C_/Users/ashfa/.pico-sdk/sdk/2.0.0/lib/tinyusb/src/portable/raspberrypi/rp2040/dcd_rp2040.c.obj
 *fill*         0x100093f2        0x2 
 .rodata.__func__.3
                0x100093f4       0x10 CMakeFiles/PicOV.dir/C_/Users/ashfa/.pico-sdk/sdk/2.0.0/lib/tinyusb/src/portable/raspberrypi/rp2040/dcd_rp2040.c.obj
 .rodata.__func__.5
                0x10009404        0xf CMakeFiles/PicOV.dir/C_/Users/ashfa/.pico-sdk/sdk/2.0.0/lib/tinyusb/src/portable/raspberrypi/rp2040/dcd_rp2040.c.obj
 *fill*         0x10009413        0x1 
 .rodata.__func__.6
                0x10009414       0x13 CMakeFiles/PicOV.dir/C_/Users/ashfa/.pico-sdk/sdk/2.0.0/lib/tinyusb/src/portable/raspberrypi/rp2040/dcd_rp2040.c.obj
 *fill*         0x10009427        0x1 
 .rodata.__func__.7
                0x10009428        0x9 CMakeFiles/PicOV.dir/C_/Users/ashfa/.pico-sdk/sdk/2.0.0/lib/tinyusb/src/portable/raspberrypi/rp2040/dcd_rp2040.c.obj
 .rodata.str1.4
                0x10009431       0xe4 CMakeFiles/PicOV.dir/C_/Users/ashfa/.pico-sdk/sdk/2.0.0/lib/tinyusb/src/portable/raspberrypi/rp2040/rp2040_usb.c.obj
 .rodata.hw_endpoint_xfer_start.str1.4
                0x10009431       0x38 CMakeFiles/PicOV.dir/C_/Users/ashfa/.pico-sdk/sdk/2.0.0/lib/tinyusb/src/portable/raspberrypi/rp2040/rp2040_usb.c.obj
 *fill*         0x10009431        0x3 
 .rodata.__func__.0
                0x10009434        0xf CMakeFiles/PicOV.dir/C_/Users/ashfa/.pico-sdk/sdk/2.0.0/lib/tinyusb/src/portable/raspberrypi/rp2040/rp2040_usb.c.obj
 .rodata.configuration_reset.str1.4
                0x10009443       0x17 CMakeFiles/PicOV.dir/C_/Users/ashfa/.pico-sdk/sdk/2.0.0/lib/tinyusb/src/device/usbd.c.obj
 *fill*         0x10009443        0x1 
 .rodata.process_get_descriptor
                0x10009444       0x40 CMakeFiles/PicOV.dir/C_/Users/ashfa/.pico-sdk/sdk/2.0.0/lib/tinyusb/src/device/usbd.c.obj
 .rodata        0x10009484       0x1c CMakeFiles/PicOV.dir/C_/Users/ashfa/.pico-sdk/sdk/2.0.0/lib/tinyusb/src/device/usbd.c.obj
 .rodata.process_control_request
                0x100094a0       0x28 CMakeFiles/PicOV.dir/C_/Users/ashfa/.pico-sdk/sdk/2.0.0/lib/tinyusb/src/device/usbd.c.obj
 .rodata.tud_task_ext
                0x100094c8       0x24 CMakeFiles/PicOV.dir/C_/Users/ashfa/.pico-sdk/sdk/2.0.0/lib/tinyusb/src/device/usbd.c.obj
 .rodata.__func__.4
                0x100094ec        0xf CMakeFiles/PicOV.dir/C_/Users/ashfa/.pico-sdk/sdk/2.0.0/lib/tinyusb/src/device/usbd.c.obj
 *fill*         0x100094fb        0x1 
 .rodata.__func__.5
                0x100094fc        0xf CMakeFiles/PicOV.dir/C_/Users/ashfa/.pico-sdk/sdk/2.0.0/lib/tinyusb/src/device/usbd.c.obj
 *fill*         0x1000950b        0x1 
 .rodata.__func__.6
                0x1000950c       0x14 CMakeFiles/PicOV.dir/C_/Users/ashfa/.pico-sdk/sdk/2.0.0/lib/tinyusb/src/device/usbd.c.obj
 .rodata.__func__.7
                0x10009520        0xc CMakeFiles/PicOV.dir/C_/Users/ashfa/.pico-sdk/sdk/2.0.0/lib/tinyusb/src/device/usbd.c.obj
 .rodata.__func__.8
                0x1000952c       0x17 CMakeFiles/PicOV.dir/C_/Users/ashfa/.pico-sdk/sdk/2.0.0/lib/tinyusb/src/device/usbd.c.obj
 *fill*         0x10009543        0x1 
 .rodata.__func__.9
                0x10009544       0x13 CMakeFiles/PicOV.dir/C_/Users/ashfa/.pico-sdk/sdk/2.0.0/lib/tinyusb/src/device/usbd.c.obj
 *fill*         0x10009557        0x1 
 .rodata.__func__.10
                0x10009558       0x18 CMakeFiles/PicOV.dir/C_/Users/ashfa/.pico-sdk/sdk/2.0.0/lib/tinyusb/src/device/usbd.c.obj
 .rodata.__func__.11
                0x10009570       0x14 CMakeFiles/PicOV.dir/C_/Users/ashfa/.pico-sdk/sdk/2.0.0/lib/tinyusb/src/device/usbd.c.obj
 .rodata.__func__.12
                0x10009584        0xd CMakeFiles/PicOV.dir/C_/Users/ashfa/.pico-sdk/sdk/2.0.0/lib/tinyusb/src/device/usbd.c.obj
 *fill*         0x10009591        0x3 
 .rodata.__func__.13