Archive member included to satisfy reference by file (symbol)

C:/Users/ashfa/.pico-sdk/toolchain/13_2_Rel1/bin/../lib/gcc/arm-none-eabi/13.2.1/thumb/v6-m/nofp\libgcc.a(_dvmd_tls.o)
                              CMakeFiles/PicOV.dir/C_/Users/ashfa/.pico-sdk/sdk/2.0.0/src/rp2_common/pico_divider/divider_hardware.S.obj (__aeabi_idiv0)
C:/Users/ashfa/.pico-sdk/toolchain/13_2_Rel1/bin/../lib/gcc/arm-none-eabi/13.2.1/thumb/v6-m/nofp\libg.a(libc_a-atoi.o)
                              CMakeFiles/PicOV.dir/src/main.c.obj (atoi)
C:/Users/ashfa/.pico-sdk/toolchain/13_2_Rel1/bin/../lib/gcc/arm-none-eabi/13.2.1/thumb/v6-m/nofp\libg.a(libc_a-calloc.o)
                              CMakeFiles/PicOV.dir/C_/Users/ashfa/.pico-sdk/sdk/2.0.0/src/rp2_common/pico_malloc/malloc.c.obj (calloc)
C:/Users/ashfa/.pico-sdk/toolchain/13_2_Rel1/bin/../lib/gcc/arm-none-eabi/13.2.1/thumb/v6-m/nofp\libg.a(libc_a-callocr.o)
                              C:/Users/ashfa/.pico-sdk/toolchain/13_2_Rel1/bin/../lib/gcc/arm-none-eabi/13.2.1/thumb/v6-m/nofp\libg.a(libc_a-calloc.o) (_calloc_r)
C:/Users/ashfa/.pico-sdk/toolchain/13_2_Rel1/bin/../lib/gcc/arm-none-eabi/13.2.1/thumb/v6-m/nofp\libg.a(libc_a-malloc.o)
                              CMakeFiles/PicOV.dir/C_/Users/ashfa/.pico-sdk/sdk/2.0.0/src/rp2_common/pico_malloc/malloc.c.obj (malloc)
C:/Users/ashfa/.pico-sdk/toolchain/13_2_Rel1/bin/../lib/gcc/arm-none-eabi/13.2.1/thumb/v6-m/nofp\libg.a(libc_a-mallocr.o)
                              C:/Users/ashfa/.pico-sdk/toolchain/13_2_Rel1/bin/../lib/gcc/arm-none-eabi/13.2.1/thumb/v6-m/nofp\libg.a(libc_a-callocr.o) (_malloc_r)
C:/Users/ashfa/.pico-sdk/toolchain/13_2_Rel1/bin/../lib/gcc/arm-none-eabi/13.2.1/thumb/v6-m/nofp\libg.a(libc_a-mlock.o)
                              C:/Users/ashfa/.pico-sdk/toolchain/13_2_Rel1/bin/../lib/gcc/arm-none-eabi/13.2.1/thumb/v6-m/nofp\libg.a(libc_a-mallocr.o) (__malloc_lock)
C:/Users/ashfa/.pico-sdk/toolchain/13_2_Rel1/bin/../lib/gcc/arm-none-eabi/13.2.1/thumb/v6-m/nofp\libg.a(libc_a-realloc.o)
                              CMakeFiles/PicOV.dir/C_/Users/ashfa/.pico-sdk/sdk/2.0.0/src/rp2_common/pico_malloc/malloc.c.obj (realloc)
C:/Users/ashfa/.pico-sdk/toolchain/13_2_Rel1/bin/../lib/gcc/arm-none-eabi/13.2.1/thumb/v6-m/nofp\libg.a(libc_a-reallocr.o)
                              C:/Users/ashfa/.pico-sdk/toolchain/13_2_Rel1/bin/../lib/gcc/arm-none-eabi/13.2.1/thumb/v6-m/nofp\libg.a(libc_a-realloc.o) (_realloc_r)
C:/Users/ashfa/.pico-sdk/toolchain/13_2_Rel1/bin/../lib/gcc/arm-none-eabi/13.2.1/thumb/v6-m/nofp\libg.a(libc_a-strtol.o)
                              C:/Users/ashfa/.pico-sdk/toolchain/13_2_Rel1/bin/../lib/gcc/arm-none-eabi/13.2.1/thumb/v6-m/nofp\libg.a(libc_a-atoi.o) (_strtol_r)
C:/Users/ashfa/.pico-sdk/toolchain/13_2_Rel1/bin/../lib/gcc/arm-none-eabi/13.2.1/thumb/v6-m/nofp\libg.a(libc_a-ctype_.o)
                              CMakeFiles/PicOV.dir/C_/Users/ashfa/.pico-sdk/sdk/2.0.0/lib/tinyusb/src/tusb.c.obj (_ctype_)
C:/Users/ashfa/.pico-sdk/toolchain/13_2_Rel1/bin/../lib/gcc/arm-none-eabi/13.2.1/thumb/v6-m/nofp\libg.a(libc_a-memcmp.o)
                              CMakeFiles/PicOV.dir/C_/Users/ashfa/.pico-sdk/sdk/2.0.0/src/rp2_common/pico_atomic/atomic.c.obj (memcmp)
C:/Users/ashfa/.pico-sdk/toolchain/13_2_Rel1/bin/../lib/gcc/arm-none-eabi/13.2.1/thumb/v6-m/nofp\libg.a(libc_a-memmove.o)
                              C:/Users/ashfa/.pico-sdk/toolchain/13_2_Rel1/bin/../lib/gcc/arm-none-eabi/13.2.1/thumb/v6-m/nofp\libg.a(libc_a-reallocr.o) (memmove)
C:/Users/ashfa/.pico-sdk/toolchain/13_2_Rel1/bin/../lib/gcc/arm-none-eabi/13.2.1/thumb/v6-m/nofp\libg.a(libc_a-strncpy.o)
                              CMakeFiles/PicOV.dir/src/main.c.obj (strncpy)
C:/Users/ashfa/.pico-sdk/toolchain/13_2_Rel1/bin/../lib/gcc/arm-none-eabi/13.2.1/thumb/v6-m/nofp\libg.a(libc_a-strtok.o)
                              CMakeFiles/PicOV.dir/src/main.c.obj (strtok)
C:/Users/ashfa/.pico-sdk/toolchain/13_2_Rel1/bin/../lib/gcc/arm-none-eabi/13.2.1/thumb/v6-m/nofp\libg.a(libc_a-strtok_r.o)
                              C:/Users/ashfa/.pico-sdk/toolchain/13_2_Rel1/bin/../lib/gcc/arm-none-eabi/13.2.1/thumb/v6-m/nofp\libg.a(libc_a-strtok.o) (__strtok_r)
C:/Users/ashfa/.pico-sdk/toolchain/13_2_Rel1/bin/../lib/gcc/arm-none-eabi/13.2.1/thumb/v6-m/nofp\libg.a(libc_a-lcltime_r.o)
                              CMakeFiles/PicOV.dir/C_/Users/ashfa/.pico-sdk/sdk/2.0.0/src/common/pico_util/datetime.c.obj (localtime_r)
C:/Users/ashfa/.pico-sdk/toolchain/13_2_Rel1/bin/../lib/gcc/arm-none-eabi/13.2.1/thumb/v6-m/nofp\libg.a(libc_a-mktime.o)
                              CMakeFiles/PicOV.dir/C_/Users/ashfa/.pico-sdk/sdk/2.0.0/src/common/pico_util/datetime.c.obj (mktime)
C:/Users/ashfa/.pico-sdk/toolchain/13_2_Rel1/bin/../lib/gcc/arm-none-eabi/13.2.1/thumb/v6-m/nofp\libg.a(libc_a-month_lengths.o)
[...]
Memory Configuration

Name             Origin             Length             Attributes
FLASH            0x10000000         0x00200000         xr
RAM              0x20000000         0x00040000         xrw
SCRATCH_X        0x20040000         0x00001000         xrw
SCRATCH_Y        0x20041000         0x00001000         xrw
*default*        0x00000000         0xffffffff

Linker script and memory map

LOAD C:/Users/ashfa/.pico-sdk/toolchain/13_2_Rel1/bin/../lib/gcc/arm-none-eabi/13.2.1/thumb/v6-m/nofp/crti.o
LOAD C:/Users/ashfa/.pico-sdk/toolchain/13_2_Rel1/bin/../lib/gcc/arm-none-eabi/13.2.1/thumb/v6-m/nofp/crtbegin.o
LOAD C:/Users/ashfa/.pico-sdk/toolchain/13_2_Rel1/bin/../lib/gcc/arm-none-eabi/13.2.1/thumb/v6-m/nofp/crt0.o

.flash_begin    0x10000000        0x0
                0x10000000                        __flash_binary_start = .

.boot2          0x10000000      0x100
                0x10000000                        __boot2_start__ = .
 *(.boot2)
 .boot2         0x10000000      0x100 C:\Users\ashfa\AppData\Local\Temp\cciuLSaf.o
                0x10000100                        __boot2_end__ = .
                0x00000001                        ASSERT (((__boot2_end__ - __boot2_start__) == 0x100), ERROR: Pico second stage bootloader must be 256 bytes in size)

.text           0x10000100     0x7fd0
                0x10000100                        __logical_binary_start = .
 *(.vectors)
 .vectors       0x10000100       0xd4 CMakeFiles/PicOV.dir/C_/Users/ashfa/.pico-sdk/sdk/2.0.0/src/rp2_common/pico_crt0/crt0.S.obj
                0x10000100                __VECTOR_TABLE
                0x10000100                __vectors
                0x100001c0                isr_invalid
                0x100001c0                __default_isrs_start
                0x100001c2                isr_nmi
                0x100001c4                isr_hardfault
                0x100001c6                isr_svcall
                0x100001c8                isr_pendsv
                0x100001ca                isr_systick
                0x100001cc                isr_irq23
                0x100001cc                isr_irq18
                0x100001cc                isr_irq11
                0x100001cc                isr_irq28
                0x100001cc                isr_irq19
                0x100001cc                isr_irq0
                0x100001cc                isr_irq6
                0x100001cc                isr_irq5
                0x100001cc                isr_irq12
                0x100001cc                isr_irq22
                0x100001cc                isr_irq31
                0x100001cc                isr_irq17
                0x100001cc                isr_irq27
                0x100001cc                isr_irq30
                0x100001cc                isr_irq2
                0x100001cc                isr_irq10
                0x100001cc                isr_irq8
                0x100001cc                isr_irq24
                0x100001cc                isr_irq1
                0x100001cc                isr_irq7
                0x100001cc                isr_irq21
                0x100001cc                isr_irq20
                0x100001cc                isr_irq15
                0x100001cc                isr_irq25
                0x100001cc                isr_irq13
                0x100001cc                __unhandled_user_irq
                0x100001cc                isr_irq4
                0x100001cc                isr_irq16
                0x100001cc                isr_irq29
                0x100001cc                isr_irq26
                0x100001cc                __default_isrs_end
                0x100001cc                isr_irq3
                0x100001cc                isr_irq14
                0x100001cc                isr_irq9
                0x100001d2                unhandled_user_irq_num_in_r0
 *(.binary_info_header)
 .binary_info_header
                0x100001d4       0x14 CMakeFiles/PicOV.dir/C_/Users/ashfa/.pico-sdk/sdk/2.0.0/src/rp2_common/pico_crt0/crt0.S.obj
                0x100001e8                        __binary_info_header_end = .
 *(.embedded_block)
                0x100001e8                        __embedded_block_end = .
 *(.reset)
 .reset         0x100001e8       0x9c CMakeFiles/PicOV.dir/C_/Users/ashfa/.pico-sdk/sdk/2.0.0/src/rp2_common/pico_crt0/crt0.S.obj
                0x100001e8                _entry_point
 *(.init)
 .init          0x10000284        0x4 C:/Users/ashfa/.pico-sdk/toolchain/13_2_Rel1/bin/../lib/gcc/arm-none-eabi/13.2.1/thumb/v6-m/nofp/crti.o
                0x10000284                _init
 *(EXCLUDE_FILE(*libm.a: *libc.a:*lib_a-mem*.o *libgcc.a:) .text*)
 .text.register_tm_clones
                0x10000288       0x28 C:/Users/ashfa/.pico-sdk/toolchain/13_2_Rel1/bin/../lib/gcc/arm-none-eabi/13.2.1/thumb/v6-m/nofp/crtbegin.o
 .text.frame_dummy
                0x100002b0       0x24 C:/Users/ashfa/.pico-sdk/toolchain/13_2_Rel1/bin/../lib/gcc/arm-none-eabi/13.2.1/thumb/v6-m/nofp/crtbegin.o
 .text.queue_init
                0x100002d4       0x1a CMakeFiles/PicOV.dir/src/main.c.obj
 *fill*         0x100002ee        0x2 
 .text.core1_entry
                0x100002f0       0x58 CMakeFiles/PicOV.dir/src/main.c.obj
 .text.ov_msg_parse
                0x10000348      0x198 CMakeFiles/PicOV.dir/src/main.c.obj
 .text.event_worker
                0x100004e0       0xac CMakeFiles/PicOV.dir/src/main.c.obj
 .text.main     0x1000058c       0x78 CMakeFiles/PicOV.dir/src/main.c.obj
                0x1000058c                main
 .text.pwm_set_chan_level
                0x10000604       0x40 CMakeFiles/PicOV.dir/src/ov2640.c.obj
 .text.pwm_set_gpio_level
                0x10000644       0x24 CMakeFiles/PicOV.dir/src/ov2640.c.obj
 .text.pio_get_default_sm_config
                0x10000668       0x28 CMakeFiles/PicOV.dir/src/ov2640.c.obj
 .text.image_program_get_default_config
                0x10000690       0x24 CMakeFiles/PicOV.dir/src/ov2640.c.obj
 .text.channel_config_set_chain_to
                0x100006b4       0x30 CMakeFiles/PicOV.dir/src/ov2640.c.obj
 .text.dma_channel_get_default_config
                0x100006e4       0x74 CMakeFiles/PicOV.dir/src/ov2640.c.obj
 .text.channel_config_set_dreq
                0x10000758       0x30 CMakeFiles/PicOV.dir/src/ov2640.c.obj
 .text.image_program_init
                0x10000788       0x74 CMakeFiles/PicOV.dir/src/ov2640.c.obj
                0x10000788                image_program_init
 .text.ov2640_capture_frame
                0x100007fc       0xa4 CMakeFiles/PicOV.dir/src/ov2640.c.obj
                0x100007fc                ov2640_capture_frame
 .text.ov2640_raw_write
                0x100008a0       0x28 CMakeFiles/PicOV.dir/src/ov2640.c.obj
                0x100008a0                ov2640_raw_write
 .text.ov2640_regs_write
                0x100008c8       0x2e CMakeFiles/PicOV.dir/src/ov2640.c.obj
 .text.ov2640_raw_read
                0x100008f6       0x32 CMakeFiles/PicOV.dir/src/ov2640.c.obj
                0x100008f6                ov2640_raw_read
 .text.ov2640_init
                0x10000928      0x114 CMakeFiles/PicOV.dir/src/ov2640.c.obj
                0x10000928                ov2640_init
 .text.tud_descriptor_device_cb
                0x10000a3c        0x8 CMakeFiles/PicOV.dir/src/usb_descriptors.c.obj
                0x10000a3c                tud_descriptor_device_cb
 .text.tud_descriptor_configuration_cb
                0x10000a44        0x8 CMakeFiles/PicOV.dir/src/usb_descriptors.c.obj
                0x10000a44                tud_descriptor_configuration_cb
 .text.tud_descriptor_string_cb
                0x10000a4c       0x60 CMakeFiles/PicOV.dir/src/usb_descriptors.c.obj
                0x10000a4c                tud_descriptor_string_cb
 .text.usb_cdc_write_msg
                0x10000aac       0x34 CMakeFiles/PicOV.dir/src/usb_itf.c.obj
 .text.usb_cdc_read_msg
                0x10000ae0       0x3c CMakeFiles/PicOV.dir/src/usb_itf.c.obj
 .text.usb_itf_init
                0x10000b1c       0x14 CMakeFiles/PicOV.dir/src/usb_itf.c.obj
                0x10000b1c                usb_itf_init
 .text.usb_sendto_host
                0x10000b30       0x2a CMakeFiles/PicOV.dir/src/usb_itf.c.obj
                0x10000b30                usb_sendto_host
 .text.usb_recvfrom_host
                0x10000b5a        0xe CMakeFiles/PicOV.dir/src/usb_itf.c.obj
                0x10000b5a                usb_recvfrom_host
 .text.core1_trampoline
                0x10000b68        0x2 CMakeFiles/PicOV.dir/C_/Users/ashfa/.pico-sdk/sdk/2.0.0/src/rp2_common/pico_multicore/multicore.c.obj
 .text.core1_wrapper
                0x10000b6a        0xc CMakeFiles/PicOV.dir/C_/Users/ashfa/.pico-sdk/sdk/2.0.0/src/rp2_common/pico_multicore/multicore.c.obj
                0x10000b6a                core1_wrapper
 .text.multicore_fifo_push_blocking
                0x10000b76       0x14 CMakeFiles/PicOV.dir/C_/Users/ashfa/.pico-sdk/sdk/2.0.0/src/rp2_common/pico_multicore/multicore.c.obj
                0x10000b76                multicore_fifo_push_blocking
 .text.multicore_fifo_pop_blocking
                0x10000b8a       0x16 CMakeFiles/PicOV.dir/C_/Users/ashfa/.pico-sdk/sdk/2.0.0/src/rp2_common/pico_multicore/multicore.c.obj
                0x10000b8a                multicore_fifo_pop_blocking
 .text.multicore_launch_core1_raw
                0x10000ba0       0x70 CMakeFiles/PicOV.dir/C_/Users/ashfa/.pico-sdk/sdk/2.0.0/src/rp2_common/pico_multicore/multicore.c.obj
                0x10000ba0                multicore_launch_core1_raw
 .text.multicore_launch_core1_with_stack
                0x10000c10       0x50 CMakeFiles/PicOV.dir/C_/Users/ashfa/.pico-sdk/sdk/2.0.0/src/rp2_common/pico_multicore/multicore.c.obj
                0x10000c10                multicore_launch_core1_with_stack
 .text.multicore_launch_core1
                0x10000c60       0x24 CMakeFiles/PicOV.dir/C_/Users/ashfa/.pico-sdk/sdk/2.0.0/src/rp2_common/pico_multicore/multicore.c.obj
                0x10000c60                multicore_launch_core1
 .text.lock_init
                0x10000c84       0x10 CMakeFiles/PicOV.dir/C_/Users/ashfa/.pico-sdk/sdk/2.0.0/src/common/pico_sync/lock_core.c.obj
                0x10000c84                lock_init
 .text.mutex_init
                0x10000c94       0x1a CMakeFiles/PicOV.dir/C_/Users/ashfa/.pico-sdk/sdk/2.0.0/src/common/pico_sync/mutex.c.obj
                0x10000c94                mutex_init
 .text.recursive_mutex_init
                0x10000cae       0x1e CMakeFiles/PicOV.dir/C_/Users/ashfa/.pico-sdk/sdk/2.0.0/src/common/pico_sync/mutex.c.obj
                0x10000cae                recursive_mutex_init
 .text.runtime_init_mutex
                0x10000ccc       0x4c CMakeFiles/PicOV.dir/C_/Users/ashfa/.pico-sdk/sdk/2.0.0/src/common/pico_sync/mutex.c.obj
                0x10000ccc                runtime_init_mutex
 .text.critical_section_init_with_lock_num
                0x10000d18       0x14 CMakeFiles/PicOV.dir/C_/Users/ashfa/.pico-sdk/sdk/2.0.0/src/common/pico_sync/critical_section.c.obj
                0x10000d18                critical_section_init_with_lock_num
 .text.critical_section_init
                0x10000d2c       0x14 CMakeFiles/PicOV.dir/C_/Users/ashfa/.pico-sdk/sdk/2.0.0/src/common/pico_sync/critical_section.c.obj
                0x10000d2c                critical_section_init
 .text.make_alarm_id
                0x10000d40        0x6 CMakeFiles/PicOV.dir/C_/Users/ashfa/.pico-sdk/sdk/2.0.0/src/common/pico_time/time.c.obj
 *fill*         0x10000d46        0x2 
 .text.sleep_until_callback
                0x10000d48       0x30 CMakeFiles/PicOV.dir/C_/Users/ashfa/.pico-sdk/sdk/2.0.0/src/common/pico_time/time.c.obj
 .text.alarm_pool_irq_handler
                0x10000d78      0x2e0 CMakeFiles/PicOV.dir/C_/Users/ashfa/.pico-sdk/sdk/2.0.0/src/common/pico_time/time.c.obj
 .text.ta_enable_irq_handler
                0x10001058       0x2c CMakeFiles/PicOV.dir/C_/Users/ashfa/.pico-sdk/sdk/2.0.0/src/common/pico_time/time.c.obj
 .text.alarm_pool_post_alloc_init
                0x10001084       0x78 CMakeFiles/PicOV.dir/C_/Users/ashfa/.pico-sdk/sdk/2.0.0/src/common/pico_time/time.c.obj
 .text.alarm_pool_get_default
                0x100010fc       0x2c CMakeFiles/PicOV.dir/C_/Users/ashfa/.pico-sdk/sdk/2.0.0/src/common/pico_time/time.c.obj
                0x100010fc                alarm_pool_get_default
 .text.alarm_pool_add_alarm_at_force_in_context
                0x10001128       0xa4 CMakeFiles/PicOV.dir/C_/Users/ashfa/.pico-sdk/sdk/2.0.0/src/common/pico_time/time.c.obj
                0x10001128                alarm_pool_add_alarm_at_force_in_context
 .text.alarm_pool_add_alarm_at
                0x100011cc       0x3c CMakeFiles/PicOV.dir/C_/Users/ashfa/.pico-sdk/sdk/2.0.0/src/common/pico_time/time.c.obj
                0x100011cc                alarm_pool_add_alarm_at
 .text.add_alarm_at
                0x10001208       0x2e CMakeFiles/PicOV.dir/C_/Users/ashfa/.pico-sdk/sdk/2.0.0/src/common/pico_time/time.c.obj
 *fill*         0x10001236        0x2 
 .text.alarm_pool_cancel_alarm
                0x10001238       0x78 CMakeFiles/PicOV.dir/C_/Users/ashfa/.pico-sdk/sdk/2.0.0/src/common/pico_time/time.c.obj
                0x10001238                alarm_pool_cancel_alarm
 .text.cancel_alarm
                0x100012b0       0x10 CMakeFiles/PicOV.dir/C_/Users/ashfa/.pico-sdk/sdk/2.0.0/src/common/pico_time/time.c.obj
 .text.sleep_until
                0x100012c0       0xc0 CMakeFiles/PicOV.dir/C_/Users/ashfa/.pico-sdk/sdk/2.0.0/src/common/pico_time/time.c.obj
                0x100012c0                sleep_until
 .text.sleep_us
                0x10001380       0x24 CMakeFiles/PicOV.dir/C_/Users/ashfa/.pico-sdk/sdk/2.0.0/src/common/pico_time/time.c.obj
                0x10001380                sleep_us
 .text.sleep_ms
                0x100013a4       0x14 CMakeFiles/PicOV.dir/C_/Users/ashfa/.pico-sdk/sdk/2.0.0/src/common/pico_time/time.c.obj
                0x100013a4                sleep_ms
 .text.best_effort_wfe_or_timeout
                0x100013b8       0xc4 CMakeFiles/PicOV.dir/C_/Users/ashfa/.pico-sdk/sdk/2.0.0/src/common/pico_time/time.c.obj
                0x100013b8                best_effort_wfe_or_timeout
 .text.alarm_pool_get_default_timer
                0x1000147c        0x8 CMakeFiles/PicOV.dir/C_/Users/ashfa/.pico-sdk/sdk/2.0.0/src/common/pico_time/time.c.obj
                0x1000147c                alarm_pool_get_default_timer
 .text.runtime_init_default_alarm_pool
                0x10001484       0x38 CMakeFiles/PicOV.dir/C_/Users/ashfa/.pico-sdk/sdk/2.0.0/src/common/pico_time/time.c.obj
                0x10001484                runtime_init_default_alarm_pool
 .text.timer_hardware_alarm_claim
                0x100014bc       0x14 CMakeFiles/PicOV.dir/C_/Users/ashfa/.pico-sdk/sdk/2.0.0/src/rp2_common/hardware_timer/timer.c.obj
                0x100014bc                timer_hardware_alarm_claim
 .text.timer_time_us_64
                0x100014d0       0x10 CMakeFiles/PicOV.dir/C_/Users/ashfa/.pico-sdk/sdk/2.0.0/src/rp2_common/hardware_timer/timer.c.obj
                0x100014d0                timer_time_us_64
 .text.timer_busy_wait_until
                0x100014e0       0x1a CMakeFiles/PicOV.dir/C_/Users/ashfa/.pico-sdk/sdk/2.0.0/src/rp2_common/hardware_timer/timer.c.obj
                0x100014e0                timer_busy_wait_until
 .text.timer_busy_wait_us
                0x100014fa       0x38 CMakeFiles/PicOV.dir/C_/Users/ashfa/.pico-sdk/sdk/2.0.0/src/rp2_common/hardware_timer/timer.c.obj
                0x100014fa                timer_busy_wait_us
 *fill*         0x10001532        0x2 
 .text.time_us_64
                0x10001534       0x10 CMakeFiles/PicOV.dir/C_/Users/ashfa/.pico-sdk/sdk/2.0.0/src/rp2_common/hardware_timer/timer.c.obj
                0x10001534                time_us_64
 .text.busy_wait_us
                0x10001544       0x14 CMakeFiles/PicOV.dir/C_/Users/ashfa/.pico-sdk/sdk/2.0.0/src/rp2_common/hardware_timer/timer.c.obj
                0x10001544                busy_wait_us
 .text.busy_wait_until
                0x10001558       0x14 CMakeFiles/PicOV.dir/C_/Users/ashfa/.pico-sdk/sdk/2.0.0/src/rp2_common/hardware_timer/timer.c.obj
                0x10001558                busy_wait_until
 .text.rp2040_chip_version
                0x1000156c       0x54 CMakeFiles/PicOV.dir/C_/Users/ashfa/.pico-sdk/sdk/2.0.0/src/rp2040/pico_platform/platform.c.obj
                0x1000156c                rp2040_chip_version
 .text.panic    0x100015c0       0x30 CMakeFiles/PicOV.dir/C_/Users/ashfa/.pico-sdk/sdk/2.0.0/src/rp2_common/pico_platform_panic/panic.c.obj
                0x100015c0                panic
 .text.hw_claim_lock
                0x100015f0       0x18 CMakeFiles/PicOV.dir/C_/Users/ashfa/.pico-sdk/sdk/2.0.0/src/common/hardware_claim/claim.c.obj
                0x100015f0                hw_claim_lock
 .text.hw_claim_unlock
                0x10001608       0x14 CMakeFiles/PicOV.dir/C_/Users/ashfa/.pico-sdk/sdk/2.0.0/src/common/hardware_claim/claim.c.obj
                0x10001608                hw_claim_unlock
 .text.hw_claim_or_assert
                0x1000161c       0x32 CMakeFiles/PicOV.dir/C_/Users/ashfa/.pico-sdk/sdk/2.0.0/src/common/hardware_claim/claim.c.obj
                0x1000161c                hw_claim_or_assert
 .text.hw_claim_unused_from_range
                0x1000164e       0x50 CMakeFiles/PicOV.dir/C_/Users/ashfa/.pico-sdk/sdk/2.0.0/src/common/hardware_claim/claim.c.obj
                0x1000164e                hw_claim_unused_from_range
 *fill*         0x1000169e        0x2 
 .text.next_striped_spin_lock_num
                0x100016a0       0x1c CMakeFiles/PicOV.dir/C_/Users/ashfa/.pico-sdk/sdk/2.0.0/src/rp2_common/hardware_sync/sync.c.obj
                0x100016a0                next_striped_spin_lock_num
 .text.spin_lock_claim_unused
                0x100016bc       0x24 CMakeFiles/PicOV.dir/C_/Users/ashfa/.pico-sdk/sdk/2.0.0/src/rp2_common/hardware_sync/sync.c.obj
                0x100016bc                spin_lock_claim_unused
 .text.spin_locks_reset
                0x100016e0       0x20 CMakeFiles/PicOV.dir/C_/Users/ashfa/.pico-sdk/sdk/2.0.0/src/rp2_common/hardware_sync_spin_lock/sync_spin_lock.c.obj
                0x100016e0                spin_locks_reset
 .text.set_raw_irq_handler_and_unlock
                0x10001700       0x28 CMakeFiles/PicOV.dir/C_/Users/ashfa/.pico-sdk/sdk/2.0.0/src/rp2_common/hardware_irq/irq.c.obj
 .text.nvic_ipr0
                0x10001728        0x8 CMakeFiles/PicOV.dir/C_/Users/ashfa/.pico-sdk/sdk/2.0.0/src/rp2_common/hardware_irq/irq.c.obj
 .text.runtime_init_per_core_irq_priorities
                0x10001730       0x1c CMakeFiles/PicOV.dir/C_/Users/ashfa/.pico-sdk/sdk/2.0.0/src/rp2_common/hardware_irq/irq.c.obj
                0x10001730                runtime_init_per_core_irq_priorities
 .text.resolve_j_16
                0x1000174c       0x30 CMakeFiles/PicOV.dir/C_/Users/ashfa/.pico-sdk/sdk/2.0.0/src/rp2_common/hardware_irq/irq.c.obj
 .text.make_j_16
                0x1000177c       0x48 CMakeFiles/PicOV.dir/C_/Users/ashfa/.pico-sdk/sdk/2.0.0/src/rp2_common/hardware_irq/irq.c.obj
 .text.insert_bl_32
                0x100017c4       0x40 CMakeFiles/PicOV.dir/C_/Users/ashfa/.pico-sdk/sdk/2.0.0/src/rp2_common/hardware_irq/irq.c.obj
 .text.irq_is_enabled
                0x10001804       0x18 CMakeFiles/PicOV.dir/C_/Users/ashfa/.pico-sdk/sdk/2.0.0/src/rp2_common/hardware_irq/irq.c.obj
                0x10001804                irq_is_enabled
 .text.irq_set_mask_n_enabled
                0x1000181c       0x1c CMakeFiles/PicOV.dir/C_/Users/ashfa/.pico-sdk/sdk/2.0.0/src/rp2_common/hardware_irq/irq.c.obj
                0x1000181c                irq_set_mask_n_enabled
 .text.irq_set_enabled
                0x10001838       0x14 CMakeFiles/PicOV.dir/C_/Users/ashfa/.pico-sdk/sdk/2.0.0/src/rp2_common/hardware_irq/irq.c.obj
                0x10001838                irq_set_enabled
 .text.irq_get_vtable_handler
                0x1000184c       0x10 CMakeFiles/PicOV.dir/C_/Users/ashfa/.pico-sdk/sdk/2.0.0/src/rp2_common/hardware_irq/irq.c.obj
                0x1000184c                irq_get_vtable_handler
 .text.irq_set_exclusive_handler
                0x1000185c       0x54 CMakeFiles/PicOV.dir/C_/Users/ashfa/.pico-sdk/sdk/2.0.0/src/rp2_common/hardware_irq/irq.c.obj
                0x1000185c                irq_set_exclusive_handler
 .text.irq_add_shared_handler
                0x100018b0      0x218 CMakeFiles/PicOV.dir/C_/Users/ashfa/.pico-sdk/sdk/2.0.0/src/rp2_common/hardware_irq/irq.c.obj
                0x100018b0                irq_add_shared_handler
 .text.irq_remove_handler
                0x10001ac8      0x18c CMakeFiles/PicOV.dir/C_/Users/ashfa/.pico-sdk/sdk/2.0.0/src/rp2_common/hardware_irq/irq.c.obj
                0x10001ac8                irq_remove_handler
 .text.irq_add_tail_to_free_list
                0x10001c54       0xf4 CMakeFiles/PicOV.dir/C_/Users/ashfa/.pico-sdk/sdk/2.0.0/src/rp2_common/hardware_irq/irq.c.obj
                0x10001c54                irq_add_tail_to_free_list
 .text.element_ptr
                0x10001d48       0x2c CMakeFiles/PicOV.dir/C_/Users/ashfa/.pico-sdk/sdk/2.0.0/src/common/pico_util/queue.c.obj
 .text.queue_add_internal
                0x10001d74       0x88 CMakeFiles/PicOV.dir/C_/Users/ashfa/.pico-sdk/sdk/2.0.0/src/common/pico_util/queue.c.obj
 .text.queue_remove_internal
                0x10001dfc       0x8c CMakeFiles/PicOV.dir/C_/Users/ashfa/.pico-sdk/sdk/2.0.0/src/common/pico_util/queue.c.obj
 .text.queue_init_with_spinlock
                0x10001e88       0x24 CMakeFiles/PicOV.dir/C_/Users/ashfa/.pico-sdk/sdk/2.0.0/src/common/pico_util/queue.c.obj
                0x10001e88                queue_init_with_spinlock
 .text.queue_try_add
                0x10001eac        0xa CMakeFiles/PicOV.dir/C_/Users/ashfa/.pico-sdk/sdk/2.0.0/src/common/pico_util/queue.c.obj
                0x10001eac                queue_try_add
 .text.queue_try_remove
                0x10001eb6        0xa CMakeFiles/PicOV.dir/C_/Users/ashfa/.pico-sdk/sdk/2.0.0/src/common/pico_util/queue.c.obj
                0x10001eb6                queue_try_remove
 .text.gpio_set_function
                0x10001ec0       0x34 CMakeFiles/PicOV.dir/C_/Users/ashfa/.pico-sdk/sdk/2.0.0/src/rp2_common/hardware_gpio/gpio.c.obj
                0x10001ec0                gpio_set_function
 .text.gpio_set_pulls
                0x10001ef4       0x38 CMakeFiles/PicOV.dir/C_/Users/ashfa/.pico-sdk/sdk/2.0.0/src/rp2_common/hardware_gpio/gpio.c.obj
                0x10001ef4                gpio_set_pulls
 .text.gpio_init
                0x10001f2c       0x16 CMakeFiles/PicOV.dir/C_/Users/ashfa/.pico-sdk/sdk/2.0.0/src/rp2_common/hardware_gpio/gpio.c.obj
                0x10001f2c                gpio_init
 *fill*         0x10001f42        0x2 
 .text.uart_unreset
                0x10001f44       0x2c CMakeFiles/PicOV.dir/C_/Users/ashfa/.pico-sdk/sdk/2.0.0/src/rp2_common/hardware_uart/uart.c.obj
 .text.uart_disable_before_lcr_write
                0x10001f70       0x48 CMakeFiles/PicOV.dir/C_/Users/ashfa/.pico-sdk/sdk/2.0.0/src/rp2_common/hardware_uart/uart.c.obj
 .text.uart_write_lcr_bits_masked
                0x10001fb8       0x20 CMakeFiles/PicOV.dir/C_/Users/ashfa/.pico-sdk/sdk/2.0.0/src/rp2_common/hardware_uart/uart.c.obj
 .text.uart_set_baudrate
                0x10001fd8       0x5c CMakeFiles/PicOV.dir/C_/Users/ashfa/.pico-sdk/sdk/2.0.0/src/rp2_common/hardware_uart/uart.c.obj
                0x10001fd8                uart_set_baudrate
 .text.uart_set_translate_crlf
                0x10002034       0x28 CMakeFiles/PicOV.dir/C_/Users/ashfa/.pico-sdk/sdk/2.0.0/src/rp2_common/hardware_uart/uart.c.obj
                0x10002034                uart_set_translate_crlf
 .text.uart_init
                0x1000205c       0x64 CMakeFiles/PicOV.dir/C_/Users/ashfa/.pico-sdk/sdk/2.0.0/src/rp2_common/hardware_uart/uart.c.obj
                0x1000205c                uart_init
 .text.clock_configure_internal
                0x100020c0       0xc4 CMakeFiles/PicOV.dir/C_/Users/ashfa/.pico-sdk/sdk/2.0.0/src/rp2_common/hardware_clocks/clocks.c.obj
 .text.clock_configure_int_divider
                0x10002184       0x28 CMakeFiles/PicOV.dir/C_/Users/ashfa/.pico-sdk/sdk/2.0.0/src/rp2_common/hardware_clocks/clocks.c.obj
                0x10002184                clock_configure_int_divider
 .text.clock_configure_undivided
                0x100021ac       0x12 CMakeFiles/PicOV.dir/C_/Users/ashfa/.pico-sdk/sdk/2.0.0/src/rp2_common/hardware_clocks/clocks.c.obj
                0x100021ac                clock_configure_undivided
 *fill*         0x100021be        0x2 
 .text.clock_get_hz
                0x100021c0        0xc CMakeFiles/PicOV.dir/C_/Users/ashfa/.pico-sdk/sdk/2.0.0/src/rp2_common/hardware_clocks/clocks.c.obj
                0x100021c0                clock_get_hz
 .text.pll_init
                0x100021cc      0x124 CMakeFiles/PicOV.dir/C_/Users/ashfa/.pico-sdk/sdk/2.0.0/src/rp2_common/hardware_pll/pll.c.obj
                0x100021cc                pll_init
 .text.tick_start
                0x100022f0       0x10 CMakeFiles/PicOV.dir/C_/Users/ashfa/.pico-sdk/sdk/2.0.0/src/rp2_common/hardware_ticks/ticks.c.obj
                0x100022f0                tick_start
 .text.xosc_init
                0x10002300       0x28 CMakeFiles/PicOV.dir/C_/Users/ashfa/.pico-sdk/sdk/2.0.0/src/rp2_common/hardware_xosc/xosc.c.obj
                0x10002300                xosc_init
 .text.runtime_run_initializers_from
                0x10002328       0x18 CMakeFiles/PicOV.dir/C_/Users/ashfa/.pico-sdk/sdk/2.0.0/src/rp2_common/pico_runtime/runtime.c.obj
 .text.first_per_core_initializer
                0x10002340        0x2 CMakeFiles/PicOV.dir/C_/Users/ashfa/.pico-sdk/sdk/2.0.0/src/rp2_common/pico_runtime/runtime.c.obj
 *fill*         0x10002342        0x2 
 .text.runtime_run_initializers
                0x10002344       0x10 CMakeFiles/PicOV.dir/C_/Users/ashfa/.pico-sdk/sdk/2.0.0/src/rp2_common/pico_runtime/runtime.c.obj
                0x10002344                runtime_run_initializers
 .text.runtime_run_per_core_initializers
                0x10002354       0x10 CMakeFiles/PicOV.dir/C_/Users/ashfa/.pico-sdk/sdk/2.0.0/src/rp2_common/pico_runtime/runtime.c.obj
                0x10002354                runtime_run_per_core_initializers
 .text.runtime_init_early_resets
                0x10002364       0x2c CMakeFiles/PicOV.dir/C_/Users/ashfa/.pico-sdk/sdk/2.0.0/src/rp2_common/pico_runtime_init/runtime_init.c.obj
                0x10002364                runtime_init_early_resets
 .text.runtime_init_usb_power_down
                0x10002390       0x1c CMakeFiles/PicOV.dir/C_/Users/ashfa/.pico-sdk/sdk/2.0.0/src/rp2_common/pico_runtime_init/runtime_init.c.obj
                0x10002390                runtime_init_usb_power_down
 .text.runtime_init_post_clock_resets
                0x100023ac       0x20 CMakeFiles/PicOV.dir/C_/Users/ashfa/.pico-sdk/sdk/2.0.0/src/rp2_common/pico_runtime_init/runtime_init.c.obj
                0x100023ac                runtime_init_post_clock_resets
 .text.runtime_init_rp2040_gpio_ie_disable
                0x100023cc       0x14 CMakeFiles/PicOV.dir/C_/Users/ashfa/.pico-sdk/sdk/2.0.0/src/rp2_common/pico_runtime_init/runtime_init.c.obj
                0x100023cc                runtime_init_rp2040_gpio_ie_disable
 .text.runtime_init_spin_locks_reset
                0x100023e0        0x8 CMakeFiles/PicOV.dir/C_/Users/ashfa/.pico-sdk/sdk/2.0.0/src/rp2_common/pico_runtime_init/runtime_init.c.obj
                0x100023e0                runtime_init_spin_locks_reset
 .text.runtime_init_install_ram_vector_table
                0x100023e8       0x1c CMakeFiles/PicOV.dir/C_/Users/ashfa/.pico-sdk/sdk/2.0.0/src/rp2_common/pico_runtime_init/runtime_init.c.obj
                0x100023e8                runtime_init_install_ram_vector_table
 .text.start_all_ticks
                0x10002404       0x28 CMakeFiles/PicOV.dir/C_/Users/ashfa/.pico-sdk/sdk/2.0.0/src/rp2_common/pico_runtime_init/runtime_init_clocks.c.obj
 .text.runtime_init_clocks
                0x1000242c       0xcc CMakeFiles/PicOV.dir/C_/Users/ashfa/.pico-sdk/sdk/2.0.0/src/rp2_common/pico_runtime_init/runtime_init_clocks.c.obj
                0x1000242c                runtime_init_clocks
 .text          0x100024f8       0x10 CMakeFiles/PicOV.dir/C_/Users/ashfa/.pico-sdk/sdk/2.0.0/src/rp2_common/pico_bit_ops/bit_ops_aeabi.S.obj
 .text.rom_func_lookup
                0x10002508       0x10 CMakeFiles/PicOV.dir/C_/Users/ashfa/.pico-sdk/sdk/2.0.0/src/rp2_common/pico_bootrom/bootrom.c.obj
                0x10002508                rom_func_lookup
 .text.rom_data_lookup
                0x10002518       0x10 CMakeFiles/PicOV.dir/C_/Users/ashfa/.pico-sdk/sdk/2.0.0/src/rp2_common/pico_bootrom/bootrom.c.obj
                0x10002518                rom_data_lookup
 .text.rom_funcs_lookup
                0x10002528       0x36 CMakeFiles/PicOV.dir/C_/Users/ashfa/.pico-sdk/sdk/2.0.0/src/rp2_common/pico_bootrom/bootrom.c.obj
                0x10002528                rom_funcs_lookup
 *fill*         0x1000255e        0x2 
 .text.__wrap___aeabi_idiv
                0x10002560       0x50 CMakeFiles/PicOV.dir/C_/Users/ashfa/.pico-sdk/sdk/2.0.0/src/rp2_common/pico_divider/divider_hardware.S.obj
                0x10002560                __wrap___aeabi_idivmod
                0x10002560                divmod_s32s32
                0x10002560                div_s32s32
                0x10002560                __wrap___aeabi_idiv
                0x10002568                divmod_s32s32_unsafe
                0x10002594                divmod_s32s32_savestate
 .text.__wrap___aeabi_uidiv
                0x100025b0       0x4c CMakeFiles/PicOV.dir/C_/Users/ashfa/.pico-sdk/sdk/2.0.0/src/rp2_common/pico_divider/divider_hardware.S.obj
                0x100025b0                __wrap___aeabi_uidiv
                0x100025b0                __wrap___aeabi_uidivmod
                0x100025b0                div_u32u32
                0x100025b0                divmod_u32u32
                0x100025b8                divmod_u32u32_unsafe
                0x100025e0                divmod_u32u32_savestate
 .text.__wrap___aeabi_ldiv
                0x100025fc      0x424 CMakeFiles/PicOV.dir/C_/Users/ashfa/.pico-sdk/sdk/2.0.0/src/rp2_common/pico_divider/divider_hardware.S.obj
                0x100025fc                div_s64s64
                0x100025fc                divmod_s64s64
                0x100025fc                __wrap___aeabi_ldivmod
                0x1000262c                divmod_u64u64
                0x1000262c                div_u64u64
                0x1000262c                __wrap___aeabi_uldivmod
                0x1000263c                divmod_u64u64_savestate
                0x1000265c                divmod_s64s64_unsafe
                0x100026e4                divmod_u64u64_unsafe
 .text.__wrap___aeabi_darithmetic
                0x10002a20       0x80 CMakeFiles/PicOV.dir/C_/Users/ashfa/.pico-sdk/sdk/2.0.0/src/rp2_common/pico_double/double_aeabi_rp2040.S.obj
                0x10002a20                __wrap___aeabi_drsub
                0x10002a26                __wrap___aeabi_dsub
                0x10002a38                __wrap___aeabi_dadd
                0x10002a4a                __wrap___aeabi_ddiv
                0x10002a86                __wrap___aeabi_dmul
 .text.__wrap___aeabi_cdcmple
                0x10002aa0       0x6c CMakeFiles/PicOV.dir/C_/Users/ashfa/.pico-sdk/sdk/2.0.0/src/rp2_common/pico_double/double_aeabi_rp2040.S.obj
                0x10002aa0                __wrap___aeabi_cdrcmple
                0x10002ab0                __wrap___aeabi_cdcmpeq
                0x10002ab0                __wrap___aeabi_cdcmple
 .text.__wrap___aeabi_dcmplt
                0x10002b0c        0xc CMakeFiles/PicOV.dir/C_/Users/ashfa/.pico-sdk/sdk/2.0.0/src/rp2_common/pico_double/double_aeabi_rp2040.S.obj
                0x10002b0c                __wrap___aeabi_dcmplt
 .text.__wrap___aeabi_dcmple
                0x10002b18       0x10 CMakeFiles/PicOV.dir/C_/Users/ashfa/.pico-sdk/sdk/2.0.0/src/rp2_common/pico_double/double_aeabi_rp2040.S.obj
                0x10002b18                __wrap___aeabi_dcmple
 .text.__wrap___aeabi_dcmpge
                0x10002b28       0x10 CMakeFiles/PicOV.dir/C_/Users/ashfa/.pico-sdk/sdk/2.0.0/src/rp2_common/pico_double/double_aeabi_rp2040.S.obj
                0x10002b28                __wrap___aeabi_dcmpge
 .text.__wrap___aeabi_dcmpgt
                0x10002b38        0xa CMakeFiles/PicOV.dir/C_/Users/ashfa/.pico-sdk/sdk/2.0.0/src/rp2_common/pico_double/double_aeabi_rp2040.S.obj
                0x10002b38                __wrap___aeabi_dcmpgt
 .text.__wrap___aeabi_dcmpun
                0x10002b42       0x18 CMakeFiles/PicOV.dir/C_/Users/ashfa/.pico-sdk/sdk/2.0.0/src/rp2_common/pico_double/double_aeabi_rp2040.S.obj
                0x10002b42                __wrap___aeabi_dcmpun
 *fill*         0x10002b5a        0x2 
 .text.__wrap___aeabi_i2d
                0x10002b5c       0x38 CMakeFiles/PicOV.dir/C_/Users/ashfa/.pico-sdk/sdk/2.0.0/src/rp2_common/pico_double/double_aeabi_rp2040.S.obj
                0x10002b5c                __wrap___aeabi_ui2d
                0x10002b64                __wrap___aeabi_i2d
 .text.__wrap___aeabi_d2iz
                0x10002b94       0x48 CMakeFiles/PicOV.dir/C_/Users/ashfa/.pico-sdk/sdk/2.0.0/src/rp2_common/pico_double/double_aeabi_rp2040.S.obj
                0x10002b94                double2int_z
                0x10002b94                __wrap___aeabi_d2iz
 .text.__wrap___aeabi_d2uiz
                0x10002bdc       0x18 CMakeFiles/PicOV.dir/C_/Users/ashfa/.pico-sdk/sdk/2.0.0/src/rp2_common/pico_double/double_aeabi_rp2040.S.obj
                0x10002bdc                __wrap___aeabi_d2uiz
                0x10002bdc                double2uint
 .text.__aeabi_double_init
                0x10002bf4       0xcc CMakeFiles/PicOV.dir/C_/Users/ashfa/.pico-sdk/sdk/2.0.0/src/rp2_common/pico_double/double_init_rom_rp2040.c.obj
                0x10002bf4                __aeabi_double_init
 .text.double_table_shim_on_use_helper
                0x10002cc0       0x34 CMakeFiles/PicOV.dir/C_/Users/ashfa/.pico-sdk/sdk/2.0.0/src/rp2_common/pico_double/double_v1_rom_shim_rp2040.S.obj
                0x10002cc0                double_table_shim_on_use_helper
 .text.__wrap___aeabi_dsub
                0x10002cf4       0x10 CMakeFiles/PicOV.dir/C_/Users/ashfa/.pico-sdk/sdk/2.0.0/src/rp2_common/pico_double/double_v1_rom_shim_rp2040.S.obj
                0x10002cf4                drsub_shim
                0x10002cfa                dsub_shim
 .text.dadd_shim
                0x10002d04      0x15c CMakeFiles/PicOV.dir/C_/Users/ashfa/.pico-sdk/sdk/2.0.0/src/rp2_common/pico_double/double_v1_rom_shim_rp2040.S.obj
                0x10002d04                dadd_shim
 .text.dmul_shim
                0x10002e60      0x15c CMakeFiles/PicOV.dir/C_/Users/ashfa/.pico-sdk/sdk/2.0.0/src/rp2_common/pico_double/double_v1_rom_shim_rp2040.S.obj
                0x10002e60                dmul_shim
 .text.ddiv_shim
                0x10002fbc      0x1b0 CMakeFiles/PicOV.dir/C_/Users/ashfa/.pico-sdk/sdk/2.0.0/src/rp2_common/pico_double/double_v1_rom_shim_rp2040.S.obj
                0x10002fbc                ddiv_shim
 .text.double2uint_shim
                0x1000316c        0xe CMakeFiles/PicOV.dir/C_/Users/ashfa/.pico-sdk/sdk/2.0.0/src/rp2_common/pico_double/double_v1_rom_shim_rp2040.S.obj
                0x1000316c                double2uint_shim
                0x1000316e                double2ufix_shim
 *fill*         0x1000317a        0x2 
 .text.double2uint64_shim
                0x1000317c       0x70 CMakeFiles/PicOV.dir/C_/Users/ashfa/.pico-sdk/sdk/2.0.0/src/rp2_common/pico_double/double_v1_rom_shim_rp2040.S.obj
                0x1000317c                double2uint64_shim
                0x1000317e                double2ufix64_shim
                0x1000319e                d2fix_a
 .text.dunpacks
                0x100031ec       0x3c CMakeFiles/PicOV.dir/C_/Users/ashfa/.pico-sdk/sdk/2.0.0/src/rp2_common/pico_double/double_v1_rom_shim_rp2040.S.obj
                0x100031ec                dunpacks
 .text.__aeabi_lmul
                0x10003228       0x32 CMakeFiles/PicOV.dir/C_/Users/ashfa/.pico-sdk/sdk/2.0.0/src/rp2_common/pico_int64_ops/pico_int64_ops_aeabi.S.obj
                0x10003228                __wrap___aeabi_lmul
 *fill*         0x1000325a        0x2 
 .text.__aeabi_float_init
                0x1000325c       0xfc CMakeFiles/PicOV.dir/C_/Users/ashfa/.pico-sdk/sdk/2.0.0/src/rp2_common/pico_float/float_init_rom_rp2040.c.obj
                0x1000325c                __aeabi_float_init
 .text.float_table_shim_on_use_helper
                0x10003358       0x34 CMakeFiles/PicOV.dir/C_/Users/ashfa/.pico-sdk/sdk/2.0.0/src/rp2_common/pico_float/float_v1_rom_shim_rp2040.S.obj
                0x10003358                float_table_shim_on_use_helper
 .text.check_alloc
                0x1000338c       0x20 CMakeFiles/PicOV.dir/C_/Users/ashfa/.pico-sdk/sdk/2.0.0/src/rp2_common/pico_malloc/malloc.c.obj
 .text.__wrap_malloc
                0x100033ac       0x2c CMakeFiles/PicOV.dir/C_/Users/ashfa/.pico-sdk/sdk/2.0.0/src/rp2_common/pico_malloc/malloc.c.obj
                0x100033ac                __wrap_malloc
 .text.__wrap_calloc
                0x100033d8       0x30 CMakeFiles/PicOV.dir/C_/Users/ashfa/.pico-sdk/sdk/2.0.0/src/rp2_common/pico_malloc/malloc.c.obj
                0x100033d8                __wrap_calloc
 .text.__wrap_free
                0x10003408       0x20 CMakeFiles/PicOV.dir/C_/Users/ashfa/.pico-sdk/sdk/2.0.0/src/rp2_common/pico_malloc/malloc.c.obj
                0x10003408                __wrap_free
 .text          0x10003428       0x10 CMakeFiles/PicOV.dir/C_/Users/ashfa/.pico-sdk/sdk/2.0.0/src/rp2_common/pico_mem_ops/mem_ops_aeabi.S.obj
                0x10003428                __aeabi_mem_init
 .text.memset   0x10003438        0xc CMakeFiles/PicOV.dir/C_/Users/ashfa/.pico-sdk/sdk/2.0.0/src/rp2_common/pico_mem_ops/mem_ops_aeabi.S.obj
                0x10003438                __wrap_memset
 .text.memcpy   0x10003444        0xc CMakeFiles/PicOV.dir/C_/Users/ashfa/.pico-sdk/sdk/2.0.0/src/rp2_common/pico_mem_ops/mem_ops_aeabi.S.obj
                0x10003444                __wrap_memcpy
                0x10003444                __wrap___aeabi_memcpy
 .text._out_null
                0x10003450        0x2 CMakeFiles/PicOV.dir/C_/Users/ashfa/.pico-sdk/sdk/2.0.0/src/rp2_common/pico_printf/printf.c.obj
 .text._out_fct
                0x10003452        0xe CMakeFiles/PicOV.dir/C_/Users/ashfa/.pico-sdk/sdk/2.0.0/src/rp2_common/pico_printf/printf.c.obj
 .text._atoi    0x10003460       0x24 CMakeFiles/PicOV.dir/C_/Users/ashfa/.pico-sdk/sdk/2.0.0/src/rp2_common/pico_printf/printf.c.obj
 .text._out_rev
                0x10003484       0xae CMakeFiles/PicOV.dir/C_/Users/ashfa/.pico-sdk/sdk/2.0.0/src/rp2_common/pico_printf/printf.c.obj
 .text._ntoa_format
                0x10003532      0x110 CMakeFiles/PicOV.dir/C_/Users/ashfa/.pico-sdk/sdk/2.0.0/src/rp2_common/pico_printf/printf.c.obj
 .text._ntoa_long
                0x10003642       0xbc CMakeFiles/PicOV.dir/C_/Users/ashfa/.pico-sdk/sdk/2.0.0/src/rp2_common/pico_printf/printf.c.obj
 .text._ntoa_long_long
                0x100036fe      0x10e CMakeFiles/PicOV.dir/C_/Users/ashfa/.pico-sdk/sdk/2.0.0/src/rp2_common/pico_printf/printf.c.obj
 .text._etoa    0x1000380c      0x420 CMakeFiles/PicOV.dir/C_/Users/ashfa/.pico-sdk/sdk/2.0.0/src/rp2_common/pico_printf/printf.c.obj
 .text._ftoa    0x10003c2c      0x354 CMakeFiles/PicOV.dir/C_/Users/ashfa/.pico-sdk/sdk/2.0.0/src/rp2_common/pico_printf/printf.c.obj
 .text._vsnprintf
                0x10003f80      0x668 CMakeFiles/PicOV.dir/C_/Users/ashfa/.pico-sdk/sdk/2.0.0/src/rp2_common/pico_printf/printf.c.obj
 .text.vfctprintf
                0x100045e8       0x20 CMakeFiles/PicOV.dir/C_/Users/ashfa/.pico-sdk/sdk/2.0.0/src/rp2_common/pico_printf/printf.c.obj
                0x100045e8                vfctprintf
 .text._exit    0x10004608        0x4 CMakeFiles/PicOV.dir/C_/Users/ashfa/.pico-sdk/sdk/2.0.0/src/rp2_common/pico_clib_interface/newlib_interface.c.obj
                0x10004608                _exit
 .text._sbrk    0x1000460c       0x38 CMakeFiles/PicOV.dir/C_/Users/ashfa/.pico-sdk/sdk/2.0.0/src/rp2_common/pico_clib_interface/newlib_interface.c.obj
                0x1000460c                _sbrk
 .text.exit     0x10004644        0x6 CMakeFiles/PicOV.dir/C_/Users/ashfa/.pico-sdk/sdk/2.0.0/src/rp2_common/pico_clib_interface/newlib_interface.c.obj
                0x10004644                exit
 *fill*         0x1000464a        0x2 
 .text.__assert_func
                0x1000464c       0x38 CMakeFiles/PicOV.dir/C_/Users/ashfa/.pico-sdk/sdk/2.0.0/src/rp2_common/pico_clib_interface/newlib_interface.c.obj
                0x1000464c                __assert_func
 .text.runtime_init
                0x10004684       0x28 CMakeFiles/PicOV.dir/C_/Users/ashfa/.pico-sdk/sdk/2.0.0/src/rp2_common/pico_clib_interface/newlib_interface.c.obj
                0x10004684                runtime_init
 .text.stdio_out_chars_no_crlf
                0x100046ac        0xe CMakeFiles/PicOV.dir/C_/Users/ashfa/.pico-sdk/sdk/2.0.0/src/rp2_common/pico_stdio/stdio.c.obj
 *fill*         0x100046ba        0x2 
 .text.stdio_out_chars_crlf
                0x100046bc       0x80 CMakeFiles/PicOV.dir/C_/Users/ashfa/.pico-sdk/sdk/2.0.0/src/rp2_common/pico_stdio/stdio.c.obj
 .text.stdio_stack_buffer_flush
                0x1000473c       0x44 CMakeFiles/PicOV.dir/C_/Users/ashfa/.pico-sdk/sdk/2.0.0/src/rp2_common/pico_stdio/stdio.c.obj
 .text.stdio_buffered_printer
                0x10004780       0x20 CMakeFiles/PicOV.dir/C_/Users/ashfa/.pico-sdk/sdk/2.0.0/src/rp2_common/pico_stdio/stdio.c.obj
 .text.stdout_serialize_begin
                0x100047a0       0x30 CMakeFiles/PicOV.dir/C_/Users/ashfa/.pico-sdk/sdk/2.0.0/src/rp2_common/pico_stdio/stdio.c.obj
                0x100047a0                stdout_serialize_begin
 .text.stdout_serialize_end
                0x100047d0       0x10 CMakeFiles/PicOV.dir/C_/Users/ashfa/.pico-sdk/sdk/2.0.0/src/rp2_common/pico_stdio/stdio.c.obj
                0x100047d0                stdout_serialize_end
 .text.stdio_put_string
                0x100047e0       0x94 CMakeFiles/PicOV.dir/C_/Users/ashfa/.pico-sdk/sdk/2.0.0/src/rp2_common/pico_stdio/stdio.c.obj
                0x100047e0                stdio_put_string
 .text.stdio_set_driver_enabled
                0x10004874       0x2c CMakeFiles/PicOV.dir/C_/Users/ashfa/.pico-sdk/sdk/2.0.0/src/rp2_common/pico_stdio/stdio.c.obj
                0x10004874                stdio_set_driver_enabled
 .text.stdio_flush
                0x100048a0       0x20 CMakeFiles/PicOV.dir/C_/Users/ashfa/.pico-sdk/sdk/2.0.0/src/rp2_common/pico_stdio/stdio.c.obj
                0x100048a0                stdio_flush
 .text.stdio_init_all
                0x100048c0        0xa CMakeFiles/PicOV.dir/C_/Users/ashfa/.pico-sdk/sdk/2.0.0/src/rp2_common/pico_stdio/stdio.c.obj
                0x100048c0                stdio_init_all
 .text.__wrap_puts
                0x100048ca       0x1e CMakeFiles/PicOV.dir/C_/Users/ashfa/.pico-sdk/sdk/2.0.0/src/rp2_common/pico_stdio/stdio.c.obj
                0x100048ca                stdio_puts
                0x100048ca                __wrap_puts
 .text.__wrap_vprintf
                0x100048e8       0x40 CMakeFiles/PicOV.dir/C_/Users/ashfa/.pico-sdk/sdk/2.0.0/src/rp2_common/pico_stdio/stdio.c.obj
                0x100048e8                stdio_vprintf
                0x100048e8                __wrap_vprintf
 .text.__wrap_printf
                0x10004928       0x18 CMakeFiles/PicOV.dir/C_/Users/ashfa/.pico-sdk/sdk/2.0.0/src/rp2_common/pico_stdio/stdio.c.obj
                0x10004928                __wrap_printf
                0x10004928                stdio_printf
 .text.uart_putc
                0x10004940       0x60 CMakeFiles/PicOV.dir/C_/Users/ashfa/.pico-sdk/sdk/2.0.0/src/rp2_common/pico_stdio_uart/stdio_uart.c.obj
 .text.uart_getc
                0x100049a0       0x24 CMakeFiles/PicOV.dir/C_/Users/ashfa/.pico-sdk/sdk/2.0.0/src/rp2_common/pico_stdio_uart/stdio_uart.c.obj
 .text.stdio_uart_out_chars
                0x100049c4       0x20 CMakeFiles/PicOV.dir/C_/Users/ashfa/.pico-sdk/sdk/2.0.0/src/rp2_common/pico_stdio_uart/stdio_uart.c.obj
 .text.stdio_uart_in_chars
                0x100049e4       0x5c CMakeFiles/PicOV.dir/C_/Users/ashfa/.pico-sdk/sdk/2.0.0/src/rp2_common/pico_stdio_uart/stdio_uart.c.obj
                0x100049e4                stdio_uart_in_chars
 .text.on_uart_rx
                0x10004a40       0x28 CMakeFiles/PicOV.dir/C_/Users/ashfa/.pico-sdk/sdk/2.0.0/src/rp2_common/pico_stdio_uart/stdio_uart.c.obj
 .text.stdio_uart_out_flush
                0x10004a68       0x10 CMakeFiles/PicOV.dir/C_/Users/ashfa/.pico-sdk/sdk/2.0.0/src/rp2_common/pico_stdio_uart/stdio_uart.c.obj
 .text.stdio_uart_set_chars_available_callback
                0x10004a78       0x8c CMakeFiles/PicOV.dir/C_/Users/ashfa/.pico-sdk/sdk/2.0.0/src/rp2_common/pico_stdio_uart/stdio_uart.c.obj
 .text.stdio_uart_init_full
                0x10004b04       0x44 CMakeFiles/PicOV.dir/C_/Users/ashfa/.pico-sdk/sdk/2.0.0/src/rp2_common/pico_stdio_uart/stdio_uart.c.obj
                0x10004b04                stdio_uart_init_full
 .text.stdio_uart_init
                0x10004b48       0x30 CMakeFiles/PicOV.dir/C_/Users/ashfa/.pico-sdk/sdk/2.0.0/src/rp2_common/pico_stdio_uart/stdio_uart.c.obj
                0x10004b48                stdio_uart_init
 .text.i2c_unreset
                0x10004b78       0x2c CMakeFiles/PicOV.dir/C_/Users/ashfa/.pico-sdk/sdk/2.0.0/src/rp2_common/hardware_i2c/i2c.c.obj
 .text.i2c_write_blocking_internal
                0x10004ba4      0x158 CMakeFiles/PicOV.dir/C_/Users/ashfa/.pico-sdk/sdk/2.0.0/src/rp2_common/hardware_i2c/i2c.c.obj
 .text.i2c_read_blocking_internal
                0x10004cfc       0xee CMakeFiles/PicOV.dir/C_/Users/ashfa/.pico-sdk/sdk/2.0.0/src/rp2_common/hardware_i2c/i2c.c.obj
 *fill*         0x10004dea        0x2 
 .text.i2c_set_baudrate
                0x10004dec       0xf0 CMakeFiles/PicOV.dir/C_/Users/ashfa/.pico-sdk/sdk/2.0.0/src/rp2_common/hardware_i2c/i2c.c.obj
                0x10004dec                i2c_set_baudrate
 .text.i2c_init
                0x10004edc       0x54 CMakeFiles/PicOV.dir/C_/Users/ashfa/.pico-sdk/sdk/2.0.0/src/rp2_common/hardware_i2c/i2c.c.obj
                0x10004edc                i2c_init
 .text.i2c_write_blocking
                0x10004f30       0x18 CMakeFiles/PicOV.dir/C_/Users/ashfa/.pico-sdk/sdk/2.0.0/src/rp2_common/hardware_i2c/i2c.c.obj
                0x10004f30                i2c_write_blocking
 .text.i2c_read_blocking
                0x10004f48       0x18 CMakeFiles/PicOV.dir/C_/Users/ashfa/.pico-sdk/sdk/2.0.0/src/rp2_common/hardware_i2c/i2c.c.obj
                0x10004f48                i2c_read_blocking
 .text._hw_endpoint_alloc
                0x10004f60       0x70 CMakeFiles/PicOV.dir/C_/Users/ashfa/.pico-sdk/sdk/2.0.0/lib/tinyusb/src/portable/raspberrypi/rp2040/dcd_rp2040.c.obj
 .text.hw_endpoint_init
                0x10004fd0       0xbc CMakeFiles/PicOV.dir/C_/Users/ashfa/.pico-sdk/sdk/2.0.0/lib/tinyusb/src/portable/raspberrypi/rp2040/dcd_rp2040.c.obj
 .text.hw_endpoint_xfer
                0x1000508c       0x20 CMakeFiles/PicOV.dir/C_/Users/ashfa/.pico-sdk/sdk/2.0.0/lib/tinyusb/src/portable/raspberrypi/rp2040/dcd_rp2040.c.obj
 .text.dcd_int_enable
                0x100050ac       0x2c CMakeFiles/PicOV.dir/C_/Users/ashfa/.pico-sdk/sdk/2.0.0/lib/tinyusb/src/portable/raspberrypi/rp2040/dcd_rp2040.c.obj
                0x100050ac                dcd_int_enable
 .text.dcd_set_address
                0x100050d8       0x2c CMakeFiles/PicOV.dir/C_/Users/ashfa/.pico-sdk/sdk/2.0.0/lib/tinyusb/src/portable/raspberrypi/rp2040/dcd_rp2040.c.obj
                0x100050d8                dcd_set_address
 .text.dcd_connect
                0x10005104       0x10 CMakeFiles/PicOV.dir/C_/Users/ashfa/.pico-sdk/sdk/2.0.0/lib/tinyusb/src/portable/raspberrypi/rp2040/dcd_rp2040.c.obj
                0x10005104                dcd_connect
 .text.dcd_init
                0x10005114       0x80 CMakeFiles/PicOV.dir/C_/Users/ashfa/.pico-sdk/sdk/2.0.0/lib/tinyusb/src/portable/raspberrypi/rp2040/dcd_rp2040.c.obj
                0x10005114                dcd_init
 .text.dcd_sof_enable
                0x10005194       0x1c CMakeFiles/PicOV.dir/C_/Users/ashfa/.pico-sdk/sdk/2.0.0/lib/tinyusb/src/portable/raspberrypi/rp2040/dcd_rp2040.c.obj
                0x10005194                dcd_sof_enable
 .text.dcd_edpt0_status_complete
                0x100051b0       0x1c CMakeFiles/PicOV.dir/C_/Users/ashfa/.pico-sdk/sdk/2.0.0/lib/tinyusb/src/portable/raspberrypi/rp2040/dcd_rp2040.c.obj
                0x100051b0                dcd_edpt0_status_complete
 .text.dcd_edpt_open
                0x100051cc       0x40 CMakeFiles/PicOV.dir/C_/Users/ashfa/.pico-sdk/sdk/2.0.0/lib/tinyusb/src/portable/raspberrypi/rp2040/dcd_rp2040.c.obj
                0x100051cc                dcd_edpt_open
 .text.dcd_edpt_close_all
                0x1000520c        0x8 CMakeFiles/PicOV.dir/C_/Users/ashfa/.pico-sdk/sdk/2.0.0/lib/tinyusb/src/portable/raspberrypi/rp2040/dcd_rp2040.c.obj
                0x1000520c                dcd_edpt_close_all
 .text.dcd_edpt_xfer
                0x10005214       0x30 CMakeFiles/PicOV.dir/C_/Users/ashfa/.pico-sdk/sdk/2.0.0/lib/tinyusb/src/portable/raspberrypi/rp2040/dcd_rp2040.c.obj
                0x10005214                dcd_edpt_xfer
 .text.dcd_edpt_stall
                0x10005244       0x3c CMakeFiles/PicOV.dir/C_/Users/ashfa/.pico-sdk/sdk/2.0.0/lib/tinyusb/src/portable/raspberrypi/rp2040/dcd_rp2040.c.obj
                0x10005244                dcd_edpt_stall
 .text.dcd_edpt_clear_stall
                0x10005280       0x30 CMakeFiles/PicOV.dir/C_/Users/ashfa/.pico-sdk/sdk/2.0.0/lib/tinyusb/src/portable/raspberrypi/rp2040/dcd_rp2040.c.obj
                0x10005280                dcd_edpt_clear_stall
 .text.unaligned_memcpy
                0x100052b0       0x14 CMakeFiles/PicOV.dir/C_/Users/ashfa/.pico-sdk/sdk/2.0.0/lib/tinyusb/src/portable/raspberrypi/rp2040/rp2040_usb.c.obj
 .text.rp2040_usb_init
                0x100052c4       0x44 CMakeFiles/PicOV.dir/C_/Users/ashfa/.pico-sdk/sdk/2.0.0/lib/tinyusb/src/portable/raspberrypi/rp2040/rp2040_usb.c.obj
                0x100052c4                rp2040_usb_init
 .text.hw_endpoint_xfer_start
                0x10005308       0x60 CMakeFiles/PicOV.dir/C_/Users/ashfa/.pico-sdk/sdk/2.0.0/lib/tinyusb/src/portable/raspberrypi/rp2040/rp2040_usb.c.obj
                0x10005308                hw_endpoint_xfer_start
 .text.tud_vendor_control_xfer_cb
                0x10005368        0x4 CMakeFiles/PicOV.dir/C_/Users/ashfa/.pico-sdk/sdk/2.0.0/lib/tinyusb/src/device/usbd.c.obj
                0x10005368                tud_vendor_control_xfer_cb
 .text.configuration_reset
                0x1000536c       0x7c CMakeFiles/PicOV.dir/C_/Users/ashfa/.pico-sdk/sdk/2.0.0/lib/tinyusb/src/device/usbd.c.obj
 .text.critical_section_enter_blocking
                0x100053e8       0x16 CMakeFiles/PicOV.dir/C_/Users/ashfa/.pico-sdk/sdk/2.0.0/lib/tinyusb/src/device/usbd.c.obj
 .text.usbd_reset
                0x100053fe        0xc CMakeFiles/PicOV.dir/C_/Users/ashfa/.pico-sdk/sdk/2.0.0/lib/tinyusb/src/device/usbd.c.obj
 .text.invoke_class_control
                0x1000540a       0x1a CMakeFiles/PicOV.dir/C_/Users/ashfa/.pico-sdk/sdk/2.0.0/lib/tinyusb/src/device/usbd.c.obj
 .text.process_set_config
                0x10005424      0x194 CMakeFiles/PicOV.dir/C_/Users/ashfa/.pico-sdk/sdk/2.0.0/lib/tinyusb/src/device/usbd.c.obj
 .text.tud_event_hook_cb
                0x100055b8        0x2 CMakeFiles/PicOV.dir/C_/Users/ashfa/.pico-sdk/sdk/2.0.0/lib/tinyusb/src/device/usbd.c.obj
                0x100055b8                tud_event_hook_cb
 .text.tud_sof_cb
                0x100055ba        0x2 CMakeFiles/PicOV.dir/C_/Users/ashfa/.pico-sdk/sdk/2.0.0/lib/tinyusb/src/device/usbd.c.obj
                0x100055ba                tud_sof_cb
 .text.tud_descriptor_bos_cb
                0x100055bc        0x4 CMakeFiles/PicOV.dir/C_/Users/ashfa/.pico-sdk/sdk/2.0.0/lib/tinyusb/src/device/usbd.c.obj
                0x100055bc                tud_descriptor_bos_cb
 .text.tud_descriptor_device_qualifier_cb
                0x100055c0        0x4 CMakeFiles/PicOV.dir/C_/Users/ashfa/.pico-sdk/sdk/2.0.0/lib/tinyusb/src/device/usbd.c.obj
                0x100055c0                tud_descriptor_device_qualifier_cb
 .text.tud_descriptor_other_speed_configuration_cb
                0x100055c4        0x4 CMakeFiles/PicOV.dir/C_/Users/ashfa/.pico-sdk/sdk/2.0.0/lib/tinyusb/src/device/usbd.c.obj
                0x100055c4                tud_descriptor_other_speed_configuration_cb
 .text.process_get_descriptor
                0x100055c8       0xe0 CMakeFiles/PicOV.dir/C_/Users/ashfa/.pico-sdk/sdk/2.0.0/lib/tinyusb/src/device/usbd.c.obj
 .text.tud_mount_cb
                0x100056a8        0x2 CMakeFiles/PicOV.dir/C_/Users/ashfa/.pico-sdk/sdk/2.0.0/lib/tinyusb/src/device/usbd.c.obj
                0x100056a8                tud_mount_cb
 .text.tud_umount_cb
                0x100056aa        0x2 CMakeFiles/PicOV.dir/C_/Users/ashfa/.pico-sdk/sdk/2.0.0/lib/tinyusb/src/device/usbd.c.obj
                0x100056aa                tud_umount_cb
 .text.tud_suspend_cb
                0x100056ac        0x2 CMakeFiles/PicOV.dir/C_/Users/ashfa/.pico-sdk/sdk/2.0.0/lib/tinyusb/src/device/usbd.c.obj
                0x100056ac                tud_suspend_cb
 .text.tud_resume_cb
                0x100056ae        0x2 CMakeFiles/PicOV.dir/C_/Users/ashfa/.pico-sdk/sdk/2.0.0/lib/tinyusb/src/device/usbd.c.obj
                0x100056ae                tud_resume_cb
 .text.tud_mounted
                0x100056b0       0x10 CMakeFiles/PicOV.dir/C_/Users/ashfa/.pico-sdk/sdk/2.0.0/lib/tinyusb/src/device/usbd.c.obj
                0x100056b0                tud_mounted
 .text.tud_suspended
                0x100056c0       0x10 CMakeFiles/PicOV.dir/C_/Users/ashfa/.pico-sdk/sdk/2.0.0/lib/tinyusb/src/device/usbd.c.obj
                0x100056c0                tud_suspended
 .text.tud_inited
                0x100056d0       0x14 CMakeFiles/PicOV.dir/C_/Users/ashfa/.pico-sdk/sdk/2.0.0/lib/tinyusb/src/device/usbd.c.obj
                0x100056d0                tud_inited
 .text.tud_init
                0x100056e4       0xd4 CMakeFiles/PicOV.dir/C_/Users/ashfa/.pico-sdk/sdk/2.0.0/lib/tinyusb/src/device/usbd.c.obj
                0x100056e4                tud_init
 .text.usbd_edpt_open
                0x100057b8       0x60 CMakeFiles/PicOV.dir/C_/Users/ashfa/.pico-sdk/sdk/2.0.0/lib/tinyusb/src/device/usbd.c.obj
                0x100057b8                usbd_edpt_open
 .text.usbd_open_edpt_pair
                0x10005818       0x8c CMakeFiles/PicOV.dir/C_/Users/ashfa/.pico-sdk/sdk/2.0.0/lib/tinyusb/src/device/usbd.c.obj
                0x10005818                usbd_open_edpt_pair
 .text.usbd_edpt_claim
                0x100058a4       0x28 CMakeFiles/PicOV.dir/C_/Users/ashfa/.pico-sdk/sdk/2.0.0/lib/tinyusb/src/device/usbd.c.obj
                0x100058a4                usbd_edpt_claim
 .text.usbd_edpt_release
                0x100058cc       0x28 CMakeFiles/PicOV.dir/C_/Users/ashfa/.pico-sdk/sdk/2.0.0/lib/tinyusb/src/device/usbd.c.obj
                0x100058cc                usbd_edpt_release
 .text.usbd_edpt_xfer
                0x100058f4       0x88 CMakeFiles/PicOV.dir/C_/Users/ashfa/.pico-sdk/sdk/2.0.0/lib/tinyusb/src/device/usbd.c.obj
                0x100058f4                usbd_edpt_xfer
 .text.usbd_edpt_stall
                0x1000597c       0x34 CMakeFiles/PicOV.dir/C_/Users/ashfa/.pico-sdk/sdk/2.0.0/lib/tinyusb/src/device/usbd.c.obj
                0x1000597c                usbd_edpt_stall
 .text.usbd_edpt_clear_stall
                0x100059b0       0x34 CMakeFiles/PicOV.dir/C_/Users/ashfa/.pico-sdk/sdk/2.0.0/lib/tinyusb/src/device/usbd.c.obj
                0x100059b0                usbd_edpt_clear_stall
 .text.usbd_edpt_stalled
                0x100059e4       0x1c CMakeFiles/PicOV.dir/C_/Users/ashfa/.pico-sdk/sdk/2.0.0/lib/tinyusb/src/device/usbd.c.obj
                0x100059e4                usbd_edpt_stalled
 .text.process_control_request
                0x10005a00      0x38c CMakeFiles/PicOV.dir/C_/Users/ashfa/.pico-sdk/sdk/2.0.0/lib/tinyusb/src/device/usbd.c.obj
 .text.tud_task_ext
                0x10005d8c      0x1c4 CMakeFiles/PicOV.dir/C_/Users/ashfa/.pico-sdk/sdk/2.0.0/lib/tinyusb/src/device/usbd.c.obj
                0x10005d8c                tud_task_ext
 .text._status_stage_xact
                0x10005f50       0x1a CMakeFiles/PicOV.dir/C_/Users/ashfa/.pico-sdk/sdk/2.0.0/lib/tinyusb/src/device/usbd_control.c.obj
 *fill*         0x10005f6a        0x2 
 .text._data_stage_xact
                0x10005f6c       0x60 CMakeFiles/PicOV.dir/C_/Users/ashfa/.pico-sdk/sdk/2.0.0/lib/tinyusb/src/device/usbd_control.c.obj
 .text.tud_control_status
                0x10005fcc       0x28 CMakeFiles/PicOV.dir/C_/Users/ashfa/.pico-sdk/sdk/2.0.0/lib/tinyusb/src/device/usbd_control.c.obj
                0x10005fcc                tud_control_status
 .text.tud_control_xfer
                0x10005ff4       0x98 CMakeFiles/PicOV.dir/C_/Users/ashfa/.pico-sdk/sdk/2.0.0/lib/tinyusb/src/device/usbd_control.c.obj
                0x10005ff4                tud_control_xfer
 .text.usbd_control_reset
                0x1000608c       0x14 CMakeFiles/PicOV.dir/C_/Users/ashfa/.pico-sdk/sdk/2.0.0/lib/tinyusb/src/device/usbd_control.c.obj
                0x1000608c                usbd_control_reset
 .text.usbd_control_set_complete_callback
                0x100060a0        0xc CMakeFiles/PicOV.dir/C_/Users/ashfa/.pico-sdk/sdk/2.0.0/lib/tinyusb/src/device/usbd_control.c.obj
                0x100060a0                usbd_control_set_complete_callback
 .text.usbd_control_set_request
                0x100060ac       0x1c CMakeFiles/PicOV.dir/C_/Users/ashfa/.pico-sdk/sdk/2.0.0/lib/tinyusb/src/device/usbd_control.c.obj
                0x100060ac                usbd_control_set_request
 .text.usbd_control_xfer_cb
                0x100060c8       0xe0 CMakeFiles/PicOV.dir/C_/Users/ashfa/.pico-sdk/sdk/2.0.0/lib/tinyusb/src/device/usbd_control.c.obj
                0x100060c8                usbd_control_xfer_cb
 .text._prep_out_transaction
                0x100061a8       0x76 CMakeFiles/PicOV.dir/C_/Users/ashfa/.pico-sdk/sdk/2.0.0/lib/tinyusb/src/class/cdc/cdc_device.c.obj
 *fill*         0x1000621e        0x2 
 .text.tud_cdc_n_connected
                0x10006220       0x3c CMakeFiles/PicOV.dir/C_/Users/ashfa/.pico-sdk/sdk/2.0.0/lib/tinyusb/src/class/cdc/cdc_device.c.obj
                0x10006220                tud_cdc_n_connected
 .text.tud_cdc_n_available
                0x1000625c       0x1c CMakeFiles/PicOV.dir/C_/Users/ashfa/.pico-sdk/sdk/2.0.0/lib/tinyusb/src/class/cdc/cdc_device.c.obj
                0x1000625c                tud_cdc_n_available
 .text.tud_cdc_n_read
                0x10006278       0x40 CMakeFiles/PicOV.dir/C_/Users/ashfa/.pico-sdk/sdk/2.0.0/lib/tinyusb/src/class/cdc/cdc_device.c.obj
                0x10006278                tud_cdc_n_read
 .text.tud_cdc_n_read_flush
                0x100062b8       0x28 CMakeFiles/PicOV.dir/C_/Users/ashfa/.pico-sdk/sdk/2.0.0/lib/tinyusb/src/class/cdc/cdc_device.c.obj
                0x100062b8                tud_cdc_n_read_flush
 .text.tud_cdc_n_write_flush
                0x100062e0       0xe0 CMakeFiles/PicOV.dir/C_/Users/ashfa/.pico-sdk/sdk/2.0.0/lib/tinyusb/src/class/cdc/cdc_device.c.obj
                0x100062e0                tud_cdc_n_write_flush
 .text.tud_cdc_n_write
                0x100063c0       0x4c CMakeFiles/PicOV.dir/C_/Users/ashfa/.pico-sdk/sdk/2.0.0/lib/tinyusb/src/class/cdc/cdc_device.c.obj
                0x100063c0                tud_cdc_n_write
 .text.cdcd_init
                0x1000640c       0xdc CMakeFiles/PicOV.dir/C_/Users/ashfa/.pico-sdk/sdk/2.0.0/lib/tinyusb/src/class/cdc/cdc_device.c.obj
                0x1000640c                cdcd_init
 .text.cdcd_deinit
                0x100064e8       0x5c CMakeFiles/PicOV.dir/C_/Users/ashfa/.pico-sdk/sdk/2.0.0/lib/tinyusb/src/class/cdc/cdc_device.c.obj
                0x100064e8                cdcd_deinit
 .text.cdcd_reset
                0x10006544       0x88 CMakeFiles/PicOV.dir/C_/Users/ashfa/.pico-sdk/sdk/2.0.0/lib/tinyusb/src/class/cdc/cdc_device.c.obj
                0x10006544                cdcd_reset
 .text.cdcd_open
                0x100065cc       0xf0 CMakeFiles/PicOV.dir/C_/Users/ashfa/.pico-sdk/sdk/2.0.0/lib/tinyusb/src/class/cdc/cdc_device.c.obj
                0x100065cc                cdcd_open
 .text.cdcd_control_xfer_cb
                0x100066bc      0x138 CMakeFiles/PicOV.dir/C_/Users/ashfa/.pico-sdk/sdk/2.0.0/lib/tinyusb/src/class/cdc/cdc_device.c.obj
                0x100066bc                cdcd_control_xfer_cb
 .text.cdcd_xfer_cb
                0x100067f4      0x148 CMakeFiles/PicOV.dir/C_/Users/ashfa/.pico-sdk/sdk/2.0.0/lib/tinyusb/src/class/cdc/cdc_device.c.obj
                0x100067f4                cdcd_xfer_cb
 .text.tusb_init
                0x1000693c       0x24 CMakeFiles/PicOV.dir/C_/Users/ashfa/.pico-sdk/sdk/2.0.0/lib/tinyusb/src/tusb.c.obj
                0x1000693c                tusb_init
 .text.tu_edpt_claim
                0x10006960       0x50 CMakeFiles/PicOV.dir/C_/Users/ashfa/.pico-sdk/sdk/2.0.0/lib/tinyusb/src/tusb.c.obj
                0x10006960                tu_edpt_claim
 .text.tu_edpt_release
                0x100069b0       0x38 CMakeFiles/PicOV.dir/C_/Users/ashfa/.pico-sdk/sdk/2.0.0/lib/tinyusb/src/tusb.c.obj
                0x100069b0                tu_edpt_release
 .text.tu_edpt_validate
                0x100069e8       0xac CMakeFiles/PicOV.dir/C_/Users/ashfa/.pico-sdk/sdk/2.0.0/lib/tinyusb/src/tusb.c.obj
                0x100069e8                tu_edpt_validate
 .text.tu_edpt_bind_driver
                0x10006a94       0x26 CMakeFiles/PicOV.dir/C_/Users/ashfa/.pico-sdk/sdk/2.0.0/lib/tinyusb/src/tusb.c.obj
                0x10006a94                tu_edpt_bind_driver
 .text.advance_index
                0x10006aba       0x1a CMakeFiles/PicOV.dir/C_/Users/ashfa/.pico-sdk/sdk/2.0.0/lib/tinyusb/src/common/tusb_fifo.c.obj
 .text._tu_fifo_peek
                0x10006ad4       0x56 CMakeFiles/PicOV.dir/C_/Users/ashfa/.pico-sdk/sdk/2.0.0/lib/tinyusb/src/common/tusb_fifo.c.obj
 .text._ff_pull_n
                0x10006b2a       0x68 CMakeFiles/PicOV.dir/C_/Users/ashfa/.pico-sdk/sdk/2.0.0/lib/tinyusb/src/common/tusb_fifo.c.obj
 .text._tu_fifo_peek_n
                0x10006b92       0x6a CMakeFiles/PicOV.dir/C_/Users/ashfa/.pico-sdk/sdk/2.0.0/lib/tinyusb/src/common/tusb_fifo.c.obj
 .text._tu_fifo_read_n
                0x10006bfc       0x4e CMakeFiles/PicOV.dir/C_/Users/ashfa/.pico-sdk/sdk/2.0.0/lib/tinyusb/src/common/tusb_fifo.c.obj
 .text._ff_push_n
                0x10006c4a       0x68 CMakeFiles/PicOV.dir/C_/Users/ashfa/.pico-sdk/sdk/2.0.0/lib/tinyusb/src/common/tusb_fifo.c.obj
 .text._tu_fifo_write_n
                0x10006cb2       0xf0 CMakeFiles/PicOV.dir/C_/Users/ashfa/.pico-sdk/sdk/2.0.0/lib/tinyusb/src/common/tusb_fifo.c.obj
 .text.tu_fifo_config
                0x10006da2       0x7c CMakeFiles/PicOV.dir/C_/Users/ashfa/.pico-sdk/sdk/2.0.0/lib/tinyusb/src/common/tusb_fifo.c.obj
                0x10006da2                tu_fifo_config
 .text.tu_fifo_count
                0x10006e1e       0x2a CMakeFiles/PicOV.dir/C_/Users/ashfa/.pico-sdk/sdk/2.0.0/lib/tinyusb/src/common/tusb_fifo.c.obj
                0x10006e1e                tu_fifo_count
 .text.tu_fifo_empty
                0x10006e48        0xe CMakeFiles/PicOV.dir/C_/Users/ashfa/.pico-sdk/sdk/2.0.0/lib/tinyusb/src/common/tusb_fifo.c.obj
                0x10006e48                tu_fifo_empty
 .text.tu_fifo_full
                0x10006e56       0x28 CMakeFiles/PicOV.dir/C_/Users/ashfa/.pico-sdk/sdk/2.0.0/lib/tinyusb/src/common/tusb_fifo.c.obj
                0x10006e56                tu_fifo_full
 .text.tu_fifo_remaining
                0x10006e7e       0x2c CMakeFiles/PicOV.dir/C_/Users/ashfa/.pico-sdk/sdk/2.0.0/lib/tinyusb/src/common/tusb_fifo.c.obj
                0x10006e7e                tu_fifo_remaining
 .text.tu_fifo_read
                0x10006eaa       0x42 CMakeFiles/PicOV.dir/C_/Users/ashfa/.pico-sdk/sdk/2.0.0/lib/tinyusb/src/common/tusb_fifo.c.obj
                0x10006eaa                tu_fifo_read
 .text.tu_fifo_read_n
                0x10006eec        0xa CMakeFiles/PicOV.dir/C_/Users/ashfa/.pico-sdk/sdk/2.0.0/lib/tinyusb/src/common/tusb_fifo.c.obj
                0x10006eec                tu_fifo_read_n
 .text.tu_fifo_write
                0x10006ef6       0x64 CMakeFiles/PicOV.dir/C_/Users/ashfa/.pico-sdk/sdk/2.0.0/lib/tinyusb/src/common/tusb_fifo.c.obj
                0x10006ef6                tu_fifo_write
 .text.tu_fifo_write_n
                0x10006f5a        0xa CMakeFiles/PicOV.dir/C_/Users/ashfa/.pico-sdk/sdk/2.0.0/lib/tinyusb/src/common/tusb_fifo.c.obj
                0x10006f5a                tu_fifo_write_n
 .text.tu_fifo_clear
                0x10006f64       0x3e CMakeFiles/PicOV.dir/C_/Users/ashfa/.pico-sdk/sdk/2.0.0/lib/tinyusb/src/common/tusb_fifo.c.obj
                0x10006f64                tu_fifo_clear
 .text.tu_fifo_set_overwritable
                0x10006fa2       0x46 CMakeFiles/PicOV.dir/C_/Users/ashfa/.pico-sdk/sdk/2.0.0/lib/tinyusb/src/common/tusb_fifo.c.obj
                0x10006fa2                tu_fifo_set_overwritable
 .text.pio_get_default_sm_config
                0x10006fe8       0x28 CMakeFiles/PicOV.dir/C_/Users/ashfa/.pico-sdk/sdk/2.0.0/src/rp2_common/hardware_pio/pio.c.obj
 .text.is_program_gpio_compatible
                0x10007010        0x4 CMakeFiles/PicOV.dir/C_/Users/ashfa/.pico-sdk/sdk/2.0.0/src/rp2_common/hardware_pio/pio.c.obj
 .text.add_program_at_offset_check
                0x10007014       0x64 CMakeFiles/PicOV.dir/C_/Users/ashfa/.pico-sdk/sdk/2.0.0/src/rp2_common/hardware_pio/pio.c.obj
 .text.add_program_at_offset
                0x10007078       0x60 CMakeFiles/PicOV.dir/C_/Users/ashfa/.pico-sdk/sdk/2.0.0/src/rp2_common/hardware_pio/pio.c.obj
 .text.find_offset_for_program
                0x100070d8       0x7c CMakeFiles/PicOV.dir/C_/Users/ashfa/.pico-sdk/sdk/2.0.0/src/rp2_common/hardware_pio/pio.c.obj
 .text.pio_add_program
                0x10007154       0x30 CMakeFiles/PicOV.dir/C_/Users/ashfa/.pico-sdk/sdk/2.0.0/src/rp2_common/hardware_pio/pio.c.obj
                0x10007154                pio_add_program
 .text.pio_sm_set_consecutive_pindirs
                0x10007184       0xb4 CMakeFiles/PicOV.dir/C_/Users/ashfa/.pico-sdk/sdk/2.0.0/src/rp2_common/hardware_pio/pio.c.obj
                0x10007184                pio_sm_set_consecutive_pindirs
 .text.pio_sm_init
                0x10007238       0xb4 CMakeFiles/PicOV.dir/C_/Users/ashfa/.pico-sdk/sdk/2.0.0/src/rp2_common/hardware_pio/pio.c.obj
                0x10007238                pio_sm_init
 .text.atoi     0x100072ec        0xc C:/Users/ashfa/.pico-sdk/toolchain/13_2_Rel1/bin/../lib/gcc/arm-none-eabi/13.2.1/thumb/v6-m/nofp\libg.a(libc_a-atoi.o)
                0x100072ec                atoi
 .text.calloc   0x100072f8       0x18 C:/Users/ashfa/.pico-sdk/toolchain/13_2_Rel1/bin/../lib/gcc/arm-none-eabi/13.2.1/thumb/v6-m/nofp\libg.a(libc_a-calloc.o)
                0x100072f8                calloc
 .text._calloc_r
                0x10007310       0xa8 C:/Users/ashfa/.pico-sdk/toolchain/13_2_Rel1/bin/../lib/gcc/arm-none-eabi/13.2.1/thumb/v6-m/nofp\libg.a(libc_a-callocr.o)
                0x10007310                _calloc_r
 .text.malloc   0x100073b8       0x14 C:/Users/ashfa/.pico-sdk/toolchain/13_2_Rel1/bin/../lib/gcc/arm-none-eabi/13.2.1/thumb/v6-m/nofp\libg.a(libc_a-malloc.o)
                0x100073b8                malloc
 .text.free     0x100073cc       0x14 C:/Users/ashfa/.pico-sdk/toolchain/13_2_Rel1/bin/../lib/gcc/arm-none-eabi/13.2.1/thumb/v6-m/nofp\libg.a(libc_a-malloc.o)
                0x100073cc                free
 .text._malloc_r
                0x100073e0      0x5c4 C:/Users/ashfa/.pico-sdk/toolchain/13_2_Rel1/bin/../lib/gcc/arm-none-eabi/13.2.1/thumb/v6-m/nofp\libg.a(libc_a-mallocr.o)
                0x100073e0                _malloc_r
 .text.__malloc_lock
                0x100079a4       0x10 C:/Users/ashfa/.pico-sdk/toolchain/13_2_Rel1/bin/../lib/gcc/arm-none-eabi/13.2.1/thumb/v6-m/nofp\libg.a(libc_a-mlock.o)
                0x100079a4                __malloc_lock
 .text.__malloc_unlock
                0x100079b4       0x10 C:/Users/ashfa/.pico-sdk/toolchain/13_2_Rel1/bin/../lib/gcc/arm-none-eabi/13.2.1/thumb/v6-m/nofp\libg.a(libc_a-mlock.o)
                0x100079b4                __malloc_unlock
 .text._strtol_l.isra.0
                0x100079c4      0x158 C:/Users/ashfa/.pico-sdk/toolchain/13_2_Rel1/bin/../lib/gcc/arm-none-eabi/13.2.1/thumb/v6-m/nofp\libg.a(libc_a-strtol.o)
 .text.strtol   0x10007b1c       0x18 C:/Users/ashfa/.pico-sdk/toolchain/13_2_Rel1/bin/../lib/gcc/arm-none-eabi/13.2.1/thumb/v6-m/nofp\libg.a(libc_a-strtol.o)
                0x10007b1c                strtol
 .text.strncpy  0x10007b34       0x60 C:/Users/ashfa/.pico-sdk/toolchain/13_2_Rel1/bin/../lib/gcc/arm-none-eabi/13.2.1/thumb/v6-m/nofp\libg.a(libc_a-strncpy.o)
                0x10007b34                strncpy
 .text.strtok   0x10007b94       0x14 C:/Users/ashfa/.pico-sdk/toolchain/13_2_Rel1/bin/../lib/gcc/arm-none-eabi/13.2.1/thumb/v6-m/nofp\libg.a(libc_a-strtok.o)
                0x10007b94                strtok
 .text.__strtok_r
                0x10007ba8       0x64 C:/Users/ashfa/.pico-sdk/toolchain/13_2_Rel1/bin/../lib/gcc/arm-none-eabi/13.2.1/thumb/v6-m/nofp\libg.a(libc_a-strtok_r.o)
                0x10007ba8                __strtok_r
 .text._sbrk_r  0x10007c0c       0x24 C:/Users/ashfa/.pico-sdk/toolchain/13_2_Rel1/bin/../lib/gcc/arm-none-eabi/13.2.1/thumb/v6-m/nofp\libg.a(libc_a-sbrkr.o)
                0x10007c0c                _sbrk_r
 .text.__errno  0x10007c30        0xc C:/Users/ashfa/.pico-sdk/toolchain/13_2_Rel1/bin/../lib/gcc/arm-none-eabi/13.2.1/thumb/v6-m/nofp\libg.a(libc_a-errno.o)
                0x10007c30                __errno
 .text.__retarget_lock_acquire_recursive
                0x10007c3c        0x4 C:/Users/ashfa/.pico-sdk/toolchain/13_2_Rel1/bin/../lib/gcc/arm-none-eabi/13.2.1/thumb/v6-m/nofp\libg.a(libc_a-lock.o)
                0x10007c3c                __retarget_lock_acquire_recursive
 .text.__retarget_lock_release_recursive
                0x10007c40        0x4 C:/Users/ashfa/.pico-sdk/toolchain/13_2_Rel1/bin/../lib/gcc/arm-none-eabi/13.2.1/thumb/v6-m/nofp\libg.a(libc_a-lock.o)
                0x10007c40                __retarget_lock_release_recursive
 .text.sysconf  0x10007c44       0x1c C:/Users/ashfa/.pico-sdk/toolchain/13_2_Rel1/bin/../lib/gcc/arm-none-eabi/13.2.1/thumb/v6-m/nofp\libg.a(libc_a-sysconf.o)
                0x10007c44                sysconf
 .text          0x10007c60       0x88 C:/Users/ashfa/.pico-sdk/toolchain/13_2_Rel1/bin/../lib/gcc/arm-none-eabi/13.2.1/thumb/v6-m/nofp\libg.a(libc_a-strcmp.o)
                0x10007c60                strcmp
 .text.strlen   0x10007ce8       0x5c C:/Users/ashfa/.pico-sdk/toolchain/13_2_Rel1/bin/../lib/gcc/arm-none-eabi/13.2.1/thumb/v6-m/nofp\libg.a(libc_a-strlen-stub.o)
                0x10007ce8                strlen
 .text._malloc_trim_r
                0x10007d44       0xb4 C:/Users/ashfa/.pico-sdk/toolchain/13_2_Rel1/bin/../lib/gcc/arm-none-eabi/13.2.1/thumb/v6-m/nofp\libg.a(libc_a-freer.o)
                0x10007d44                _malloc_trim_r
 .text._free_r  0x10007df8      0x1d4 C:/Users/ashfa/.pico-sdk/toolchain/13_2_Rel1/bin/../lib/gcc/arm-none-eabi/13.2.1/thumb/v6-m/nofp\libg.a(libc_a-freer.o)
                0x10007df8                _free_r
 *(.fini)
 .fini          0x10007fcc        0x4 C:/Users/ashfa/.pico-sdk/toolchain/13_2_Rel1/bin/../lib/gcc/arm-none-eabi/13.2.1/thumb/v6-m/nofp/crti.o
                0x10007fcc                _fini
 .fini.__stub   0x10007fd0       0xc0 linker stubs
 *crtbegin.o(.ctors)
 *crtbegin?.o(.ctors)
 *(EXCLUDE_FILE(*crtend.o *crtend?.o) .ctors)
 *(SORT_BY_NAME(.ctors.*))
 *(.ctors)
 *crtbegin.o(.dtors)
 *crtbegin?.o(.dtors)
 *(EXCLUDE_FILE(*crtend.o *crtend?.o) .dtors)
 *(SORT_BY_NAME(.dtors.*))
 *(.dtors)
                0x10008090                        . = ALIGN (0x4)
                0x10008090                        PROVIDE (__preinit_array_start = .)
 *(SORT_BY_NAME(.preinit_array.*))
 .preinit_array.00100
                0x10008090        0x4 CMakeFiles/PicOV.dir/C_/Users/ashfa/.pico-sdk/sdk/2.0.0/src/rp2_common/pico_runtime_init/runtime_init.c.obj
                0x10008090                __pre_init_runtime_init_early_resets
 .preinit_array.00101
                0x10008094        0x4 CMakeFiles/PicOV.dir/C_/Users/ashfa/.pico-sdk/sdk/2.0.0/src/rp2_common/pico_runtime_init/runtime_init.c.obj
                0x10008094                __pre_init_runtime_init_usb_power_down
 .preinit_array.00275
                0x10008098        0x4 CMakeFiles/PicOV.dir/C_/Users/ashfa/.pico-sdk/sdk/2.0.0/src/rp2_common/pico_bit_ops/bit_ops_aeabi.S.obj
 .preinit_array.00300
                0x1000809c        0x4 CMakeFiles/PicOV.dir/C_/Users/ashfa/.pico-sdk/sdk/2.0.0/src/rp2_common/pico_mem_ops/mem_ops_aeabi.S.obj
 .preinit_array.00350
                0x100080a0        0x4 CMakeFiles/PicOV.dir/C_/Users/ashfa/.pico-sdk/sdk/2.0.0/src/rp2_common/pico_double/double_aeabi_rp2040.S.obj
 .preinit_array.00350
                0x100080a4        0x4 CMakeFiles/PicOV.dir/C_/Users/ashfa/.pico-sdk/sdk/2.0.0/src/rp2_common/pico_float/float_aeabi_rp2040.S.obj
 .preinit_array.00500
                0x100080a8        0x4 CMakeFiles/PicOV.dir/C_/Users/ashfa/.pico-sdk/sdk/2.0.0/src/rp2_common/pico_runtime_init/runtime_init.c.obj
                0x100080a8                __pre_init_runtime_init_clocks
 .preinit_array.00600
                0x100080ac        0x4 CMakeFiles/PicOV.dir/C_/Users/ashfa/.pico-sdk/sdk/2.0.0/src/rp2_common/pico_runtime_init/runtime_init.c.obj
                0x100080ac                __pre_init_runtime_init_post_clock_resets
 .preinit_array.00700
                0x100080b0        0x4 CMakeFiles/PicOV.dir/C_/Users/ashfa/.pico-sdk/sdk/2.0.0/src/rp2_common/pico_runtime_init/runtime_init.c.obj
                0x100080b0                __pre_init_runtime_init_rp2040_gpio_ie_disable
 .preinit_array.01000
                0x100080b4        0x4 CMakeFiles/PicOV.dir/C_/Users/ashfa/.pico-sdk/sdk/2.0.0/src/rp2_common/pico_runtime_init/runtime_init.c.obj
                0x100080b4                __pre_init_runtime_init_spin_locks_reset
 .preinit_array.01100
                0x100080b8        0x4 CMakeFiles/PicOV.dir/C_/Users/ashfa/.pico-sdk/sdk/2.0.0/src/common/pico_sync/mutex.c.obj
                0x100080b8                __pre_init_runtime_init_mutex
 .preinit_array.10080
                0x100080bc        0x4 CMakeFiles/PicOV.dir/C_/Users/ashfa/.pico-sdk/sdk/2.0.0/src/rp2_common/pico_runtime_init/runtime_init.c.obj
                0x100080bc                __pre_init_runtime_init_install_ram_vector_table
 .preinit_array.11000
                0x100080c0        0x4 CMakeFiles/PicOV.dir/C_/Users/ashfa/.pico-sdk/sdk/2.0.0/src/common/pico_time/time.c.obj
                0x100080c0                __pre_init_runtime_init_default_alarm_pool
 .preinit_array.YYYYY
                0x100080c4        0x4 CMakeFiles/PicOV.dir/C_/Users/ashfa/.pico-sdk/sdk/2.0.0/src/rp2_common/pico_runtime/runtime.c.obj
                0x100080c4                __pre_init_first_per_core_initializer
 .preinit_array.ZZZZZ.01200
                0x100080c8        0x4 CMakeFiles/PicOV.dir/C_/Users/ashfa/.pico-sdk/sdk/2.0.0/src/rp2_common/hardware_irq/irq.c.obj
                0x100080c8                __pre_init_runtime_init_per_core_irq_priorities
 *(.preinit_array)
                0x100080cc                        PROVIDE (__preinit_array_end = .)
                0x100080cc                        . = ALIGN (0x4)
                0x100080cc                        PROVIDE (__init_array_start = .)
 *(SORT_BY_NAME(.init_array.*))
 *(.init_array)
 .init_array    0x100080cc        0x4 C:/Users/ashfa/.pico-sdk/toolchain/13_2_Rel1/bin/../lib/gcc/arm-none-eabi/13.2.1/thumb/v6-m/nofp/crtbegin.o
                0x100080d0                        PROVIDE (__init_array_end = .)
                0x100080d0                        . = ALIGN (0x4)
                [!provide]                        PROVIDE (__fini_array_start = .)
 *(SORT_BY_NAME(.fini_array.*))
 *(.fini_array)
                [!provide]                        PROVIDE (__fini_array_end = .)
 *(.eh_frame*)
 .eh_frame      0x100080d0        0x0 C:/Users/ashfa/.pico-sdk/toolchain/13_2_Rel1/bin/../lib/gcc/arm-none-eabi/13.2.1/thumb/v6-m/nofp/crtbegin.o
                0x100080d0                        . = ALIGN (0x4)

.glue_7         0x100080d0        0x0
 .glue_7        0x100080d0        0x0 linker stubs

.glue_7t        0x100080d0        0x0
 .glue_7t       0x100080d0        0x0 linker stubs

.vfp11_veneer   0x100080d0        0x0
 .vfp11_veneer  0x100080d0        0x0 linker stubs

.v4_bx          0x100080d0        0x0
 .v4_bx         0x100080d0        0x0 linker stubs

.iplt           0x100080d0        0x0
 .iplt          0x100080d0        0x0 C:/Users/ashfa/.pico-sdk/toolchain/13_2_Rel1/bin/../lib/gcc/arm-none-eabi/13.2.1/thumb/v6-m/nofp/crtbegin.o

.rodata         0x100080d0     0x1684
 *(EXCLUDE_FILE(*libm.a: *libc.a:*lib_a-mem*.o *libgcc.a:) .rodata*)
 .rodata.ov_msg_parse.str1.4
                0x100080d0      0xc35 CMakeFiles/PicOV.dir/src/main.c.obj
                                 0x21 (size before relaxing)
 *fill*         0x10008d05        0x3 
 .rodata.camera_cfg
                0x10008d08       0x30 CMakeFiles/PicOV.dir/src/main.c.obj
 .rodata.channel_config_set_chain_to.str1.4
                0x10008d38       0x76 CMakeFiles/PicOV.dir/src/ov2640.c.obj
 .rodata.channel_config_set_dreq.str1.4
                0x10008d38       0x13 CMakeFiles/PicOV.dir/src/ov2640.c.obj
 .rodata.__func__.1
                0x10008d38       0x18 CMakeFiles/PicOV.dir/src/ov2640.c.obj
 .rodata.__func__.3
                0x10008d50       0x1c CMakeFiles/PicOV.dir/src/ov2640.c.obj
 .rodata.ov2640_vga
                0x10008d6c      0x1da CMakeFiles/PicOV.dir/src/ov2640.c.obj
 *fill*         0x10008f46        0x2 
 .rodata.ov2640_uxga_cif
                0x10008f48       0x22 CMakeFiles/PicOV.dir/src/ov2640.c.obj
 *fill*         0x10008f6a        0x2 
 .rodata.image_program
                0x10008f6c        0x8 CMakeFiles/PicOV.dir/src/ov2640.c.obj
 .rodata.image_program_instructions
                0x10008f74        0x8 CMakeFiles/PicOV.dir/src/ov2640.c.obj
 .rodata.str1.4
                0x10008f7c       0x26 CMakeFiles/PicOV.dir/src/usb_descriptors.c.obj
 .rodata.string_desc_arr
                0x10008f7c       0x14 CMakeFiles/PicOV.dir/src/usb_descriptors.c.obj
 .rodata.__compound_literal.0
                0x10008f90        0x2 CMakeFiles/PicOV.dir/src/usb_descriptors.c.obj
 *fill*         0x10008f92        0x2 
 .rodata.desc_fs_cfg
                0x10008f94       0x4b CMakeFiles/PicOV.dir/src/usb_descriptors.c.obj
 *fill*         0x10008fdf        0x1 
 .rodata.usb_desc_device
                0x10008fe0       0x12 CMakeFiles/PicOV.dir/src/usb_descriptors.c.obj
 .rodata.multicore_lockout_start_block_until.str1.4
                0x10008ff2       0x65 CMakeFiles/PicOV.dir/C_/Users/ashfa/.pico-sdk/sdk/2.0.0/src/rp2_common/pico_multicore/multicore.c.obj
 .rodata.multicore_launch_core1_with_stack.str1.4
                0x10008ff2       0x19 CMakeFiles/PicOV.dir/C_/Users/ashfa/.pico-sdk/sdk/2.0.0/src/rp2_common/pico_multicore/multicore.c.obj
 *fill*         0x10008ff2        0x2 
 .rodata.__func__.2
                0x10008ff4       0x22 CMakeFiles/PicOV.dir/C_/Users/ashfa/.pico-sdk/sdk/2.0.0/src/rp2_common/pico_multicore/multicore.c.obj
 .rodata.runtime_init_mutex.str1.4
                0x10009016       0x60 CMakeFiles/PicOV.dir/C_/Users/ashfa/.pico-sdk/sdk/2.0.0/src/common/pico_sync/mutex.c.obj
 .rodata.str1.4
                0x10009016       0x51 CMakeFiles/PicOV.dir/C_/Users/ashfa/.pico-sdk/sdk/2.0.0/src/common/pico_sync/mutex.c.obj
 *fill*         0x10009016        0x2 
 .rodata.__func__.1
                0x10009018        0xb CMakeFiles/PicOV.dir/C_/Users/ashfa/.pico-sdk/sdk/2.0.0/src/common/pico_sync/mutex.c.obj
 *fill*         0x10009023        0x1 
 .rodata.__func__.3
                0x10009024       0x18 CMakeFiles/PicOV.dir/C_/Users/ashfa/.pico-sdk/sdk/2.0.0/src/common/pico_sync/mutex.c.obj
 .rodata.__func__.6
                0x1000903c       0x13 CMakeFiles/PicOV.dir/C_/Users/ashfa/.pico-sdk/sdk/2.0.0/src/common/pico_sync/mutex.c.obj
 .rodata.alarm_pool_irq_handler.str1.4
                0x1000904f       0x6b CMakeFiles/PicOV.dir/C_/Users/ashfa/.pico-sdk/sdk/2.0.0/src/common/pico_time/time.c.obj
 .rodata.alarm_pool_get_default.str1.4
                0x1000904f       0x21 CMakeFiles/PicOV.dir/C_/Users/ashfa/.pico-sdk/sdk/2.0.0/src/common/pico_time/time.c.obj
 .rodata.sleep_until.str1.4
                0x1000904f       0x4d CMakeFiles/PicOV.dir/C_/Users/ashfa/.pico-sdk/sdk/2.0.0/src/common/pico_time/time.c.obj
 *fill*         0x1000904f        0x1 
 .rodata.__func__.1
                0x10009050       0x17 CMakeFiles/PicOV.dir/C_/Users/ashfa/.pico-sdk/sdk/2.0.0/src/common/pico_time/time.c.obj
 *fill*         0x10009067        0x1 
 .rodata.__func__.2
                0x10009068       0x17 CMakeFiles/PicOV.dir/C_/Users/ashfa/.pico-sdk/sdk/2.0.0/src/common/pico_time/time.c.obj
 .rodata.timer_hardware_alarm_claim.str1.4
                0x1000907f       0x22 CMakeFiles/PicOV.dir/C_/Users/ashfa/.pico-sdk/sdk/2.0.0/src/rp2_common/hardware_timer/timer.c.obj
 .rodata.rp2040_chip_version.str1.4
                0x1000907f       0x7d CMakeFiles/PicOV.dir/C_/Users/ashfa/.pico-sdk/sdk/2.0.0/src/rp2040/pico_platform/platform.c.obj
 *fill*         0x1000907f        0x1 
 .rodata.__func__.0
                0x10009080       0x14 CMakeFiles/PicOV.dir/C_/Users/ashfa/.pico-sdk/sdk/2.0.0/src/rp2040/pico_platform/platform.c.obj
 .rodata.panic.str1.4
                0x10009094       0x12 CMakeFiles/PicOV.dir/C_/Users/ashfa/.pico-sdk/sdk/2.0.0/src/rp2_common/pico_platform_panic/panic.c.obj
 .rodata.spin_lock_claim_unused.str1.4
                0x10009094       0x1b CMakeFiles/PicOV.dir/C_/Users/ashfa/.pico-sdk/sdk/2.0.0/src/rp2_common/hardware_sync/sync.c.obj
 .rodata.resolve_j_16.str1.4
                0x10009094       0x5d CMakeFiles/PicOV.dir/C_/Users/ashfa/.pico-sdk/sdk/2.0.0/src/rp2_common/hardware_irq/irq.c.obj
 .rodata.make_j_16.str1.4
                0x10009094       0x30 CMakeFiles/PicOV.dir/C_/Users/ashfa/.pico-sdk/sdk/2.0.0/src/rp2_common/hardware_irq/irq.c.obj
 .rodata.insert_bl_32.str1.4
                0x10009094       0x10 CMakeFiles/PicOV.dir/C_/Users/ashfa/.pico-sdk/sdk/2.0.0/src/rp2_common/hardware_irq/irq.c.obj
 .rodata.irq_set_exclusive_handler.str1.4
                0x10009094       0x36 CMakeFiles/PicOV.dir/C_/Users/ashfa/.pico-sdk/sdk/2.0.0/src/rp2_common/hardware_irq/irq.c.obj
 .rodata.irq_add_shared_handler.str1.4
                0x10009094       0xd2 CMakeFiles/PicOV.dir/C_/Users/ashfa/.pico-sdk/sdk/2.0.0/src/rp2_common/hardware_irq/irq.c.obj
 .rodata.irq_remove_handler.str1.4
                0x10009094       0x3a CMakeFiles/PicOV.dir/C_/Users/ashfa/.pico-sdk/sdk/2.0.0/src/rp2_common/hardware_irq/irq.c.obj
 .rodata.irq_add_tail_to_free_list.str1.4
                0x10009094       0x3a CMakeFiles/PicOV.dir/C_/Users/ashfa/.pico-sdk/sdk/2.0.0/src/rp2_common/hardware_irq/irq.c.obj
 .rodata.__func__.0
                0x10009094       0x1a CMakeFiles/PicOV.dir/C_/Users/ashfa/.pico-sdk/sdk/2.0.0/src/rp2_common/hardware_irq/irq.c.obj
 *fill*         0x100090ae        0x2 
 .rodata.__func__.1
                0x100090b0        0xd CMakeFiles/PicOV.dir/C_/Users/ashfa/.pico-sdk/sdk/2.0.0/src/rp2_common/hardware_irq/irq.c.obj
 *fill*         0x100090bd        0x3 
 .rodata.__func__.2
                0x100090c0       0x13 CMakeFiles/PicOV.dir/C_/Users/ashfa/.pico-sdk/sdk/2.0.0/src/rp2_common/hardware_irq/irq.c.obj
 *fill*         0x100090d3        0x1 
 .rodata.__func__.3
                0x100090d4        0xa CMakeFiles/PicOV.dir/C_/Users/ashfa/.pico-sdk/sdk/2.0.0/src/rp2_common/hardware_irq/irq.c.obj
 *fill*         0x100090de        0x2 
 .rodata.__func__.4
                0x100090e0        0xd CMakeFiles/PicOV.dir/C_/Users/ashfa/.pico-sdk/sdk/2.0.0/src/rp2_common/hardware_irq/irq.c.obj
 *fill*         0x100090ed        0x3 
 .rodata.__func__.5
                0x100090f0       0x17 CMakeFiles/PicOV.dir/C_/Users/ashfa/.pico-sdk/sdk/2.0.0/src/rp2_common/hardware_irq/irq.c.obj
 *fill*         0x10009107        0x1 
 .rodata.__func__.6
                0x10009108       0x1a CMakeFiles/PicOV.dir/C_/Users/ashfa/.pico-sdk/sdk/2.0.0/src/rp2_common/hardware_irq/irq.c.obj
 .rodata.element_ptr.str1.4
                0x10009122       0x5c CMakeFiles/PicOV.dir/C_/Users/ashfa/.pico-sdk/sdk/2.0.0/src/common/pico_util/queue.c.obj
 *fill*         0x10009122        0x2 
 .rodata.__func__.0
                0x10009124        0xc CMakeFiles/PicOV.dir/C_/Users/ashfa/.pico-sdk/sdk/2.0.0/src/common/pico_util/queue.c.obj
 .rodata.pll_init.str1.4
                0x10009130      0x11c CMakeFiles/PicOV.dir/C_/Users/ashfa/.pico-sdk/sdk/2.0.0/src/rp2_common/hardware_pll/pll.c.obj
 .rodata.__func__.0
                0x10009130        0x9 CMakeFiles/PicOV.dir/C_/Users/ashfa/.pico-sdk/sdk/2.0.0/src/rp2_common/hardware_pll/pll.c.obj
 .rodata.__aeabi_double_init.str1.4
                0x10009139       0x9b CMakeFiles/PicOV.dir/C_/Users/ashfa/.pico-sdk/sdk/2.0.0/src/rp2_common/pico_double/double_init_rom_rp2040.c.obj
 *fill*         0x10009139        0x3 
 .rodata.__func__.0
                0x1000913c       0x14 CMakeFiles/PicOV.dir/C_/Users/ashfa/.pico-sdk/sdk/2.0.0/src/rp2_common/pico_double/double_init_rom_rp2040.c.obj
 .rodata.__aeabi_float_init.str1.4
                0x10009150       0x8d CMakeFiles/PicOV.dir/C_/Users/ashfa/.pico-sdk/sdk/2.0.0/src/rp2_common/pico_float/float_init_rom_rp2040.c.obj
 .rodata.__func__.0
                0x10009150       0x13 CMakeFiles/PicOV.dir/C_/Users/ashfa/.pico-sdk/sdk/2.0.0/src/rp2_common/pico_float/float_init_rom_rp2040.c.obj
 .rodata.check_alloc.str1.4
                0x10009163        0xe CMakeFiles/PicOV.dir/C_/Users/ashfa/.pico-sdk/sdk/2.0.0/src/rp2_common/pico_malloc/malloc.c.obj
 .rodata.str1.4
                0x10009163       0x2c CMakeFiles/PicOV.dir/C_/Users/ashfa/.pico-sdk/sdk/2.0.0/src/rp2_common/pico_standard_binary_info/standard_binary_info.c.obj
 *fill*         0x10009163        0x1 
 .rodata.__bi_84
                0x10009164        0xc CMakeFiles/PicOV.dir/C_/Users/ashfa/.pico-sdk/sdk/2.0.0/src/rp2_common/pico_standard_binary_info/standard_binary_info.c.obj
 .rodata.__bi_54
                0x10009170        0xc CMakeFiles/PicOV.dir/C_/Users/ashfa/.pico-sdk/sdk/2.0.0/src/rp2_common/pico_standard_binary_info/standard_binary_info.c.obj
 .rodata.__bi_48
                0x1000917c        0xc CMakeFiles/PicOV.dir/C_/Users/ashfa/.pico-sdk/sdk/2.0.0/src/rp2_common/pico_standard_binary_info/standard_binary_info.c.obj
 .rodata.__bi_42
                0x10009188        0xc CMakeFiles/PicOV.dir/C_/Users/ashfa/.pico-sdk/sdk/2.0.0/src/rp2_common/pico_standard_binary_info/standard_binary_info.c.obj
 .rodata.__bi_34
                0x10009194        0xc CMakeFiles/PicOV.dir/C_/Users/ashfa/.pico-sdk/sdk/2.0.0/src/rp2_common/pico_standard_binary_info/standard_binary_info.c.obj
 .rodata.__bi_26
                0x100091a0        0xc CMakeFiles/PicOV.dir/C_/Users/ashfa/.pico-sdk/sdk/2.0.0/src/rp2_common/pico_standard_binary_info/standard_binary_info.c.obj
 .rodata._ftoa.str1.4
                0x100091ac       0x15 CMakeFiles/PicOV.dir/C_/Users/ashfa/.pico-sdk/sdk/2.0.0/src/rp2_common/pico_printf/printf.c.obj
 .rodata._vsnprintf
                0x100091ac      0x19c CMakeFiles/PicOV.dir/C_/Users/ashfa/.pico-sdk/sdk/2.0.0/src/rp2_common/pico_printf/printf.c.obj
 .rodata.pow10.0
                0x10009348       0x50 CMakeFiles/PicOV.dir/C_/Users/ashfa/.pico-sdk/sdk/2.0.0/src/rp2_common/pico_printf/printf.c.obj
 .rodata.__assert_func.str1.4
                0x10009398       0x43 CMakeFiles/PicOV.dir/C_/Users/ashfa/.pico-sdk/sdk/2.0.0/src/rp2_common/pico_clib_interface/newlib_interface.c.obj
 .rodata.crlf_str.0
                0x10009398        0x2 CMakeFiles/PicOV.dir/C_/Users/ashfa/.pico-sdk/sdk/2.0.0/src/rp2_common/pico_stdio/stdio.c.obj
 .rodata.str1.4
                0x1000939a       0x2c CMakeFiles/PicOV.dir/C_/Users/ashfa/.pico-sdk/sdk/2.0.0/src/rp2_common/pico_stdio_uart/stdio_uart.c.obj
 *fill*         0x1000939a        0x2 
 .rodata.__bi_45.4
                0x1000939c        0xc CMakeFiles/PicOV.dir/C_/Users/ashfa/.pico-sdk/sdk/2.0.0/src/rp2_common/pico_stdio_uart/stdio_uart.c.obj
 .rodata.__bi_49.5
                0x100093a8        0x8 CMakeFiles/PicOV.dir/C_/Users/ashfa/.pico-sdk/sdk/2.0.0/src/rp2_common/pico_stdio_uart/stdio_uart.c.obj
 .rodata.__bi_50.6
                0x100093b0        0x8 CMakeFiles/PicOV.dir/C_/Users/ashfa/.pico-sdk/sdk/2.0.0/src/rp2_common/pico_stdio_uart/stdio_uart.c.obj
 .rodata.i2c_set_baudrate.str1.4
                0x100093b8       0x65 CMakeFiles/PicOV.dir/C_/Users/ashfa/.pico-sdk/sdk/2.0.0/src/rp2_common/hardware_i2c/i2c.c.obj
 .rodata.__func__.0
                0x100093b8       0x11 CMakeFiles/PicOV.dir/C_/Users/ashfa/.pico-sdk/sdk/2.0.0/src/rp2_common/hardware_i2c/i2c.c.obj
 .rodata._hw_endpoint_alloc.str1.4
                0x100093c9       0xbd CMakeFiles/PicOV.dir/C_/Users/ashfa/.pico-sdk/sdk/2.0.0/lib/tinyusb/src/portable/raspberrypi/rp2040/dcd_rp2040.c.obj
 .rodata.str1.4
                0x100093c9       0x14 CMakeFiles/PicOV.dir/C_/Users/ashfa/.pico-sdk/sdk/2.0.0/lib/tinyusb/src/portable/raspberrypi/rp2040/dcd_rp2040.c.obj
 .rodata.dcd_int_enable.str1.4
                0x100093c9        0xc CMakeFiles/PicOV.dir/C_/Users/ashfa/.pico-sdk/sdk/2.0.0/lib/tinyusb/src/portable/raspberrypi/rp2040/dcd_rp2040.c.obj
 *fill*         0x100093c9        0x3 
 .rodata.__func__.0
                0x100093cc        0xe CMakeFiles/PicOV.dir/C_/Users/ashfa/.pico-sdk/sdk/2.0.0/lib/tinyusb/src/portable/raspberrypi/rp2040/dcd_rp2040.c.obj
 *fill*         0x100093da        0x2 
 .rodata.__func__.1
                0x100093dc        0xe CMakeFiles/PicOV.dir/C_/Users/ashfa/.pico-sdk/sdk/2.0.0/lib/tinyusb/src/portable/raspberrypi/rp2040/dcd_rp2040.c.obj
 *fill*         0x100093ea        0x2 
 .rodata.__func__.3
                0x100093ec       0x10 CMakeFiles/PicOV.dir/C_/Users/ashfa/.pico-sdk/sdk/2.0.0/lib/tinyusb/src/portable/raspberrypi/rp2040/dcd_rp2040.c.obj
 .rodata.__func__.5
                0x100093fc        0xf CMakeFiles/PicOV.dir/C_/Users/ashfa/.pico-sdk/sdk/2.0.0/lib/tinyusb/src/portable/raspberrypi/rp2040/dcd_rp2040.c.obj
 *fill*         0x1000940b        0x1 
 .rodata.__func__.6
                0x1000940c       0x13 CMakeFiles/PicOV.dir/C_/Users/ashfa/.pico-sdk/sdk/2.0.0/lib/tinyusb/src/portable/raspberrypi/rp2040/dcd_rp2040.c.obj
 *fill*         0x1000941f        0x1 
 .rodata.__func__.7
                0x10009420        0x9 CMakeFiles/PicOV.dir/C_/Users/ashfa/.pico-sdk/sdk/2.0.0/lib/tinyusb/src/portable/raspberrypi/rp2040/dcd_rp2040.c.obj
 .rodata.str1.4
                0x10009429       0xe4 CMakeFiles/PicOV.dir/C_/Users/ashfa/.pico-sdk/sdk/2.0.0/lib/tinyusb/src/portable/raspberrypi/rp2040/rp2040_usb.c.obj
 .rodata.hw_endpoint_xfer_start.str1.4
                0x10009429       0x38 CMakeFiles/PicOV.dir/C_/Users/ashfa/.pico-sdk/sdk/2.0.0/lib/tinyusb/src/portable/raspberrypi/rp2040/rp2040_usb.c.obj
 *fill*         0x10009429        0x3 
 .rodata.__func__.0
                0x1000942c        0xf CMakeFiles/PicOV.dir/C_/Users/ashfa/.pico-sdk/sdk/2.0.0/lib/tinyusb/src/portable/raspberrypi/rp2040/rp2040_usb.c.obj
 .rodata.configuration_reset.str1.4
                0x1000943b       0x17 CMakeFiles/PicOV.dir/C_/Users/ashfa/.pico-sdk/sdk/2.0.0/lib/tinyusb/src/device/usbd.c.obj
 *fill*         0x1000943b        0x1 
 .rodata.process_get_descriptor
                0x1000943c       0x40 CMakeFiles/PicOV.dir/C_/Users/ashfa/.pico-sdk/sdk/2.0.0/lib/tinyusb/src/device/usbd.c.obj
 .rodata        0x1000947c       0x1c CMakeFiles/PicOV.dir/C_/Users/ashfa/.pico-sdk/sdk/2.0.0/lib/tinyusb/src/device/usbd.c.obj
 .rodata.process_control_request
                0x10009498       0x28 CMakeFiles/PicOV.dir/C_/Users/ashfa/.pico-sdk/sdk/2.0.0/lib/tinyusb/src/device/usbd.c.obj
 .rodata.tud_task_ext
                0x100094c0       0x24 CMakeFiles/PicOV.dir/C_/Users/ashfa/.pico-sdk/sdk/2.0.0/lib/tinyusb/src/device/usbd.c.obj
 .rodata.__func__.4
                0x100094e4        0xf CMakeFiles/PicOV.dir/C_/Users/ashfa/.pico-sdk/sdk/2.0.0/lib/tinyusb/src/device/usbd.c.obj
 *fill*         0x100094f3        0x1 
 .rodata.__func__.5
                0x100094f4        0xf CMakeFiles/PicOV.dir/C_/Users/ashfa/.pico-sdk/sdk/2.0.0/lib/tinyusb/src/device/usbd.c.obj
 *fill*         0x10009503        0x1 
 .rodata.__func__.6
                0x10009504       0x14 CMakeFiles/PicOV.dir/C_/Users/ashfa/.pico-sdk/sdk/2.0.0/lib/tinyusb/src/device/usbd.c.obj
 .rodata.__func__.7
                0x10009518        0xc CMakeFiles/PicOV.dir/C_/Users/ashfa/.pico-sdk/sdk/2.0.0/lib/tinyusb/src/device/usbd.c.obj
 .rodata.__func__.8
                0x10009524       0x17 CMakeFiles/PicOV.dir/C_/Users/ashfa/.pico-sdk/sdk/2.0.0/lib/tinyusb/src/device/usbd.c.obj
 *fill*         0x1000953b        0x1 
 .rodata.__func__.9
                0x1000953c       0x13 CMakeFiles/PicOV.dir/C_/Users/ashfa/.pico-sdk/sdk/2.0.0/lib/tinyusb/src/device/usbd.c.obj
 *fill*         0x1000954f        0x1 
 .rodata.__func__.10
                0x10009550       0x18 CMakeFiles/PicOV.dir/C_/Users/ashfa/.pico-sdk/sdk/2.0.0/lib/tinyusb/src/device/usbd.c.obj
 .rodata.__func__.11
                0x10009568       0x14 CMakeFiles/PicOV.dir/C_/Users/ashfa/.pico-sdk/sdk/2.0.0/lib/tinyusb/src/device/usbd.c.obj
 .rodata.__func__.12
                0x1000957c        0xd CMakeFiles/PicOV.dir/C_/Users/ashfa/.pico-sdk/sdk/2.0.0/lib/tinyusb/src/device/usbd.c.obj
 *fill*         0x10009589        0x3 
 .rodata.__func__.13